******************************************************************************
                  TI ARM Linker PC v20.2.7                     
******************************************************************************
>> Linked Wed Sep 11 13:49:28 2024

OUTPUT FILE NAME:   <lab2.out>
ENTRY POINT SYMBOL: "_c_int00_noargs"  address: 00003dc9


MEMORY CONFIGURATION

         name            origin    length      used     unused   attr    fill
----------------------  --------  ---------  --------  --------  ----  --------
  FLASH                 00000000   00040000  00004224  0003bddc  R  X
  SRAM                  20000000   00008000  00001295  00006d6b  RW X


SEGMENT ALLOCATION MAP

run origin  load origin   length   init length attrs members
----------  ----------- ---------- ----------- ----- -------
00000000    00000000    00004228   00004228    r-x
  00000000    00000000    0000026c   0000026c    r-- .intvecs
  0000026c    0000026c    00003de8   00003de8    r-x .text
  00004058    00004058    00000128   00000128    r-- .const
  00004180    00004180    000000a8   000000a8    r-- .cinit
20000000    20000000    00001299   00000000    rw-
  20000000    20000000    0000026c   00000000    rw- .vtable
  20000270    20000270    00000800   00000000    rw- .stack
  20000a70    20000a70    00000400   00000000    rw- .sysmem
  20000e70    20000e70    00000218   00000000    rw- .bss
  20001088    20001088    00000211   00000000    rw- .data


SECTION ALLOCATION MAP

 output                                  attributes/
section   page    origin      length       input sections
--------  ----  ----------  ----------   ----------------
.intvecs   0    00000000    0000026c     
                  00000000    0000026c     tm4c123gh6pm_startup_ccs.obj (.intvecs)

.text      0    0000026c    00003de8     
                  0000026c    00000c20     open_interface.obj (.text)
                  00000e8c    00000a4e     rtsv7M4_T_le_v4SPD16_eabi.lib : _printfi.c.obj (.text:__TI_printfi)
                  000018da    00000002                                   : _lock.c.obj (.text:_nop)
                  000018dc    00000270                                   : _printfi.c.obj (.text:_pconv_a)
                  00001b4c    00000248     Timer.obj (.text)
                  00001d94    00000238     movement.obj (.text)
                  00001fcc    000001d0     rtsv7M4_T_le_v4SPD16_eabi.lib : _printfi.c.obj (.text:_pconv_g)
                  0000219c    000001b6                                   : fd_add_t2.asm.obj (.text)
                  00002352    00000002                                   : div0.asm.obj (.text)
                  00002354    0000015c     libcybotUART.lib : uart.obj (.text)
                  000024b0    0000013c     rtsv7M4_T_le_v4SPD16_eabi.lib : _printfi.c.obj (.text:_pconv_e)
                  000025ec    00000136                                   : fd_div_t2.asm.obj (.text)
                  00002722    00000002     --HOLE-- [fill = 0]
                  00002724    00000124                                   : _printfi.c.obj (.text:fcvt)
                  00002848    00000114                                   : fputs.c.obj (.text:fputs)
                  0000295c    00000110                                   : s_scalbn.c.obj (.text:scalbn)
                  00002a6c    00000100                                   : memory.c.obj (.text:aligned_alloc)
                  00002b6c    000000fc                                   : fd_mul_t2.asm.obj (.text)
                  00002c68    000000e4                                   : memory.c.obj (.text:free)
                  00002d4c    000000dc                                   : setvbuf.c.obj (.text:setvbuf)
                  00002e28    000000bc     main.obj (.text)
                  00002ee4    000000b1     rtsv7M4_T_le_v4SPD16_eabi.lib : _printfi.c.obj (.text:_ltostr)
                  00002f95    00000001     --HOLE-- [fill = 0]
                  00002f96    0000009c                                   : memcpy_t2.asm.obj (.text)
                  00003032    00000096                                   : ull_div_t2.asm.obj (.text)
                  000030c8    0000008c                                   : fputc.c.obj (.text:fputc)
                  00003154    00000086                                   : fd_cmp_t2.asm.obj (.text:__aeabi_cdcmple)
                  000031da    00000086                                   : fd_cmp_t2.asm.obj (.text:__aeabi_cdrcmple)
                  00003260    0000007a                                   : memset_t2.asm.obj (.text)
                  000032da    00000002     --HOLE-- [fill = 0]
                  000032dc    00000074                                   : fclose.c.obj (.text:__TI_closefile)
                  00003350    00000070                                   : memory.c.obj (.text:split)
                  000033c0    0000006e                                   : _printfi.c.obj (.text:_mcpy)
                  0000342e    0000006e                                   : fd_tos_t2.asm.obj (.text)
                  0000349c    0000006c                                   : hostrename.c.obj (.text:HOSTrename)
                  00003508    00000068                                   : hostlseek.c.obj (.text:HOSTlseek)
                  00003570    00000068                                   : copy_decompress_lzss.c.obj (.text:decompress:lzss:__TI_decompress_lzss)
                  000035d8    00000068                                   : printf.c.obj (.text:printf)
                  00003640    00000064                                   : s_frexp.c.obj (.text:frexp)
                  000036a4    00000064                                   : fseek.c.obj (.text:fseek)
                  00003708    00000062                                   : _io_perm.c.obj (.text:__TI_wrt_ok)
                  0000376a    00000002     --HOLE-- [fill = 0]
                  0000376c    00000060                                   : hostopen.c.obj (.text:HOSTopen)
                  000037cc    0000005c                                   : close.c.obj (.text:close)
                  00003828    00000058                                   : hostread.c.obj (.text:HOSTread)
                  00003880    00000058                                   : hostwrite.c.obj (.text:HOSTwrite)
                  000038d8    00000056                                   : _printfi.c.obj (.text:_pconv_f)
                  0000392e    00000054                                   : _ltoa.c.obj (.text:__TI_ltoa)
                  00003982    00000052                                   : _printfi.c.obj (.text:_ecpy)
                  000039d4    0000004c                                   : fflush.c.obj (.text:__TI_doflush)
                  00003a20    0000004c                                   : atoi.c.obj (.text:atoi)
                  00003a6c    00000048                                   : exit.c.obj (.text:exit)
                  00003ab4    00000048                                   : fd_toi_t2.asm.obj (.text)
                  00003afc    00000044                                   : hostclose.c.obj (.text:HOSTclose)
                  00003b40    00000044                                   : hostunlink.c.obj (.text:HOSTunlink)
                  00003b84    00000044                                   : autoinit.c.obj (.text:__TI_auto_init_nobinit_nopinit:__TI_auto_init_nobinit_nopinit)
                  00003bc8    00000044                                   : getdevice.c.obj (.text:getdevice)
                  00003c0c    0000003e                                   : _printfi.c.obj (.text:_fcpy)
                  00003c4a    00000002     --HOLE-- [fill = 0]
                  00003c4c    00000038                                   : trgmsg.c.obj (.text:__TI_writemsg)
                  00003c84    00000038                                   : memory.c.obj (.text:calloc)
                  00003cbc    00000038                                   : fs_tod_t2.asm.obj (.text)
                  00003cf4    00000036                                   : strncpy.c.obj (.text:strncpy)
                  00003d2a    00000002     --HOLE-- [fill = 0]
                  00003d2c    00000034     driverlib.lib : interrupt.obj (.text:IntRegister)
                  00003d60    00000034     rtsv7M4_T_le_v4SPD16_eabi.lib : fopen.c.obj (.text:__TI_cleanup)
                  00003d94    00000034                                   : trgmsg.c.obj (.text:__TI_readmsg)
                  00003dc8    00000034                                   : boot_cortex_m.c.obj (.text:_c_int00_noargs:_c_int00_noargs)
                  00003dfc    00000030                                   : getdevice.c.obj (.text:finddevice)
                  00003e2c    0000002e                                   : i_tofd_t2.asm.obj (.text)
                  00003e5a    00000002     --HOLE-- [fill = 0]
                  00003e5c    0000002c                                   : unlink.c.obj (.text:unlink)
                  00003e88    00000028                                   : memory.c.obj (.text:free_list_insert)
                  00003eb0    00000028                                   : lseek.c.obj (.text:lseek)
                  00003ed8    00000028                                   : write.c.obj (.text:write)
                  00003f00    00000020                                   : memchr.c.obj (.text:memchr)
                  00003f20    0000001c                                   : memory.c.obj (.text:free_list_remove)
                  00003f3c    0000001c                                   : memccpy.c.obj (.text:memccpy)
                  00003f58    0000001a                                   : s_copysign.c.obj (.text:copysign)
                  00003f72    00000018     open_interface.obj (.text:oi_parseInt)
                  00003f8a    00000018     rtsv7M4_T_le_v4SPD16_eabi.lib : strcmp.c.obj (.text:strcmp)
                  00003fa2    00000016                                   : strchr.c.obj (.text:strchr)
                  00003fb8    00000014                                   : strcpy.c.obj (.text:strcpy)
                  00003fcc    00000014                                   : strlen.c.obj (.text:strlen)
                  00003fe0    00000012                                   : wcslen.c.obj (.text:wcslen)
                  00003ff2    00000010     driverlib.lib : interrupt.obj (.text:IntMasterEnable)
                  00004002    0000000e     rtsv7M4_T_le_v4SPD16_eabi.lib : copy_decompress_none.c.obj (.text:decompress:none:__TI_decompress_none)
                  00004010    0000000c     driverlib.lib : cpu.obj (.text:CPUcpsie)
                  0000401c    0000000c     rtsv7M4_T_le_v4SPD16_eabi.lib : copy_zero_init.c.obj (.text:decompress:ZI:__TI_zero_init)
                  00004028    0000000c     tm4c123gh6pm_startup_ccs.obj (.text)
                  00004034    00000008     rtsv7M4_T_le_v4SPD16_eabi.lib : errno.c.obj (.text:__aeabi_errno_addr)
                  0000403c    00000008                                   : memory.c.obj (.text:malloc)
                  00004044    00000004                                   : printf.c.obj (.text:_outc)
                  00004048    00000004                                   : printf.c.obj (.text:_outs)
                  0000404c    00000004                                   : pre_init.c.obj (.text:_system_pre_init)
                  00004050    00000004                                   : exit.c.obj (.text:abort:abort)

.const     0    00004058    00000128     
                  00004058    00000101     rtsv7M4_T_le_v4SPD16_eabi.lib : ctype.c.obj (.const:.string:_ctypes_)
                  00004159    0000000f     open_interface.obj (.const:.string:$P$T0$3)
                  00004168    00000009     main.obj (.const:.string:$P$T0$1)
                  00004171    00000007     --HOLE-- [fill = 0]
                  00004178    00000008     movement.obj (.const)

.cinit     0    00004180    000000a8     
                  00004180    00000073     (.cinit..data.load) [load image, compression = lzss]
                  000041f3    00000001     --HOLE-- [fill = 0]
                  000041f4    0000000c     (__TI_handler_table)
                  00004200    00000008     (.cinit..bss.load) [load image, compression = zero_init]
                  00004208    00000008     (.cinit..vtable.load) [load image, compression = zero_init]
                  00004210    00000018     (__TI_cinit_table)

.init_array 
*          0    00000000    00000000     UNINITIALIZED

.vtable    0    20000000    0000026c     UNINITIALIZED
                  20000000    0000026c     driverlib.lib : interrupt.obj (.vtable)

.stack     0    20000270    00000800     UNINITIALIZED
                  20000270    00000004     rtsv7M4_T_le_v4SPD16_eabi.lib : boot_cortex_m.c.obj (.stack)
                  20000274    000007fc     --HOLE--

.sysmem    0    20000a70    00000400     UNINITIALIZED
                  20000a70    00000010     rtsv7M4_T_le_v4SPD16_eabi.lib : memory.c.obj (.sysmem)
                  20000a80    000003f0     --HOLE--

.bss       0    20000e70    00000218     UNINITIALIZED
                  20000e70    00000120     rtsv7M4_T_le_v4SPD16_eabi.lib : trgmsg.c.obj (.bss:_CIOBUF_)
                  20000f90    000000a0     (.common:__TI_tmpnams)
                  20001030    00000034     (.common:isr_char_buffer)
                  20001064    00000018     open_interface.obj (.bss:firmware$2)
                  2000107c    00000008     (.common:parmbuf)
                  20001084    00000004     (.common:_timeout_ticks)

.data      0    20001088    00000211     UNINITIALIZED
                  20001088    000000f0     rtsv7M4_T_le_v4SPD16_eabi.lib : defs.c.obj (.data:_ftable)
                  20001178    00000078                                   : host_device.c.obj (.data:_device)
                  200011f0    00000050                                   : host_device.c.obj (.data:_stream)
                  20001240    00000020     open_interface.obj (.data)
                  20001260    00000010     rtsv7M4_T_le_v4SPD16_eabi.lib : defs.c.obj (.data)
                  20001270    0000000c                                   : exit.c.obj (.data:$O1$$)
                  2000127c    00000008                                   : _lock.c.obj (.data:$O1$$)
                  20001284    00000008                                   : memory.c.obj (.data:$O1$$)
                  2000128c    00000004     libcybotUART.lib : uart.obj (.data)
                  20001290    00000004     movement.obj (.data)
                  20001294    00000004     rtsv7M4_T_le_v4SPD16_eabi.lib : errno.c.obj (.data)
                  20001298    00000001     Timer.obj (.data)

__llvm_prf_cnts 
*          0    20000000    00000000     UNINITIALIZED

MODULE SUMMARY

       Module                         code    ro data   rw data
       ------                         ----    -------   -------
    .\
       open_interface.obj             3128    15        56     
       tm4c123gh6pm_startup_ccs.obj   12      620       0      
       Timer.obj                      584     0         5      
       movement.obj                   568     8         4      
       main.obj                       188     9         0      
    +--+------------------------------+-------+---------+---------+
       Total:                         4480    652       65     
                                                               
    ../libcybotUART.lib
       uart.obj                       348     0         56     
    +--+------------------------------+-------+---------+---------+
       Total:                         348     0         56     
                                                               
    C:/ti/TivaWare_C_Series-2.2.0.295/driverlib/ccs/Debug/driverlib.lib
       interrupt.obj                  68      0         620    
       cpu.obj                        12      0         0      
    +--+------------------------------+-------+---------+---------+
       Total:                         80      0         620    
                                                               
    C:\ti\ccs1271\ccs\tools\compiler\ti-cgt-arm_20.2.7.LTS\lib\rtsv7M4_T_le_v4SPD16_eabi.lib
       _printfi.c.obj                 4851    0         0      
       memory.c.obj                   728     0         8      
       fd_add_t2.asm.obj              438     0         0      
       defs.c.obj                     0       0         416    
       trgmsg.c.obj                   108     0         288    
       fd_div_t2.asm.obj              310     0         0      
       fputs.c.obj                    276     0         0      
       s_scalbn.c.obj                 272     0         0      
       fd_cmp_t2.asm.obj              268     0         0      
       ctype.c.obj                    0       257       0      
       fd_mul_t2.asm.obj              252     0         0      
       setvbuf.c.obj                  220     0         0      
       host_device.c.obj              0       0         200    
       memcpy_t2.asm.obj              156     0         0      
       ull_div_t2.asm.obj             150     0         0      
       fputc.c.obj                    140     0         0      
       memset_t2.asm.obj              122     0         0      
       fclose.c.obj                   116     0         0      
       getdevice.c.obj                116     0         0      
       printf.c.obj                   112     0         0      
       fd_tos_t2.asm.obj              110     0         0      
       hostrename.c.obj               108     0         0      
       copy_decompress_lzss.c.obj     104     0         0      
       hostlseek.c.obj                104     0         0      
       hostopen.c.obj                 96      0         8      
       fseek.c.obj                    100     0         0      
       s_frexp.c.obj                  100     0         0      
       _io_perm.c.obj                 98      0         0      
       close.c.obj                    92      0         0      
       exit.c.obj                     76      0         12     
       hostread.c.obj                 88      0         0      
       hostwrite.c.obj                88      0         0      
       _ltoa.c.obj                    84      0         0      
       atoi.c.obj                     76      0         0      
       fflush.c.obj                   76      0         0      
       fd_toi_t2.asm.obj              72      0         0      
       autoinit.c.obj                 68      0         0      
       hostclose.c.obj                68      0         0      
       hostunlink.c.obj               68      0         0      
       fs_tod_t2.asm.obj              56      0         0      
       strncpy.c.obj                  54      0         0      
       boot_cortex_m.c.obj            52      0         0      
       fopen.c.obj                    52      0         0      
       i_tofd_t2.asm.obj              46      0         0      
       unlink.c.obj                   44      0         0      
       lseek.c.obj                    40      0         0      
       write.c.obj                    40      0         0      
       memchr.c.obj                   32      0         0      
       memccpy.c.obj                  28      0         0      
       s_copysign.c.obj               26      0         0      
       strcmp.c.obj                   24      0         0      
       strchr.c.obj                   22      0         0      
       strcpy.c.obj                   20      0         0      
       strlen.c.obj                   20      0         0      
       wcslen.c.obj                   18      0         0      
       copy_decompress_none.c.obj     14      0         0      
       copy_zero_init.c.obj           12      0         0      
       errno.c.obj                    8       0         4      
       _lock.c.obj                    2       0         8      
       pre_init.c.obj                 4       0         0      
       div0.asm.obj                   2       0         0      
    +--+------------------------------+-------+---------+---------+
       Total:                         10927   257       944    
                                                               
       Heap:                          0       0         1024   
       Stack:                         0       0         2048   
       Linker Generated:              0       167       0      
    +--+------------------------------+-------+---------+---------+
       Grand Total:                   15835   1076      4757   


LINKER GENERATED COPY TABLES

__TI_cinit_table @ 00004210 records: 3, size/record: 8, table size: 24
	.data: load addr=00004180, load size=00000073 bytes, run addr=20001088, run size=00000211 bytes, compression=lzss
	.bss: load addr=00004200, load size=00000008 bytes, run addr=20000e70, run size=00000218 bytes, compression=zero_init
	.vtable: load addr=00004208, load size=00000008 bytes, run addr=20000000, run size=0000026c bytes, compression=zero_init


LINKER GENERATED HANDLER TABLE

__TI_handler_table @ 000041f4 records: 3, size/record: 4, table size: 12
	index: 0, handler: __TI_zero_init
	index: 1, handler: __TI_decompress_lzss
	index: 2, handler: __TI_decompress_none


GLOBAL SYMBOLS: SORTED ALPHABETICALLY BY Name 

address   name                           
-------   ----                           
00004051  C$$EXIT                        
00003c7b  C$$IO$$                        
00004011  CPUcpsie                       
00004178  ERROR                          
00000bc3  GPIOF_Handler                  
00003afd  HOSTclose                      
00003509  HOSTlseek                      
0000376d  HOSTopen                       
00003829  HOSTread                       
0000349d  HOSTrename                     
00003b41  HOSTunlink                     
00003881  HOSTwrite                      
00003ff3  IntMasterEnable                
00003d2d  IntRegister                    
00004029  ResetISR                       
20000e70  __CIOBUF_                      
20000a70  __STACK_END                    
00000800  __STACK_SIZE                   
20000470  __STACK_TOP                    
00000400  __SYSMEM_SIZE                  
00004210  __TI_CINIT_Base                
00004228  __TI_CINIT_Limit               
000041f4  __TI_Handler_Table_Base        
00004200  __TI_Handler_Table_Limit       
00003b85  __TI_auto_init_nobinit_nopinit 
00003d61  __TI_cleanup                   
20001270  __TI_cleanup_ptr               
000032dd  __TI_closefile                 
00003571  __TI_decompress_lzss           
00004003  __TI_decompress_none           
000039d5  __TI_doflush                   
20001274  __TI_dtors_ptr                 
20001278  __TI_enable_exit_profile_output
20001260  __TI_ft_end                    
0000392f  __TI_ltoa                      
ffffffff  __TI_pprof_out_hndl            
00000e8d  __TI_printfi                   
ffffffff  __TI_prof_data_size            
ffffffff  __TI_prof_data_start           
00003d95  __TI_readmsg                   
00000000  __TI_static_base__             
20000f90  __TI_tmpnams                   
00003c4d  __TI_writemsg                  
00003709  __TI_wrt_ok                    
0000401d  __TI_zero_init                 
00003155  __aeabi_cdcmpeq                
00003155  __aeabi_cdcmple                
000031db  __aeabi_cdrcmple               
0000342f  __aeabi_d2f                    
00003ab5  __aeabi_d2iz                   
000021a7  __aeabi_dadd                   
000025ed  __aeabi_ddiv                   
00002b6d  __aeabi_dmul                   
0000219d  __aeabi_dsub                   
00004035  __aeabi_errno_addr             
00003cbd  __aeabi_f2d                    
00003e2d  __aeabi_i2d                    
00002353  __aeabi_idiv0                  
00002353  __aeabi_ldiv0                  
00003261  __aeabi_memclr                 
00003261  __aeabi_memclr4                
00003261  __aeabi_memclr8                
00002f97  __aeabi_memcpy                 
00002f97  __aeabi_memcpy4                
00002f97  __aeabi_memcpy8                
00003263  __aeabi_memset                 
00003263  __aeabi_memset4                
00003263  __aeabi_memset8                
2000126c  __aeabi_stderr                 
20001264  __aeabi_stdin                  
20001268  __aeabi_stdout                 
00003033  __aeabi_uldivmod               
ffffffff  __binit__                      
ffffffff  __c_args__                     
UNDEFED   __mpu_init                     
20000270  __stack                        
20000000  __start___llvm_prf_cnts        
20000000  __stop___llvm_prf_cnts         
00003dc9  _c_int00_noargs                
00004058  _ctypes_                       
20001178  _device                        
20001088  _ftable                        
2000127c  _lock                          
000018db  _nop                           
20001298  _running                       
200011f0  _stream                        
20000a70  _sys_memory                    
UNDEFED   _system_post_cinit             
0000404d  _system_pre_init               
20001084  _timeout_ticks                 
20001280  _unlock                        
00004051  abort                          
00002a6d  aligned_alloc                  
00003a21  atoi                           
20001290  base                           
ffffffff  binit                          
00003c85  calloc                         
000037cd  close                          
00003f59  copysign                       
00003f59  copysignl                      
0000245d  cyBot_UART1_Handler            
00002443  cyBot_getByte                  
00002355  cyBot_sendByte                 
00002425  cyBot_uart_flush               
00002393  cyBot_uart_init                
0000237b  cyBot_uart_sendBuffer          
00002361  cyBot_uart_sendStr             
20001294  errno                          
00003a6d  exit                           
00003dfd  finddevice                     
000030c9  fputc                          
00002849  fputs                          
00002c69  free                           
00003641  frexp                          
00003641  frexpl                         
000036a5  fseek                          
20000000  g_pfnRAMVectors                
00000000  g_pfnVectors                   
00003bc9  getdevice                      
0000097f  go_charge                      
00001f2f  go_the_distance                
20001030  isr_char_buffer                
2000128c  isr_counter                    
0000295d  ldexp                          
0000295d  ldexpl                         
00003eb1  lseek                          
00002e29  main                           
0000403d  malloc                         
00002a6d  memalign                       
00003f3d  memccpy                        
00003f01  memchr                         
00002f97  memcpy                         
00003269  memset                         
20001240  motor_cal_factor_L             
20001244  motor_cal_factor_R             
00001def  move_backward                  
00001d9d  move_forward                   
0000026d  oi_alloc                       
00000aa9  oi_checkFirmware               
000002c7  oi_close                       
00000279  oi_free                        
00000ded  oi_getMotorCalibrationLeft     
00000e01  oi_getMotorCalibrationRight    
000002b1  oi_init                        
00000289  oi_init_noupdate               
00000915  oi_loadSong                    
00003f73  oi_parseInt                    
0000032b  oi_parsePacket                 
0000096b  oi_play_song                   
0000084b  oi_setLeds                     
00000db1  oi_setMotorCalibration         
0000088f  oi_setWheels                   
00000b51  oi_shutoff_init                
0000098d  oi_uartInit                    
00000a31  oi_uartReceive                 
00000a77  oi_uartSendBuff                
00000a15  oi_uartSendChar                
00000a59  oi_uartSendStr                 
000002d9  oi_update                      
2000107c  parmbuf                        
000035d9  printf                         
000030c9  putc                           
00003e5d  remove                         
00001d95  resetBase                      
0000295d  scalbn                         
0000295d  scalbnl                        
00002d4d  setvbuf                        
00003fa3  strchr                         
00003f8b  strcmp                         
00003fb9  strcpy                         
00003fcd  strlen                         
00003cf5  strncpy                        
00001c6b  timer_getMicros                
00001c13  timer_getMillis                
00001b4d  timer_init                     
00001bef  timer_pause                    
00001c01  timer_resume                   
00001bc5  timer_stop                     
00001cc5  timer_waitMicros               
00001cf7  timer_waitMillis               
00001e45  turn_clockwise                 
00001ebb  turn_counter_clockwise         
00003e5d  unlink                         
00003fe1  wcslen                         
00003ed9  write                          


GLOBAL SYMBOLS: SORTED BY Symbol Address 

address   name                           
-------   ----                           
00000000  __TI_static_base__             
00000000  g_pfnVectors                   
0000026d  oi_alloc                       
00000279  oi_free                        
00000289  oi_init_noupdate               
000002b1  oi_init                        
000002c7  oi_close                       
000002d9  oi_update                      
0000032b  oi_parsePacket                 
00000400  __SYSMEM_SIZE                  
00000800  __STACK_SIZE                   
0000084b  oi_setLeds                     
0000088f  oi_setWheels                   
00000915  oi_loadSong                    
0000096b  oi_play_song                   
0000097f  go_charge                      
0000098d  oi_uartInit                    
00000a15  oi_uartSendChar                
00000a31  oi_uartReceive                 
00000a59  oi_uartSendStr                 
00000a77  oi_uartSendBuff                
00000aa9  oi_checkFirmware               
00000b51  oi_shutoff_init                
00000bc3  GPIOF_Handler                  
00000db1  oi_setMotorCalibration         
00000ded  oi_getMotorCalibrationLeft     
00000e01  oi_getMotorCalibrationRight    
00000e8d  __TI_printfi                   
000018db  _nop                           
00001b4d  timer_init                     
00001bc5  timer_stop                     
00001bef  timer_pause                    
00001c01  timer_resume                   
00001c13  timer_getMillis                
00001c6b  timer_getMicros                
00001cc5  timer_waitMicros               
00001cf7  timer_waitMillis               
00001d95  resetBase                      
00001d9d  move_forward                   
00001def  move_backward                  
00001e45  turn_clockwise                 
00001ebb  turn_counter_clockwise         
00001f2f  go_the_distance                
0000219d  __aeabi_dsub                   
000021a7  __aeabi_dadd                   
00002353  __aeabi_idiv0                  
00002353  __aeabi_ldiv0                  
00002355  cyBot_sendByte                 
00002361  cyBot_uart_sendStr             
0000237b  cyBot_uart_sendBuffer          
00002393  cyBot_uart_init                
00002425  cyBot_uart_flush               
00002443  cyBot_getByte                  
0000245d  cyBot_UART1_Handler            
000025ed  __aeabi_ddiv                   
00002849  fputs                          
0000295d  ldexp                          
0000295d  ldexpl                         
0000295d  scalbn                         
0000295d  scalbnl                        
00002a6d  aligned_alloc                  
00002a6d  memalign                       
00002b6d  __aeabi_dmul                   
00002c69  free                           
00002d4d  setvbuf                        
00002e29  main                           
00002f97  __aeabi_memcpy                 
00002f97  __aeabi_memcpy4                
00002f97  __aeabi_memcpy8                
00002f97  memcpy                         
00003033  __aeabi_uldivmod               
000030c9  fputc                          
000030c9  putc                           
00003155  __aeabi_cdcmpeq                
00003155  __aeabi_cdcmple                
000031db  __aeabi_cdrcmple               
00003261  __aeabi_memclr                 
00003261  __aeabi_memclr4                
00003261  __aeabi_memclr8                
00003263  __aeabi_memset                 
00003263  __aeabi_memset4                
00003263  __aeabi_memset8                
00003269  memset                         
000032dd  __TI_closefile                 
0000342f  __aeabi_d2f                    
0000349d  HOSTrename                     
00003509  HOSTlseek                      
00003571  __TI_decompress_lzss           
000035d9  printf                         
00003641  frexp                          
00003641  frexpl                         
000036a5  fseek                          
00003709  __TI_wrt_ok                    
0000376d  HOSTopen                       
000037cd  close                          
00003829  HOSTread                       
00003881  HOSTwrite                      
0000392f  __TI_ltoa                      
000039d5  __TI_doflush                   
00003a21  atoi                           
00003a6d  exit                           
00003ab5  __aeabi_d2iz                   
00003afd  HOSTclose                      
00003b41  HOSTunlink                     
00003b85  __TI_auto_init_nobinit_nopinit 
00003bc9  getdevice                      
00003c4d  __TI_writemsg                  
00003c7b  C$$IO$$                        
00003c85  calloc                         
00003cbd  __aeabi_f2d                    
00003cf5  strncpy                        
00003d2d  IntRegister                    
00003d61  __TI_cleanup                   
00003d95  __TI_readmsg                   
00003dc9  _c_int00_noargs                
00003dfd  finddevice                     
00003e2d  __aeabi_i2d                    
00003e5d  remove                         
00003e5d  unlink                         
00003eb1  lseek                          
00003ed9  write                          
00003f01  memchr                         
00003f3d  memccpy                        
00003f59  copysign                       
00003f59  copysignl                      
00003f73  oi_parseInt                    
00003f8b  strcmp                         
00003fa3  strchr                         
00003fb9  strcpy                         
00003fcd  strlen                         
00003fe1  wcslen                         
00003ff3  IntMasterEnable                
00004003  __TI_decompress_none           
00004011  CPUcpsie                       
0000401d  __TI_zero_init                 
00004029  ResetISR                       
00004035  __aeabi_errno_addr             
0000403d  malloc                         
0000404d  _system_pre_init               
00004051  C$$EXIT                        
00004051  abort                          
00004058  _ctypes_                       
00004178  ERROR                          
000041f4  __TI_Handler_Table_Base        
00004200  __TI_Handler_Table_Limit       
00004210  __TI_CINIT_Base                
00004228  __TI_CINIT_Limit               
20000000  __start___llvm_prf_cnts        
20000000  __stop___llvm_prf_cnts         
20000000  g_pfnRAMVectors                
20000270  __stack                        
20000470  __STACK_TOP                    
20000a70  __STACK_END                    
20000a70  _sys_memory                    
20000e70  __CIOBUF_                      
20000f90  __TI_tmpnams                   
20001030  isr_char_buffer                
2000107c  parmbuf                        
20001084  _timeout_ticks                 
20001088  _ftable                        
20001178  _device                        
200011f0  _stream                        
20001240  motor_cal_factor_L             
20001244  motor_cal_factor_R             
20001260  __TI_ft_end                    
20001264  __aeabi_stdin                  
20001268  __aeabi_stdout                 
2000126c  __aeabi_stderr                 
20001270  __TI_cleanup_ptr               
20001274  __TI_dtors_ptr                 
20001278  __TI_enable_exit_profile_output
2000127c  _lock                          
20001280  _unlock                        
2000128c  isr_counter                    
20001290  base                           
20001294  errno                          
20001298  _running                       
ffffffff  __TI_pprof_out_hndl            
ffffffff  __TI_prof_data_size            
ffffffff  __TI_prof_data_start           
ffffffff  __binit__                      
ffffffff  __c_args__                     
ffffffff  binit                          
UNDEFED   __mpu_init                     
UNDEFED   _system_post_cinit             

[185 symbols]
