<?xml version="1.0" encoding="ISO-8859-1" ?>
<link_info>
   <banner>TI ARM Linker PC v20.2.7.LTS</banner>
   <copyright>Copyright (c) 1996-2018 Texas Instruments Incorporated</copyright>
   <link_time>0x66e1e638</link_time>
   <link_errors>0x0</link_errors>
   <output_file>lab2.out</output_file>
   <entry_point>
      <name>_c_int00_noargs</name>
      <address>0x3dc9</address>
   </entry_point>
   <input_file_list>
      <input_file id="fl-2">
         <path>.\</path>
         <kind>object</kind>
         <file>Timer.obj</file>
         <name>Timer.obj</name>
      </input_file>
      <input_file id="fl-3">
         <path>.\</path>
         <kind>object</kind>
         <file>lcd.obj</file>
         <name>lcd.obj</name>
      </input_file>
      <input_file id="fl-4">
         <path>.\</path>
         <kind>object</kind>
         <file>main.obj</file>
         <name>main.obj</name>
      </input_file>
      <input_file id="fl-5">
         <path>.\</path>
         <kind>object</kind>
         <file>movement.obj</file>
         <name>movement.obj</name>
      </input_file>
      <input_file id="fl-6">
         <path>.\</path>
         <kind>object</kind>
         <file>open_interface.obj</file>
         <name>open_interface.obj</name>
      </input_file>
      <input_file id="fl-7">
         <path>.\</path>
         <kind>object</kind>
         <file>tm4c123gh6pm_startup_ccs.obj</file>
         <name>tm4c123gh6pm_startup_ccs.obj</name>
      </input_file>
      <input_file id="fl-d">
         <kind>object</kind>
         <file>&lt;internal&gt;</file>
         <name>&lt;internal&gt;</name>
      </input_file>
      <input_file id="fl-e">
         <path>..\</path>
         <kind>archive</kind>
         <file>libcybotUART.lib</file>
         <name>uart.obj</name>
      </input_file>
      <input_file id="fl-c4">
         <path>C:\ti\ccs1271\ccs\tools\compiler\ti-cgt-arm_20.2.7.LTS\lib\</path>
         <kind>archive</kind>
         <file>rtsv7M4_T_le_v4SPD16_eabi.lib</file>
         <name>printf.c.obj</name>
      </input_file>
      <input_file id="fl-c5">
         <path>C:\ti\ccs1271\ccs\tools\compiler\ti-cgt-arm_20.2.7.LTS\lib\</path>
         <kind>archive</kind>
         <file>rtsv7M4_T_le_v4SPD16_eabi.lib</file>
         <name>_printfi.c.obj</name>
      </input_file>
      <input_file id="fl-c6">
         <path>C:\ti\ccs1271\ccs\tools\compiler\ti-cgt-arm_20.2.7.LTS\lib\</path>
         <kind>archive</kind>
         <file>rtsv7M4_T_le_v4SPD16_eabi.lib</file>
         <name>vsnprintf.c.obj</name>
      </input_file>
      <input_file id="fl-c7">
         <path>C:\ti\ccs1271\ccs\tools\compiler\ti-cgt-arm_20.2.7.LTS\lib\</path>
         <kind>archive</kind>
         <file>rtsv7M4_T_le_v4SPD16_eabi.lib</file>
         <name>fputc.c.obj</name>
      </input_file>
      <input_file id="fl-c8">
         <path>C:\ti\ccs1271\ccs\tools\compiler\ti-cgt-arm_20.2.7.LTS\lib\</path>
         <kind>archive</kind>
         <file>rtsv7M4_T_le_v4SPD16_eabi.lib</file>
         <name>fputs.c.obj</name>
      </input_file>
      <input_file id="fl-c9">
         <path>C:\ti\ccs1271\ccs\tools\compiler\ti-cgt-arm_20.2.7.LTS\lib\</path>
         <kind>archive</kind>
         <file>rtsv7M4_T_le_v4SPD16_eabi.lib</file>
         <name>_io_perm.c.obj</name>
      </input_file>
      <input_file id="fl-ca">
         <path>C:\ti\ccs1271\ccs\tools\compiler\ti-cgt-arm_20.2.7.LTS\lib\</path>
         <kind>archive</kind>
         <file>rtsv7M4_T_le_v4SPD16_eabi.lib</file>
         <name>setvbuf.c.obj</name>
      </input_file>
      <input_file id="fl-cb">
         <path>C:\ti\ccs1271\ccs\tools\compiler\ti-cgt-arm_20.2.7.LTS\lib\</path>
         <kind>archive</kind>
         <file>rtsv7M4_T_le_v4SPD16_eabi.lib</file>
         <name>fd_add_t2.asm.obj</name>
      </input_file>
      <input_file id="fl-cc">
         <path>C:\ti\ccs1271\ccs\tools\compiler\ti-cgt-arm_20.2.7.LTS\lib\</path>
         <kind>archive</kind>
         <file>rtsv7M4_T_le_v4SPD16_eabi.lib</file>
         <name>fd_cmp_t2.asm.obj</name>
      </input_file>
      <input_file id="fl-cd">
         <path>C:\ti\ccs1271\ccs\tools\compiler\ti-cgt-arm_20.2.7.LTS\lib\</path>
         <kind>archive</kind>
         <file>rtsv7M4_T_le_v4SPD16_eabi.lib</file>
         <name>fd_div_t2.asm.obj</name>
      </input_file>
      <input_file id="fl-ce">
         <path>C:\ti\ccs1271\ccs\tools\compiler\ti-cgt-arm_20.2.7.LTS\lib\</path>
         <kind>archive</kind>
         <file>rtsv7M4_T_le_v4SPD16_eabi.lib</file>
         <name>fd_mul_t2.asm.obj</name>
      </input_file>
      <input_file id="fl-cf">
         <path>C:\ti\ccs1271\ccs\tools\compiler\ti-cgt-arm_20.2.7.LTS\lib\</path>
         <kind>archive</kind>
         <file>rtsv7M4_T_le_v4SPD16_eabi.lib</file>
         <name>fd_toi_t2.asm.obj</name>
      </input_file>
      <input_file id="fl-d0">
         <path>C:\ti\ccs1271\ccs\tools\compiler\ti-cgt-arm_20.2.7.LTS\lib\</path>
         <kind>archive</kind>
         <file>rtsv7M4_T_le_v4SPD16_eabi.lib</file>
         <name>fd_tos_t2.asm.obj</name>
      </input_file>
      <input_file id="fl-d1">
         <path>C:\ti\ccs1271\ccs\tools\compiler\ti-cgt-arm_20.2.7.LTS\lib\</path>
         <kind>archive</kind>
         <file>rtsv7M4_T_le_v4SPD16_eabi.lib</file>
         <name>fs_tod_t2.asm.obj</name>
      </input_file>
      <input_file id="fl-d2">
         <path>C:\ti\ccs1271\ccs\tools\compiler\ti-cgt-arm_20.2.7.LTS\lib\</path>
         <kind>archive</kind>
         <file>rtsv7M4_T_le_v4SPD16_eabi.lib</file>
         <name>i_tofd_t2.asm.obj</name>
      </input_file>
      <input_file id="fl-d3">
         <path>C:\ti\ccs1271\ccs\tools\compiler\ti-cgt-arm_20.2.7.LTS\lib\</path>
         <kind>archive</kind>
         <file>rtsv7M4_T_le_v4SPD16_eabi.lib</file>
         <name>memcpy_t2.asm.obj</name>
      </input_file>
      <input_file id="fl-d4">
         <path>C:\ti\ccs1271\ccs\tools\compiler\ti-cgt-arm_20.2.7.LTS\lib\</path>
         <kind>archive</kind>
         <file>rtsv7M4_T_le_v4SPD16_eabi.lib</file>
         <name>memset_t2.asm.obj</name>
      </input_file>
      <input_file id="fl-d5">
         <path>C:\ti\ccs1271\ccs\tools\compiler\ti-cgt-arm_20.2.7.LTS\lib\</path>
         <kind>archive</kind>
         <file>rtsv7M4_T_le_v4SPD16_eabi.lib</file>
         <name>ull_div_t2.asm.obj</name>
      </input_file>
      <input_file id="fl-d6">
         <path>C:\ti\ccs1271\ccs\tools\compiler\ti-cgt-arm_20.2.7.LTS\lib\</path>
         <kind>archive</kind>
         <file>rtsv7M4_T_le_v4SPD16_eabi.lib</file>
         <name>copy_zero_init.c.obj</name>
      </input_file>
      <input_file id="fl-d7">
         <path>C:\ti\ccs1271\ccs\tools\compiler\ti-cgt-arm_20.2.7.LTS\lib\</path>
         <kind>archive</kind>
         <file>rtsv7M4_T_le_v4SPD16_eabi.lib</file>
         <name>copy_decompress_none.c.obj</name>
      </input_file>
      <input_file id="fl-d8">
         <path>C:\ti\ccs1271\ccs\tools\compiler\ti-cgt-arm_20.2.7.LTS\lib\</path>
         <kind>archive</kind>
         <file>rtsv7M4_T_le_v4SPD16_eabi.lib</file>
         <name>copy_decompress_lzss.c.obj</name>
      </input_file>
      <input_file id="fl-d9">
         <path>C:\ti\ccs1271\ccs\tools\compiler\ti-cgt-arm_20.2.7.LTS\lib\</path>
         <kind>archive</kind>
         <file>rtsv7M4_T_le_v4SPD16_eabi.lib</file>
         <name>exit.c.obj</name>
      </input_file>
      <input_file id="fl-da">
         <path>C:\ti\ccs1271\ccs\tools\compiler\ti-cgt-arm_20.2.7.LTS\lib\</path>
         <kind>archive</kind>
         <file>rtsv7M4_T_le_v4SPD16_eabi.lib</file>
         <name>_lock.c.obj</name>
      </input_file>
      <input_file id="fl-db">
         <path>C:\ti\ccs1271\ccs\tools\compiler\ti-cgt-arm_20.2.7.LTS\lib\</path>
         <kind>archive</kind>
         <file>rtsv7M4_T_le_v4SPD16_eabi.lib</file>
         <name>_ltoa.c.obj</name>
      </input_file>
      <input_file id="fl-dc">
         <path>C:\ti\ccs1271\ccs\tools\compiler\ti-cgt-arm_20.2.7.LTS\lib\</path>
         <kind>archive</kind>
         <file>rtsv7M4_T_le_v4SPD16_eabi.lib</file>
         <name>atoi.c.obj</name>
      </input_file>
      <input_file id="fl-dd">
         <path>C:\ti\ccs1271\ccs\tools\compiler\ti-cgt-arm_20.2.7.LTS\lib\</path>
         <kind>archive</kind>
         <file>rtsv7M4_T_le_v4SPD16_eabi.lib</file>
         <name>ctype.c.obj</name>
      </input_file>
      <input_file id="fl-de">
         <path>C:\ti\ccs1271\ccs\tools\compiler\ti-cgt-arm_20.2.7.LTS\lib\</path>
         <kind>archive</kind>
         <file>rtsv7M4_T_le_v4SPD16_eabi.lib</file>
         <name>defs.c.obj</name>
      </input_file>
      <input_file id="fl-df">
         <path>C:\ti\ccs1271\ccs\tools\compiler\ti-cgt-arm_20.2.7.LTS\lib\</path>
         <kind>archive</kind>
         <file>rtsv7M4_T_le_v4SPD16_eabi.lib</file>
         <name>memccpy.c.obj</name>
      </input_file>
      <input_file id="fl-e0">
         <path>C:\ti\ccs1271\ccs\tools\compiler\ti-cgt-arm_20.2.7.LTS\lib\</path>
         <kind>archive</kind>
         <file>rtsv7M4_T_le_v4SPD16_eabi.lib</file>
         <name>memchr.c.obj</name>
      </input_file>
      <input_file id="fl-e1">
         <path>C:\ti\ccs1271\ccs\tools\compiler\ti-cgt-arm_20.2.7.LTS\lib\</path>
         <kind>archive</kind>
         <file>rtsv7M4_T_le_v4SPD16_eabi.lib</file>
         <name>memory.c.obj</name>
      </input_file>
      <input_file id="fl-e2">
         <path>C:\ti\ccs1271\ccs\tools\compiler\ti-cgt-arm_20.2.7.LTS\lib\</path>
         <kind>archive</kind>
         <file>rtsv7M4_T_le_v4SPD16_eabi.lib</file>
         <name>strchr.c.obj</name>
      </input_file>
      <input_file id="fl-e3">
         <path>C:\ti\ccs1271\ccs\tools\compiler\ti-cgt-arm_20.2.7.LTS\lib\</path>
         <kind>archive</kind>
         <file>rtsv7M4_T_le_v4SPD16_eabi.lib</file>
         <name>strcmp.c.obj</name>
      </input_file>
      <input_file id="fl-e4">
         <path>C:\ti\ccs1271\ccs\tools\compiler\ti-cgt-arm_20.2.7.LTS\lib\</path>
         <kind>archive</kind>
         <file>rtsv7M4_T_le_v4SPD16_eabi.lib</file>
         <name>strcpy.c.obj</name>
      </input_file>
      <input_file id="fl-e5">
         <path>C:\ti\ccs1271\ccs\tools\compiler\ti-cgt-arm_20.2.7.LTS\lib\</path>
         <kind>archive</kind>
         <file>rtsv7M4_T_le_v4SPD16_eabi.lib</file>
         <name>strlen.c.obj</name>
      </input_file>
      <input_file id="fl-e6">
         <path>C:\ti\ccs1271\ccs\tools\compiler\ti-cgt-arm_20.2.7.LTS\lib\</path>
         <kind>archive</kind>
         <file>rtsv7M4_T_le_v4SPD16_eabi.lib</file>
         <name>boot_cortex_m.c.obj</name>
      </input_file>
      <input_file id="fl-e7">
         <path>C:\ti\ccs1271\ccs\tools\compiler\ti-cgt-arm_20.2.7.LTS\lib\</path>
         <kind>archive</kind>
         <file>rtsv7M4_T_le_v4SPD16_eabi.lib</file>
         <name>write.c.obj</name>
      </input_file>
      <input_file id="fl-e8">
         <path>C:\ti\ccs1271\ccs\tools\compiler\ti-cgt-arm_20.2.7.LTS\lib\</path>
         <kind>archive</kind>
         <file>rtsv7M4_T_le_v4SPD16_eabi.lib</file>
         <name>host_device.c.obj</name>
      </input_file>
      <input_file id="fl-e9">
         <path>C:\ti\ccs1271\ccs\tools\compiler\ti-cgt-arm_20.2.7.LTS\lib\</path>
         <kind>archive</kind>
         <file>rtsv7M4_T_le_v4SPD16_eabi.lib</file>
         <name>errno.c.obj</name>
      </input_file>
      <input_file id="fl-ea">
         <path>C:\ti\ccs1271\ccs\tools\compiler\ti-cgt-arm_20.2.7.LTS\lib\</path>
         <kind>archive</kind>
         <file>rtsv7M4_T_le_v4SPD16_eabi.lib</file>
         <name>wcslen.c.obj</name>
      </input_file>
      <input_file id="fl-eb">
         <path>C:\ti\ccs1271\ccs\tools\compiler\ti-cgt-arm_20.2.7.LTS\lib\</path>
         <kind>archive</kind>
         <file>rtsv7M4_T_le_v4SPD16_eabi.lib</file>
         <name>s_frexp.c.obj</name>
      </input_file>
      <input_file id="fl-ec">
         <path>C:\ti\ccs1271\ccs\tools\compiler\ti-cgt-arm_20.2.7.LTS\lib\</path>
         <kind>archive</kind>
         <file>rtsv7M4_T_le_v4SPD16_eabi.lib</file>
         <name>s_scalbn.c.obj</name>
      </input_file>
      <input_file id="fl-ed">
         <path>C:\ti\ccs1271\ccs\tools\compiler\ti-cgt-arm_20.2.7.LTS\lib\</path>
         <kind>archive</kind>
         <file>rtsv7M4_T_le_v4SPD16_eabi.lib</file>
         <name>fflush.c.obj</name>
      </input_file>
      <input_file id="fl-ee">
         <path>C:\ti\ccs1271\ccs\tools\compiler\ti-cgt-arm_20.2.7.LTS\lib\</path>
         <kind>archive</kind>
         <file>rtsv7M4_T_le_v4SPD16_eabi.lib</file>
         <name>fopen.c.obj</name>
      </input_file>
      <input_file id="fl-ef">
         <path>C:\ti\ccs1271\ccs\tools\compiler\ti-cgt-arm_20.2.7.LTS\lib\</path>
         <kind>archive</kind>
         <file>rtsv7M4_T_le_v4SPD16_eabi.lib</file>
         <name>fseek.c.obj</name>
      </input_file>
      <input_file id="fl-f0">
         <path>C:\ti\ccs1271\ccs\tools\compiler\ti-cgt-arm_20.2.7.LTS\lib\</path>
         <kind>archive</kind>
         <file>rtsv7M4_T_le_v4SPD16_eabi.lib</file>
         <name>div0.asm.obj</name>
      </input_file>
      <input_file id="fl-f1">
         <path>C:\ti\ccs1271\ccs\tools\compiler\ti-cgt-arm_20.2.7.LTS\lib\</path>
         <kind>archive</kind>
         <file>rtsv7M4_T_le_v4SPD16_eabi.lib</file>
         <name>autoinit.c.obj</name>
      </input_file>
      <input_file id="fl-f2">
         <path>C:\ti\ccs1271\ccs\tools\compiler\ti-cgt-arm_20.2.7.LTS\lib\</path>
         <kind>archive</kind>
         <file>rtsv7M4_T_le_v4SPD16_eabi.lib</file>
         <name>pre_init.c.obj</name>
      </input_file>
      <input_file id="fl-f3">
         <path>C:\ti\ccs1271\ccs\tools\compiler\ti-cgt-arm_20.2.7.LTS\lib\</path>
         <kind>archive</kind>
         <file>rtsv7M4_T_le_v4SPD16_eabi.lib</file>
         <name>cpy_tbl.c.obj</name>
      </input_file>
      <input_file id="fl-f4">
         <path>C:\ti\ccs1271\ccs\tools\compiler\ti-cgt-arm_20.2.7.LTS\lib\</path>
         <kind>archive</kind>
         <file>rtsv7M4_T_le_v4SPD16_eabi.lib</file>
         <name>args_main.c.obj</name>
      </input_file>
      <input_file id="fl-f5">
         <path>C:\ti\ccs1271\ccs\tools\compiler\ti-cgt-arm_20.2.7.LTS\lib\</path>
         <kind>archive</kind>
         <file>rtsv7M4_T_le_v4SPD16_eabi.lib</file>
         <name>hostclose.c.obj</name>
      </input_file>
      <input_file id="fl-f6">
         <path>C:\ti\ccs1271\ccs\tools\compiler\ti-cgt-arm_20.2.7.LTS\lib\</path>
         <kind>archive</kind>
         <file>rtsv7M4_T_le_v4SPD16_eabi.lib</file>
         <name>hostlseek.c.obj</name>
      </input_file>
      <input_file id="fl-f7">
         <path>C:\ti\ccs1271\ccs\tools\compiler\ti-cgt-arm_20.2.7.LTS\lib\</path>
         <kind>archive</kind>
         <file>rtsv7M4_T_le_v4SPD16_eabi.lib</file>
         <name>hostopen.c.obj</name>
      </input_file>
      <input_file id="fl-f8">
         <path>C:\ti\ccs1271\ccs\tools\compiler\ti-cgt-arm_20.2.7.LTS\lib\</path>
         <kind>archive</kind>
         <file>rtsv7M4_T_le_v4SPD16_eabi.lib</file>
         <name>hostread.c.obj</name>
      </input_file>
      <input_file id="fl-f9">
         <path>C:\ti\ccs1271\ccs\tools\compiler\ti-cgt-arm_20.2.7.LTS\lib\</path>
         <kind>archive</kind>
         <file>rtsv7M4_T_le_v4SPD16_eabi.lib</file>
         <name>hostrename.c.obj</name>
      </input_file>
      <input_file id="fl-fa">
         <path>C:\ti\ccs1271\ccs\tools\compiler\ti-cgt-arm_20.2.7.LTS\lib\</path>
         <kind>archive</kind>
         <file>rtsv7M4_T_le_v4SPD16_eabi.lib</file>
         <name>hostunlink.c.obj</name>
      </input_file>
      <input_file id="fl-fb">
         <path>C:\ti\ccs1271\ccs\tools\compiler\ti-cgt-arm_20.2.7.LTS\lib\</path>
         <kind>archive</kind>
         <file>rtsv7M4_T_le_v4SPD16_eabi.lib</file>
         <name>hostwrite.c.obj</name>
      </input_file>
      <input_file id="fl-fc">
         <path>C:\ti\ccs1271\ccs\tools\compiler\ti-cgt-arm_20.2.7.LTS\lib\</path>
         <kind>archive</kind>
         <file>rtsv7M4_T_le_v4SPD16_eabi.lib</file>
         <name>trgmsg.c.obj</name>
      </input_file>
      <input_file id="fl-fd">
         <path>C:\ti\ccs1271\ccs\tools\compiler\ti-cgt-arm_20.2.7.LTS\lib\</path>
         <kind>archive</kind>
         <file>rtsv7M4_T_le_v4SPD16_eabi.lib</file>
         <name>open.c.obj</name>
      </input_file>
      <input_file id="fl-fe">
         <path>C:\ti\ccs1271\ccs\tools\compiler\ti-cgt-arm_20.2.7.LTS\lib\</path>
         <kind>archive</kind>
         <file>rtsv7M4_T_le_v4SPD16_eabi.lib</file>
         <name>lseek.c.obj</name>
      </input_file>
      <input_file id="fl-ff">
         <path>C:\ti\ccs1271\ccs\tools\compiler\ti-cgt-arm_20.2.7.LTS\lib\</path>
         <kind>archive</kind>
         <file>rtsv7M4_T_le_v4SPD16_eabi.lib</file>
         <name>s_copysign.c.obj</name>
      </input_file>
      <input_file id="fl-100">
         <path>C:\ti\ccs1271\ccs\tools\compiler\ti-cgt-arm_20.2.7.LTS\lib\</path>
         <kind>archive</kind>
         <file>rtsv7M4_T_le_v4SPD16_eabi.lib</file>
         <name>fclose.c.obj</name>
      </input_file>
      <input_file id="fl-101">
         <path>C:\ti\ccs1271\ccs\tools\compiler\ti-cgt-arm_20.2.7.LTS\lib\</path>
         <kind>archive</kind>
         <file>rtsv7M4_T_le_v4SPD16_eabi.lib</file>
         <name>getdevice.c.obj</name>
      </input_file>
      <input_file id="fl-102">
         <path>C:\ti\ccs1271\ccs\tools\compiler\ti-cgt-arm_20.2.7.LTS\lib\</path>
         <kind>archive</kind>
         <file>rtsv7M4_T_le_v4SPD16_eabi.lib</file>
         <name>strncpy.c.obj</name>
      </input_file>
      <input_file id="fl-103">
         <path>C:\ti\ccs1271\ccs\tools\compiler\ti-cgt-arm_20.2.7.LTS\lib\</path>
         <kind>archive</kind>
         <file>rtsv7M4_T_le_v4SPD16_eabi.lib</file>
         <name>remove.c.obj</name>
      </input_file>
      <input_file id="fl-104">
         <path>C:\ti\ccs1271\ccs\tools\compiler\ti-cgt-arm_20.2.7.LTS\lib\</path>
         <kind>archive</kind>
         <file>rtsv7M4_T_le_v4SPD16_eabi.lib</file>
         <name>close.c.obj</name>
      </input_file>
      <input_file id="fl-105">
         <path>C:\ti\ccs1271\ccs\tools\compiler\ti-cgt-arm_20.2.7.LTS\lib\</path>
         <kind>archive</kind>
         <file>rtsv7M4_T_le_v4SPD16_eabi.lib</file>
         <name>unlink.c.obj</name>
      </input_file>
      <input_file id="fl-106">
         <path>C:\ti\TivaWare_C_Series-2.2.0.295\driverlib\ccs\Debug\</path>
         <kind>archive</kind>
         <file>driverlib.lib</file>
         <name>interrupt.obj</name>
      </input_file>
      <input_file id="fl-107">
         <path>C:\ti\TivaWare_C_Series-2.2.0.295\driverlib\ccs\Debug\</path>
         <kind>archive</kind>
         <file>driverlib.lib</file>
         <name>cpu.obj</name>
      </input_file>
   </input_file_list>
   <object_component_list>
      <object_component id="oc-12">
         <name>.intvecs</name>
         <load_address>0x0</load_address>
         <run_address>0x0</run_address>
         <size>0x26c</size>
         <input_file_ref idref="fl-7"/>
      </object_component>
      <object_component id="oc-d7">
         <name>.text</name>
         <load_address>0x26c</load_address>
         <run_address>0x26c</run_address>
         <size>0xc20</size>
         <input_file_ref idref="fl-6"/>
      </object_component>
      <object_component id="oc-22f">
         <name>.text:__TI_printfi</name>
         <load_address>0xe8c</load_address>
         <run_address>0xe8c</run_address>
         <size>0xa4e</size>
         <input_file_ref idref="fl-c5"/>
      </object_component>
      <object_component id="oc-254">
         <name>.text:_nop</name>
         <load_address>0x18da</load_address>
         <run_address>0x18da</run_address>
         <size>0x2</size>
         <input_file_ref idref="fl-da"/>
      </object_component>
      <object_component id="oc-2b5">
         <name>.text:_pconv_a</name>
         <load_address>0x18dc</load_address>
         <run_address>0x18dc</run_address>
         <size>0x270</size>
         <input_file_ref idref="fl-c5"/>
      </object_component>
      <object_component id="oc-140">
         <name>.text</name>
         <load_address>0x1b4c</load_address>
         <run_address>0x1b4c</run_address>
         <size>0x248</size>
         <input_file_ref idref="fl-2"/>
      </object_component>
      <object_component id="oc-e9">
         <name>.text</name>
         <load_address>0x1d94</load_address>
         <run_address>0x1d94</run_address>
         <size>0x238</size>
         <input_file_ref idref="fl-5"/>
      </object_component>
      <object_component id="oc-2a3">
         <name>.text:_pconv_g</name>
         <load_address>0x1fcc</load_address>
         <run_address>0x1fcc</run_address>
         <size>0x1d0</size>
         <input_file_ref idref="fl-c5"/>
      </object_component>
      <object_component id="oc-171">
         <name>.text</name>
         <load_address>0x219c</load_address>
         <run_address>0x219c</run_address>
         <size>0x1b6</size>
         <input_file_ref idref="fl-cb"/>
      </object_component>
      <object_component id="oc-38e">
         <name>.text</name>
         <load_address>0x2352</load_address>
         <run_address>0x2352</run_address>
         <size>0x2</size>
         <input_file_ref idref="fl-f0"/>
      </object_component>
      <object_component id="oc-dd">
         <name>.text</name>
         <load_address>0x2354</load_address>
         <run_address>0x2354</run_address>
         <size>0x15c</size>
         <input_file_ref idref="fl-e"/>
      </object_component>
      <object_component id="oc-2af">
         <name>.text:_pconv_e</name>
         <load_address>0x24b0</load_address>
         <run_address>0x24b0</run_address>
         <size>0x13c</size>
         <input_file_ref idref="fl-c5"/>
      </object_component>
      <object_component id="oc-167">
         <name>.text</name>
         <load_address>0x25ec</load_address>
         <run_address>0x25ec</run_address>
         <size>0x136</size>
         <input_file_ref idref="fl-cd"/>
      </object_component>
      <object_component id="oc-32a">
         <name>.text:fcvt</name>
         <load_address>0x2724</load_address>
         <run_address>0x2724</run_address>
         <size>0x124</size>
         <input_file_ref idref="fl-c5"/>
      </object_component>
      <object_component id="oc-2dd">
         <name>.text:fputs</name>
         <load_address>0x2848</load_address>
         <run_address>0x2848</run_address>
         <size>0x114</size>
         <input_file_ref idref="fl-c8"/>
      </object_component>
      <object_component id="oc-33e">
         <name>.text:scalbn</name>
         <load_address>0x295c</load_address>
         <run_address>0x295c</run_address>
         <size>0x110</size>
         <input_file_ref idref="fl-ec"/>
      </object_component>
      <object_component id="oc-273">
         <name>.text:aligned_alloc</name>
         <load_address>0x2a6c</load_address>
         <run_address>0x2a6c</run_address>
         <size>0x100</size>
         <input_file_ref idref="fl-e1"/>
      </object_component>
      <object_component id="oc-162">
         <name>.text</name>
         <load_address>0x2b6c</load_address>
         <run_address>0x2b6c</run_address>
         <size>0xfc</size>
         <input_file_ref idref="fl-ce"/>
      </object_component>
      <object_component id="oc-13a">
         <name>.text:free</name>
         <load_address>0x2c68</load_address>
         <run_address>0x2c68</run_address>
         <size>0xe4</size>
         <input_file_ref idref="fl-e1"/>
      </object_component>
      <object_component id="oc-3c3">
         <name>.text:setvbuf</name>
         <load_address>0x2d4c</load_address>
         <run_address>0x2d4c</run_address>
         <size>0xdc</size>
         <input_file_ref idref="fl-ca"/>
      </object_component>
      <object_component id="oc-a2">
         <name>.text</name>
         <load_address>0x2e28</load_address>
         <run_address>0x2e28</run_address>
         <size>0xbc</size>
         <input_file_ref idref="fl-4"/>
      </object_component>
      <object_component id="oc-29d">
         <name>.text:_ltostr</name>
         <load_address>0x2ee4</load_address>
         <run_address>0x2ee4</run_address>
         <size>0xb1</size>
         <input_file_ref idref="fl-c5"/>
      </object_component>
      <object_component id="oc-3e">
         <name>.text</name>
         <load_address>0x2f96</load_address>
         <run_address>0x2f96</run_address>
         <size>0x9c</size>
         <input_file_ref idref="fl-d3"/>
      </object_component>
      <object_component id="oc-311">
         <name>.text</name>
         <load_address>0x3032</load_address>
         <run_address>0x3032</run_address>
         <size>0x96</size>
         <input_file_ref idref="fl-d5"/>
      </object_component>
      <object_component id="oc-2e4">
         <name>.text:fputc</name>
         <load_address>0x30c8</load_address>
         <run_address>0x30c8</run_address>
         <size>0x8c</size>
         <input_file_ref idref="fl-c7"/>
      </object_component>
      <object_component id="oc-19e">
         <name>.text:__aeabi_cdcmple</name>
         <load_address>0x3154</load_address>
         <run_address>0x3154</run_address>
         <size>0x86</size>
         <input_file_ref idref="fl-cc"/>
      </object_component>
      <object_component id="oc-199">
         <name>.text:__aeabi_cdrcmple</name>
         <load_address>0x31da</load_address>
         <run_address>0x31da</run_address>
         <size>0x86</size>
         <input_file_ref idref="fl-cc"/>
      </object_component>
      <object_component id="oc-96">
         <name>.text</name>
         <load_address>0x3260</load_address>
         <run_address>0x3260</run_address>
         <size>0x7a</size>
         <input_file_ref idref="fl-d4"/>
      </object_component>
      <object_component id="oc-41a">
         <name>.text:__TI_closefile</name>
         <load_address>0x32dc</load_address>
         <run_address>0x32dc</run_address>
         <size>0x74</size>
         <input_file_ref idref="fl-100"/>
      </object_component>
      <object_component id="oc-303">
         <name>.text:split</name>
         <load_address>0x3350</load_address>
         <run_address>0x3350</run_address>
         <size>0x70</size>
         <input_file_ref idref="fl-e1"/>
      </object_component>
      <object_component id="oc-323">
         <name>.text:_mcpy</name>
         <load_address>0x33c0</load_address>
         <run_address>0x33c0</run_address>
         <size>0x6e</size>
         <input_file_ref idref="fl-c5"/>
      </object_component>
      <object_component id="oc-179">
         <name>.text</name>
         <load_address>0x342e</load_address>
         <run_address>0x342e</run_address>
         <size>0x6e</size>
         <input_file_ref idref="fl-d0"/>
      </object_component>
      <object_component id="oc-44a">
         <name>.text:HOSTrename</name>
         <load_address>0x349c</load_address>
         <run_address>0x349c</run_address>
         <size>0x6c</size>
         <input_file_ref idref="fl-f9"/>
      </object_component>
      <object_component id="oc-43e">
         <name>.text:HOSTlseek</name>
         <load_address>0x3508</load_address>
         <run_address>0x3508</run_address>
         <size>0x68</size>
         <input_file_ref idref="fl-f6"/>
      </object_component>
      <object_component id="oc-15">
         <name>.text:decompress:lzss:__TI_decompress_lzss</name>
         <load_address>0x3570</load_address>
         <run_address>0x3570</run_address>
         <size>0x68</size>
         <input_file_ref idref="fl-d8"/>
      </object_component>
      <object_component id="oc-1a3">
         <name>.text:printf</name>
         <load_address>0x35d8</load_address>
         <run_address>0x35d8</run_address>
         <size>0x68</size>
         <input_file_ref idref="fl-c4"/>
      </object_component>
      <object_component id="oc-338">
         <name>.text:frexp</name>
         <load_address>0x3640</load_address>
         <run_address>0x3640</run_address>
         <size>0x64</size>
         <input_file_ref idref="fl-eb"/>
      </object_component>
      <object_component id="oc-3bd">
         <name>.text:fseek</name>
         <load_address>0x36a4</load_address>
         <run_address>0x36a4</run_address>
         <size>0x64</size>
         <input_file_ref idref="fl-ef"/>
      </object_component>
      <object_component id="oc-36c">
         <name>.text:__TI_wrt_ok</name>
         <load_address>0x3708</load_address>
         <run_address>0x3708</run_address>
         <size>0x62</size>
         <input_file_ref idref="fl-c9"/>
      </object_component>
      <object_component id="oc-426">
         <name>.text:HOSTopen</name>
         <load_address>0x376c</load_address>
         <run_address>0x376c</run_address>
         <size>0x60</size>
         <input_file_ref idref="fl-f7"/>
      </object_component>
      <object_component id="oc-456">
         <name>.text:close</name>
         <load_address>0x37cc</load_address>
         <run_address>0x37cc</run_address>
         <size>0x5c</size>
         <input_file_ref idref="fl-104"/>
      </object_component>
      <object_component id="oc-432">
         <name>.text:HOSTread</name>
         <load_address>0x3828</load_address>
         <run_address>0x3828</run_address>
         <size>0x58</size>
         <input_file_ref idref="fl-f8"/>
      </object_component>
      <object_component id="oc-438">
         <name>.text:HOSTwrite</name>
         <load_address>0x3880</load_address>
         <run_address>0x3880</run_address>
         <size>0x58</size>
         <input_file_ref idref="fl-fb"/>
      </object_component>
      <object_component id="oc-2a9">
         <name>.text:_pconv_f</name>
         <load_address>0x38d8</load_address>
         <run_address>0x38d8</run_address>
         <size>0x56</size>
         <input_file_ref idref="fl-c5"/>
      </object_component>
      <object_component id="oc-317">
         <name>.text:__TI_ltoa</name>
         <load_address>0x392e</load_address>
         <run_address>0x392e</run_address>
         <size>0x54</size>
         <input_file_ref idref="fl-db"/>
      </object_component>
      <object_component id="oc-31d">
         <name>.text:_ecpy</name>
         <load_address>0x3982</load_address>
         <run_address>0x3982</run_address>
         <size>0x52</size>
         <input_file_ref idref="fl-c5"/>
      </object_component>
      <object_component id="oc-378">
         <name>.text:__TI_doflush</name>
         <load_address>0x39d4</load_address>
         <run_address>0x39d4</run_address>
         <size>0x4c</size>
         <input_file_ref idref="fl-ed"/>
      </object_component>
      <object_component id="oc-297">
         <name>.text:atoi</name>
         <load_address>0x3a20</load_address>
         <run_address>0x3a20</run_address>
         <size>0x4c</size>
         <input_file_ref idref="fl-dc"/>
      </object_component>
      <object_component id="oc-fa">
         <name>.text:exit</name>
         <load_address>0x3a6c</load_address>
         <run_address>0x3a6c</run_address>
         <size>0x48</size>
         <input_file_ref idref="fl-d9"/>
      </object_component>
      <object_component id="oc-194">
         <name>.text</name>
         <load_address>0x3ab4</load_address>
         <run_address>0x3ab4</run_address>
         <size>0x48</size>
         <input_file_ref idref="fl-cf"/>
      </object_component>
      <object_component id="oc-42c">
         <name>.text:HOSTclose</name>
         <load_address>0x3afc</load_address>
         <run_address>0x3afc</run_address>
         <size>0x44</size>
         <input_file_ref idref="fl-f5"/>
      </object_component>
      <object_component id="oc-444">
         <name>.text:HOSTunlink</name>
         <load_address>0x3b40</load_address>
         <run_address>0x3b40</run_address>
         <size>0x44</size>
         <input_file_ref idref="fl-fa"/>
      </object_component>
      <object_component id="oc-100">
         <name>.text:__TI_auto_init_nobinit_nopinit:__TI_auto_init_nobinit_nopinit</name>
         <load_address>0x3b84</load_address>
         <run_address>0x3b84</run_address>
         <size>0x44</size>
         <input_file_ref idref="fl-f1"/>
      </object_component>
      <object_component id="oc-48b">
         <name>.text:getdevice</name>
         <load_address>0x3bc8</load_address>
         <run_address>0x3bc8</run_address>
         <size>0x44</size>
         <input_file_ref idref="fl-101"/>
      </object_component>
      <object_component id="oc-330">
         <name>.text:_fcpy</name>
         <load_address>0x3c0c</load_address>
         <run_address>0x3c0c</run_address>
         <size>0x3e</size>
         <input_file_ref idref="fl-c5"/>
      </object_component>
      <object_component id="oc-467">
         <name>.text:__TI_writemsg</name>
         <load_address>0x3c4c</load_address>
         <run_address>0x3c4c</run_address>
         <size>0x38</size>
         <input_file_ref idref="fl-fc"/>
      </object_component>
      <object_component id="oc-134">
         <name>.text:calloc</name>
         <load_address>0x3c84</load_address>
         <run_address>0x3c84</run_address>
         <size>0x38</size>
         <input_file_ref idref="fl-e1"/>
      </object_component>
      <object_component id="oc-17e">
         <name>.text</name>
         <load_address>0x3cbc</load_address>
         <run_address>0x3cbc</run_address>
         <size>0x38</size>
         <input_file_ref idref="fl-d1"/>
      </object_component>
      <object_component id="oc-4ad">
         <name>.text:strncpy</name>
         <load_address>0x3cf4</load_address>
         <run_address>0x3cf4</run_address>
         <size>0x36</size>
         <input_file_ref idref="fl-102"/>
      </object_component>
      <object_component id="oc-153">
         <name>.text:IntRegister</name>
         <load_address>0x3d2c</load_address>
         <run_address>0x3d2c</run_address>
         <size>0x34</size>
         <input_file_ref idref="fl-106"/>
      </object_component>
      <object_component id="oc-3f1">
         <name>.text:__TI_cleanup</name>
         <load_address>0x3d60</load_address>
         <run_address>0x3d60</run_address>
         <size>0x34</size>
         <input_file_ref idref="fl-ee"/>
      </object_component>
      <object_component id="oc-46d">
         <name>.text:__TI_readmsg</name>
         <load_address>0x3d94</load_address>
         <run_address>0x3d94</run_address>
         <size>0x34</size>
         <input_file_ref idref="fl-fc"/>
      </object_component>
      <object_component id="oc-5c">
         <name>.text:_c_int00_noargs:_c_int00_noargs</name>
         <load_address>0x3dc8</load_address>
         <run_address>0x3dc8</run_address>
         <size>0x34</size>
         <input_file_ref idref="fl-e6"/>
      </object_component>
      <object_component id="oc-4b3">
         <name>.text:finddevice</name>
         <load_address>0x3dfc</load_address>
         <run_address>0x3dfc</run_address>
         <size>0x30</size>
         <input_file_ref idref="fl-101"/>
      </object_component>
      <object_component id="oc-16c">
         <name>.text</name>
         <load_address>0x3e2c</load_address>
         <run_address>0x3e2c</run_address>
         <size>0x2e</size>
         <input_file_ref idref="fl-d2"/>
      </object_component>
      <object_component id="oc-45c">
         <name>.text:unlink</name>
         <load_address>0x3e5c</load_address>
         <run_address>0x3e5c</run_address>
         <size>0x2c</size>
         <input_file_ref idref="fl-105"/>
      </object_component>
      <object_component id="oc-1f1">
         <name>.text:free_list_insert</name>
         <load_address>0x3e88</load_address>
         <run_address>0x3e88</run_address>
         <size>0x28</size>
         <input_file_ref idref="fl-e1"/>
      </object_component>
      <object_component id="oc-3e9">
         <name>.text:lseek</name>
         <load_address>0x3eb0</load_address>
         <run_address>0x3eb0</run_address>
         <size>0x28</size>
         <input_file_ref idref="fl-fe"/>
      </object_component>
      <object_component id="oc-37e">
         <name>.text:write</name>
         <load_address>0x3ed8</load_address>
         <run_address>0x3ed8</run_address>
         <size>0x28</size>
         <input_file_ref idref="fl-e7"/>
      </object_component>
      <object_component id="oc-372">
         <name>.text:memchr</name>
         <load_address>0x3f00</load_address>
         <run_address>0x3f00</run_address>
         <size>0x20</size>
         <input_file_ref idref="fl-e0"/>
      </object_component>
      <object_component id="oc-1eb">
         <name>.text:free_list_remove</name>
         <load_address>0x3f20</load_address>
         <run_address>0x3f20</run_address>
         <size>0x1c</size>
         <input_file_ref idref="fl-e1"/>
      </object_component>
      <object_component id="oc-2bb">
         <name>.text:memccpy</name>
         <load_address>0x3f3c</load_address>
         <run_address>0x3f3c</run_address>
         <size>0x1c</size>
         <input_file_ref idref="fl-df"/>
      </object_component>
      <object_component id="oc-3a1">
         <name>.text:copysign</name>
         <load_address>0x3f58</load_address>
         <run_address>0x3f58</run_address>
         <size>0x1a</size>
         <input_file_ref idref="fl-ff"/>
      </object_component>
      <object_component id="oc-146">
         <name>.text:oi_parseInt</name>
         <load_address>0x3f72</load_address>
         <run_address>0x3f72</run_address>
         <size>0x18</size>
         <input_file_ref idref="fl-6"/>
      </object_component>
      <object_component id="oc-14d">
         <name>.text:strcmp</name>
         <load_address>0x3f8a</load_address>
         <run_address>0x3f8a</run_address>
         <size>0x18</size>
         <input_file_ref idref="fl-e3"/>
      </object_component>
      <object_component id="oc-344">
         <name>.text:strchr</name>
         <load_address>0x3fa2</load_address>
         <run_address>0x3fa2</run_address>
         <size>0x16</size>
         <input_file_ref idref="fl-e2"/>
      </object_component>
      <object_component id="oc-481">
         <name>.text:strcpy</name>
         <load_address>0x3fb8</load_address>
         <run_address>0x3fb8</run_address>
         <size>0x14</size>
         <input_file_ref idref="fl-e4"/>
      </object_component>
      <object_component id="oc-e3">
         <name>.text:strlen</name>
         <load_address>0x3fcc</load_address>
         <run_address>0x3fcc</run_address>
         <size>0x14</size>
         <input_file_ref idref="fl-e5"/>
      </object_component>
      <object_component id="oc-2c1">
         <name>.text:wcslen</name>
         <load_address>0x3fe0</load_address>
         <run_address>0x3fe0</run_address>
         <size>0x12</size>
         <input_file_ref idref="fl-ea"/>
      </object_component>
      <object_component id="oc-159">
         <name>.text:IntMasterEnable</name>
         <load_address>0x3ff2</load_address>
         <run_address>0x3ff2</run_address>
         <size>0x10</size>
         <input_file_ref idref="fl-106"/>
      </object_component>
      <object_component id="oc-1b">
         <name>.text:decompress:none:__TI_decompress_none</name>
         <load_address>0x4002</load_address>
         <run_address>0x4002</run_address>
         <size>0xe</size>
         <input_file_ref idref="fl-d7"/>
      </object_component>
      <object_component id="oc-209">
         <name>.text:CPUcpsie</name>
         <load_address>0x4010</load_address>
         <run_address>0x4010</run_address>
         <size>0xc</size>
         <input_file_ref idref="fl-107"/>
      </object_component>
      <object_component id="oc-50">
         <name>.text:decompress:ZI:__TI_zero_init</name>
         <load_address>0x401c</load_address>
         <run_address>0x401c</run_address>
         <size>0xc</size>
         <input_file_ref idref="fl-d6"/>
      </object_component>
      <object_component id="oc-2a">
         <name>.text</name>
         <load_address>0x4028</load_address>
         <run_address>0x4028</run_address>
         <size>0xc</size>
         <input_file_ref idref="fl-7"/>
      </object_component>
      <object_component id="oc-2c7">
         <name>.text:__aeabi_errno_addr</name>
         <load_address>0x4034</load_address>
         <run_address>0x4034</run_address>
         <size>0x8</size>
         <input_file_ref idref="fl-e9"/>
      </object_component>
      <object_component id="oc-1e4">
         <name>.text:malloc</name>
         <load_address>0x403c</load_address>
         <run_address>0x403c</run_address>
         <size>0x8</size>
         <input_file_ref idref="fl-e1"/>
      </object_component>
      <object_component id="oc-23e">
         <name>.text:_outc</name>
         <load_address>0x4044</load_address>
         <run_address>0x4044</run_address>
         <size>0x4</size>
         <input_file_ref idref="fl-c4"/>
      </object_component>
      <object_component id="oc-238">
         <name>.text:_outs</name>
         <load_address>0x4048</load_address>
         <run_address>0x4048</run_address>
         <size>0x4</size>
         <input_file_ref idref="fl-c4"/>
      </object_component>
      <object_component id="oc-9c">
         <name>.text:_system_pre_init</name>
         <load_address>0x404c</load_address>
         <run_address>0x404c</run_address>
         <size>0x4</size>
         <input_file_ref idref="fl-f2"/>
      </object_component>
      <object_component id="oc-f4">
         <name>.text:abort:abort</name>
         <load_address>0x4050</load_address>
         <run_address>0x4050</run_address>
         <size>0x4</size>
         <input_file_ref idref="fl-d9"/>
      </object_component>
      <object_component id="oc-30c">
         <name>.const:.string:_ctypes_</name>
         <load_address>0x4058</load_address>
         <run_address>0x4058</run_address>
         <size>0x101</size>
         <input_file_ref idref="fl-dd"/>
      </object_component>
      <object_component id="oc-176">
         <name>.const:.string:$P$T0$3</name>
         <load_address>0x4159</load_address>
         <run_address>0x4159</run_address>
         <size>0xf</size>
         <input_file_ref idref="fl-6"/>
      </object_component>
      <object_component id="oc-ef">
         <name>.const:.string:$P$T0$1</name>
         <load_address>0x4168</load_address>
         <run_address>0x4168</run_address>
         <size>0x9</size>
         <input_file_ref idref="fl-4"/>
      </object_component>
      <object_component id="oc-1ac">
         <name>.const</name>
         <load_address>0x4178</load_address>
         <run_address>0x4178</run_address>
         <size>0x8</size>
         <input_file_ref idref="fl-5"/>
      </object_component>
      <object_component id="oc-4fb">
         <name>.cinit..data.load</name>
         <load_address>0x4180</load_address>
         <run_address>0x4180</run_address>
         <size>0x73</size>
      </object_component>
      <object_component id="oc-4f8">
         <name>__TI_handler_table</name>
         <load_address>0x41f4</load_address>
         <run_address>0x41f4</run_address>
         <size>0xc</size>
      </object_component>
      <object_component id="oc-4fc">
         <name>.cinit..bss.load</name>
         <load_address>0x4200</load_address>
         <run_address>0x4200</run_address>
         <size>0x8</size>
      </object_component>
      <object_component id="oc-4fa">
         <name>.cinit..vtable.load</name>
         <load_address>0x4208</load_address>
         <run_address>0x4208</run_address>
         <size>0x8</size>
      </object_component>
      <object_component id="oc-4f9">
         <name>__TI_cinit_table</name>
         <load_address>0x4210</load_address>
         <run_address>0x4210</run_address>
         <size>0x18</size>
      </object_component>
      <object_component id="oc-1ff">
         <name>.vtable</name>
         <uninitialized>true</uninitialized>
         <run_address>0x20000000</run_address>
         <size>0x26c</size>
         <input_file_ref idref="fl-106"/>
      </object_component>
      <object_component id="oc-1f8">
         <name>.data</name>
         <load_address>0x20001298</load_address>
         <run_address>0x20001298</run_address>
         <size>0x1</size>
         <input_file_ref idref="fl-2"/>
      </object_component>
      <object_component id="oc-1a9">
         <name>.data</name>
         <load_address>0x20001290</load_address>
         <run_address>0x20001290</run_address>
         <size>0x4</size>
         <input_file_ref idref="fl-5"/>
      </object_component>
      <object_component id="oc-15f">
         <name>.data</name>
         <load_address>0x20001240</load_address>
         <run_address>0x20001240</run_address>
         <size>0x20</size>
         <input_file_ref idref="fl-6"/>
      </object_component>
      <object_component id="oc-18e">
         <name>.data</name>
         <load_address>0x2000128c</load_address>
         <run_address>0x2000128c</run_address>
         <size>0x4</size>
         <input_file_ref idref="fl-e"/>
      </object_component>
      <object_component id="oc-1c5">
         <name>.data:$O1$$</name>
         <load_address>0x20001270</load_address>
         <run_address>0x20001270</run_address>
         <size>0xc</size>
         <input_file_ref idref="fl-d9"/>
      </object_component>
      <object_component id="oc-1c8">
         <name>.data:$O1$$</name>
         <load_address>0x2000127c</load_address>
         <run_address>0x2000127c</run_address>
         <size>0x8</size>
         <input_file_ref idref="fl-da"/>
      </object_component>
      <object_component id="oc-235">
         <name>.data:_ftable</name>
         <load_address>0x20001088</load_address>
         <run_address>0x20001088</run_address>
         <size>0xf0</size>
         <input_file_ref idref="fl-de"/>
      </object_component>
      <object_component id="oc-420">
         <name>.data</name>
         <load_address>0x20001260</load_address>
         <run_address>0x20001260</run_address>
         <size>0x10</size>
         <input_file_ref idref="fl-de"/>
      </object_component>
      <object_component id="oc-27a">
         <name>.data:$O1$$</name>
         <load_address>0x20001284</load_address>
         <run_address>0x20001284</run_address>
         <size>0x8</size>
         <input_file_ref idref="fl-e1"/>
      </object_component>
      <object_component id="oc-404">
         <name>.data:_device</name>
         <load_address>0x20001178</load_address>
         <run_address>0x20001178</run_address>
         <size>0x78</size>
         <input_file_ref idref="fl-e8"/>
      </object_component>
      <object_component id="oc-3cf">
         <name>.data:_stream</name>
         <load_address>0x200011f0</load_address>
         <run_address>0x200011f0</run_address>
         <size>0x50</size>
         <input_file_ref idref="fl-e8"/>
      </object_component>
      <object_component id="oc-354">
         <name>.data</name>
         <load_address>0x20001294</load_address>
         <run_address>0x20001294</run_address>
         <size>0x4</size>
         <input_file_ref idref="fl-e9"/>
      </object_component>
      <object_component id="oc-183">
         <name>.bss:firmware$2</name>
         <uninitialized>true</uninitialized>
         <run_address>0x20001064</run_address>
         <size>0x18</size>
         <input_file_ref idref="fl-6"/>
      </object_component>
      <object_component id="oc-495">
         <name>.bss:_CIOBUF_</name>
         <uninitialized>true</uninitialized>
         <run_address>0x20000e70</run_address>
         <size>0x120</size>
         <input_file_ref idref="fl-fc"/>
      </object_component>
      <object_component id="oc-1fb">
         <name>.common:_timeout_ticks</name>
         <uninitialized>true</uninitialized>
         <run_address>0x20001084</run_address>
         <size>0x4</size>
      </object_component>
      <object_component id="oc-18b">
         <name>.common:isr_char_buffer</name>
         <uninitialized>true</uninitialized>
         <run_address>0x20001030</run_address>
         <size>0x34</size>
      </object_component>
      <object_component id="oc-462">
         <name>.common:__TI_tmpnams</name>
         <uninitialized>true</uninitialized>
         <run_address>0x20000f90</run_address>
         <size>0xa0</size>
      </object_component>
      <object_component id="oc-473">
         <name>.common:parmbuf</name>
         <uninitialized>true</uninitialized>
         <run_address>0x2000107c</run_address>
         <size>0x8</size>
      </object_component>
      <object_component id="oc-24">
         <name>.sysmem</name>
         <uninitialized>true</uninitialized>
         <run_address>0x20000a70</run_address>
         <size>0x10</size>
         <input_file_ref idref="fl-e1"/>
      </object_component>
      <object_component id="oc-4ff">
         <name>.sysmem</name>
         <uninitialized>true</uninitialized>
         <run_address>0x20000a70</run_address>
         <size>0x0</size>
      </object_component>
      <object_component id="oc-27">
         <name>.stack</name>
         <uninitialized>true</uninitialized>
         <run_address>0x20000270</run_address>
         <size>0x4</size>
         <input_file_ref idref="fl-e6"/>
      </object_component>
      <object_component id="oc-4fe">
         <name>.stack</name>
         <uninitialized>true</uninitialized>
         <run_address>0x20000270</run_address>
         <size>0x0</size>
      </object_component>
      <object_component id="oc-c5">
         <name>.debug_info</name>
         <load_address>0x0</load_address>
         <run_address>0x0</run_address>
         <size>0x2ad</size>
         <input_file_ref idref="fl-2"/>
      </object_component>
      <object_component id="oc-1f9">
         <name>.debug_info</name>
         <load_address>0x2ad</load_address>
         <run_address>0x2ad</run_address>
         <size>0xbb</size>
         <input_file_ref idref="fl-2"/>
      </object_component>
      <object_component id="oc-141">
         <name>.debug_info</name>
         <load_address>0x368</load_address>
         <run_address>0x368</run_address>
         <size>0x503</size>
         <input_file_ref idref="fl-2"/>
      </object_component>
      <object_component id="oc-77">
         <name>.debug_info</name>
         <load_address>0x86b</load_address>
         <run_address>0x86b</run_address>
         <size>0x26b</size>
         <input_file_ref idref="fl-2"/>
      </object_component>
      <object_component id="oc-39">
         <name>.debug_info</name>
         <load_address>0xad6</load_address>
         <run_address>0xad6</run_address>
         <size>0x84</size>
         <input_file_ref idref="fl-2"/>
      </object_component>
      <object_component id="oc-c0">
         <name>.debug_info</name>
         <load_address>0xb5a</load_address>
         <run_address>0xb5a</run_address>
         <size>0x2a4</size>
         <input_file_ref idref="fl-2"/>
      </object_component>
      <object_component id="oc-7c">
         <name>.debug_info</name>
         <load_address>0xdfe</load_address>
         <run_address>0xdfe</run_address>
         <size>0xbb</size>
         <input_file_ref idref="fl-2"/>
      </object_component>
      <object_component id="oc-251">
         <name>.debug_info</name>
         <load_address>0xeb9</load_address>
         <run_address>0xeb9</run_address>
         <size>0x37b</size>
         <input_file_ref idref="fl-3"/>
      </object_component>
      <object_component id="oc-1bf">
         <name>.debug_info</name>
         <load_address>0x1234</load_address>
         <run_address>0x1234</run_address>
         <size>0xcc</size>
         <input_file_ref idref="fl-3"/>
      </object_component>
      <object_component id="oc-246">
         <name>.debug_info</name>
         <load_address>0x1300</load_address>
         <run_address>0x1300</run_address>
         <size>0x2c</size>
         <input_file_ref idref="fl-3"/>
      </object_component>
      <object_component id="oc-1ba">
         <name>.debug_info</name>
         <load_address>0x132c</load_address>
         <run_address>0x132c</run_address>
         <size>0x35</size>
         <input_file_ref idref="fl-3"/>
      </object_component>
      <object_component id="oc-f3">
         <name>.debug_info</name>
         <load_address>0x1361</load_address>
         <run_address>0x1361</run_address>
         <size>0x4a9</size>
         <input_file_ref idref="fl-4"/>
      </object_component>
      <object_component id="oc-f0">
         <name>.debug_info</name>
         <load_address>0x180a</load_address>
         <run_address>0x180a</run_address>
         <size>0xb7</size>
         <input_file_ref idref="fl-4"/>
      </object_component>
      <object_component id="oc-a4">
         <name>.debug_info</name>
         <load_address>0x18c1</load_address>
         <run_address>0x18c1</run_address>
         <size>0x252</size>
         <input_file_ref idref="fl-4"/>
      </object_component>
      <object_component id="oc-1b5">
         <name>.debug_info</name>
         <load_address>0x1b13</load_address>
         <run_address>0x1b13</run_address>
         <size>0x5aa</size>
         <input_file_ref idref="fl-4"/>
      </object_component>
      <object_component id="oc-1b0">
         <name>.debug_info</name>
         <load_address>0x20bd</load_address>
         <run_address>0x20bd</run_address>
         <size>0x314</size>
         <input_file_ref idref="fl-5"/>
      </object_component>
      <object_component id="oc-1aa">
         <name>.debug_info</name>
         <load_address>0x23d1</load_address>
         <run_address>0x23d1</run_address>
         <size>0xb6</size>
         <input_file_ref idref="fl-5"/>
      </object_component>
      <object_component id="oc-1ad">
         <name>.debug_info</name>
         <load_address>0x2487</load_address>
         <run_address>0x2487</run_address>
         <size>0xb8</size>
         <input_file_ref idref="fl-5"/>
      </object_component>
      <object_component id="oc-ea">
         <name>.debug_info</name>
         <load_address>0x253f</load_address>
         <run_address>0x253f</run_address>
         <size>0x876</size>
         <input_file_ref idref="fl-5"/>
      </object_component>
      <object_component id="oc-185">
         <name>.debug_info</name>
         <load_address>0x2db5</load_address>
         <run_address>0x2db5</run_address>
         <size>0x3f8</size>
         <input_file_ref idref="fl-6"/>
      </object_component>
      <object_component id="oc-160">
         <name>.debug_info</name>
         <load_address>0x31ad</load_address>
         <run_address>0x31ad</run_address>
         <size>0x10d</size>
         <input_file_ref idref="fl-6"/>
      </object_component>
      <object_component id="oc-177">
         <name>.debug_info</name>
         <load_address>0x32ba</load_address>
         <run_address>0x32ba</run_address>
         <size>0xc2</size>
         <input_file_ref idref="fl-6"/>
      </object_component>
      <object_component id="oc-147">
         <name>.debug_info</name>
         <load_address>0x337c</load_address>
         <run_address>0x337c</run_address>
         <size>0x13a</size>
         <input_file_ref idref="fl-6"/>
      </object_component>
      <object_component id="oc-d8">
         <name>.debug_info</name>
         <load_address>0x34b6</load_address>
         <run_address>0x34b6</run_address>
         <size>0x1984</size>
         <input_file_ref idref="fl-6"/>
      </object_component>
      <object_component id="oc-186">
         <name>.debug_info</name>
         <load_address>0x4e3a</load_address>
         <run_address>0x4e3a</run_address>
         <size>0x8b</size>
         <input_file_ref idref="fl-6"/>
      </object_component>
      <object_component id="oc-32">
         <name>.debug_info</name>
         <load_address>0x4ec5</load_address>
         <run_address>0x4ec5</run_address>
         <size>0x297</size>
         <input_file_ref idref="fl-7"/>
      </object_component>
      <object_component id="oc-13">
         <name>.debug_info</name>
         <load_address>0x515c</load_address>
         <run_address>0x515c</run_address>
         <size>0xd6</size>
         <input_file_ref idref="fl-7"/>
      </object_component>
      <object_component id="oc-2c">
         <name>.debug_info</name>
         <load_address>0x5232</load_address>
         <run_address>0x5232</run_address>
         <size>0x252</size>
         <input_file_ref idref="fl-7"/>
      </object_component>
      <object_component id="oc-18c">
         <name>.debug_info</name>
         <load_address>0x5484</load_address>
         <run_address>0x5484</run_address>
         <size>0x326</size>
         <input_file_ref idref="fl-e"/>
      </object_component>
      <object_component id="oc-18f">
         <name>.debug_info</name>
         <load_address>0x57aa</load_address>
         <run_address>0x57aa</run_address>
         <size>0xee</size>
         <input_file_ref idref="fl-e"/>
      </object_component>
      <object_component id="oc-df">
         <name>.debug_info</name>
         <load_address>0x5898</load_address>
         <run_address>0x5898</run_address>
         <size>0x43b</size>
         <input_file_ref idref="fl-e"/>
      </object_component>
      <object_component id="oc-223">
         <name>.debug_info</name>
         <load_address>0x5cd3</load_address>
         <run_address>0x5cd3</run_address>
         <size>0x26b</size>
         <input_file_ref idref="fl-e"/>
      </object_component>
      <object_component id="oc-292">
         <name>.debug_info</name>
         <load_address>0x5f3e</load_address>
         <run_address>0x5f3e</run_address>
         <size>0x297</size>
         <input_file_ref idref="fl-e"/>
      </object_component>
      <object_component id="oc-21e">
         <name>.debug_info</name>
         <load_address>0x61d5</load_address>
         <run_address>0x61d5</run_address>
         <size>0xbb</size>
         <input_file_ref idref="fl-e"/>
      </object_component>
      <object_component id="oc-245">
         <name>.debug_info</name>
         <load_address>0x6290</load_address>
         <run_address>0x6290</run_address>
         <size>0x3e5</size>
         <input_file_ref idref="fl-c4"/>
      </object_component>
      <object_component id="oc-241">
         <name>.debug_info</name>
         <load_address>0x6675</load_address>
         <run_address>0x6675</run_address>
         <size>0x157</size>
         <input_file_ref idref="fl-c4"/>
      </object_component>
      <object_component id="oc-239">
         <name>.debug_info</name>
         <load_address>0x67cc</load_address>
         <run_address>0x67cc</run_address>
         <size>0x166</size>
         <input_file_ref idref="fl-c4"/>
      </object_component>
      <object_component id="oc-1a7">
         <name>.debug_info</name>
         <load_address>0x6932</load_address>
         <run_address>0x6932</run_address>
         <size>0x1ac</size>
         <input_file_ref idref="fl-c4"/>
      </object_component>
      <object_component id="oc-2ed">
         <name>.debug_info</name>
         <load_address>0x6ade</load_address>
         <run_address>0x6ade</run_address>
         <size>0xb2</size>
         <input_file_ref idref="fl-c4"/>
      </object_component>
      <object_component id="oc-2ce">
         <name>.debug_info</name>
         <load_address>0x6b90</load_address>
         <run_address>0x6b90</run_address>
         <size>0x590</size>
         <input_file_ref idref="fl-c5"/>
      </object_component>
      <object_component id="oc-29f">
         <name>.debug_info</name>
         <load_address>0x7120</load_address>
         <run_address>0x7120</run_address>
         <size>0x21e</size>
         <input_file_ref idref="fl-c5"/>
      </object_component>
      <object_component id="oc-31f">
         <name>.debug_info</name>
         <load_address>0x733e</load_address>
         <run_address>0x733e</run_address>
         <size>0x1b3</size>
         <input_file_ref idref="fl-c5"/>
      </object_component>
      <object_component id="oc-325">
         <name>.debug_info</name>
         <load_address>0x74f1</load_address>
         <run_address>0x74f1</run_address>
         <size>0x21b</size>
         <input_file_ref idref="fl-c5"/>
      </object_component>
      <object_component id="oc-2a4">
         <name>.debug_info</name>
         <load_address>0x770c</load_address>
         <run_address>0x770c</run_address>
         <size>0x3c0</size>
         <input_file_ref idref="fl-c5"/>
      </object_component>
      <object_component id="oc-32b">
         <name>.debug_info</name>
         <load_address>0x7acc</load_address>
         <run_address>0x7acc</run_address>
         <size>0x30a</size>
         <input_file_ref idref="fl-c5"/>
      </object_component>
      <object_component id="oc-331">
         <name>.debug_info</name>
         <load_address>0x7dd6</load_address>
         <run_address>0x7dd6</run_address>
         <size>0x215</size>
         <input_file_ref idref="fl-c5"/>
      </object_component>
      <object_component id="oc-2aa">
         <name>.debug_info</name>
         <load_address>0x7feb</load_address>
         <run_address>0x7feb</run_address>
         <size>0x215</size>
         <input_file_ref idref="fl-c5"/>
      </object_component>
      <object_component id="oc-2b0">
         <name>.debug_info</name>
         <load_address>0x8200</load_address>
         <run_address>0x8200</run_address>
         <size>0x304</size>
         <input_file_ref idref="fl-c5"/>
      </object_component>
      <object_component id="oc-2b6">
         <name>.debug_info</name>
         <load_address>0x8504</load_address>
         <run_address>0x8504</run_address>
         <size>0x4b5</size>
         <input_file_ref idref="fl-c5"/>
      </object_component>
      <object_component id="oc-230">
         <name>.debug_info</name>
         <load_address>0x89b9</load_address>
         <run_address>0x89b9</run_address>
         <size>0x5f4</size>
         <input_file_ref idref="fl-c5"/>
      </object_component>
      <object_component id="oc-2cf">
         <name>.debug_info</name>
         <load_address>0x8fad</load_address>
         <run_address>0x8fad</run_address>
         <size>0x86</size>
         <input_file_ref idref="fl-c5"/>
      </object_component>
      <object_component id="oc-360">
         <name>.debug_info</name>
         <load_address>0x9033</load_address>
         <run_address>0x9033</run_address>
         <size>0x39</size>
         <input_file_ref idref="fl-c5"/>
      </object_component>
      <object_component id="oc-3b8">
         <name>.debug_info</name>
         <load_address>0x906c</load_address>
         <run_address>0x906c</run_address>
         <size>0xb6</size>
         <input_file_ref idref="fl-c5"/>
      </object_component>
      <object_component id="oc-365">
         <name>.debug_info</name>
         <load_address>0x9122</load_address>
         <run_address>0x9122</run_address>
         <size>0x46</size>
         <input_file_ref idref="fl-c5"/>
      </object_component>
      <object_component id="oc-2d4">
         <name>.debug_info</name>
         <load_address>0x9168</load_address>
         <run_address>0x9168</run_address>
         <size>0x46</size>
         <input_file_ref idref="fl-c5"/>
      </object_component>
      <object_component id="oc-35b">
         <name>.debug_info</name>
         <load_address>0x91ae</load_address>
         <run_address>0x91ae</run_address>
         <size>0x2c</size>
         <input_file_ref idref="fl-c5"/>
      </object_component>
      <object_component id="oc-387">
         <name>.debug_info</name>
         <load_address>0x91da</load_address>
         <run_address>0x91da</run_address>
         <size>0x383</size>
         <input_file_ref idref="fl-c7"/>
      </object_component>
      <object_component id="oc-2e8">
         <name>.debug_info</name>
         <load_address>0x955d</load_address>
         <run_address>0x955d</run_address>
         <size>0x1ea</size>
         <input_file_ref idref="fl-c7"/>
      </object_component>
      <object_component id="oc-385">
         <name>.debug_info</name>
         <load_address>0x9747</load_address>
         <run_address>0x9747</run_address>
         <size>0x3fc</size>
         <input_file_ref idref="fl-c8"/>
      </object_component>
      <object_component id="oc-2df">
         <name>.debug_info</name>
         <load_address>0x9b43</load_address>
         <run_address>0x9b43</run_address>
         <size>0x2e2</size>
         <input_file_ref idref="fl-c8"/>
      </object_component>
      <object_component id="oc-ce">
         <name>.debug_info</name>
         <load_address>0x9e25</load_address>
         <run_address>0x9e25</run_address>
         <size>0x2c</size>
         <input_file_ref idref="fl-c8"/>
      </object_component>
      <object_component id="oc-3ca">
         <name>.debug_info</name>
         <load_address>0x9e51</load_address>
         <run_address>0x9e51</run_address>
         <size>0x300</size>
         <input_file_ref idref="fl-c9"/>
      </object_component>
      <object_component id="oc-36d">
         <name>.debug_info</name>
         <load_address>0xa151</load_address>
         <run_address>0xa151</run_address>
         <size>0x19c</size>
         <input_file_ref idref="fl-c9"/>
      </object_component>
      <object_component id="oc-3f9">
         <name>.debug_info</name>
         <load_address>0xa2ed</load_address>
         <run_address>0xa2ed</run_address>
         <size>0xbf</size>
         <input_file_ref idref="fl-c9"/>
      </object_component>
      <object_component id="oc-3f8">
         <name>.debug_info</name>
         <load_address>0xa3ac</load_address>
         <run_address>0xa3ac</run_address>
         <size>0x374</size>
         <input_file_ref idref="fl-ca"/>
      </object_component>
      <object_component id="oc-3c5">
         <name>.debug_info</name>
         <load_address>0xa720</load_address>
         <run_address>0xa720</run_address>
         <size>0x20b</size>
         <input_file_ref idref="fl-ca"/>
      </object_component>
      <object_component id="oc-173">
         <name>.debug_info</name>
         <load_address>0xa92b</load_address>
         <run_address>0xa92b</run_address>
         <size>0x14c</size>
         <input_file_ref idref="fl-cb"/>
      </object_component>
      <object_component id="oc-19f">
         <name>.debug_info</name>
         <load_address>0xaa77</load_address>
         <run_address>0xaa77</run_address>
         <size>0x128</size>
         <input_file_ref idref="fl-cc"/>
      </object_component>
      <object_component id="oc-19b">
         <name>.debug_info</name>
         <load_address>0xab9f</load_address>
         <run_address>0xab9f</run_address>
         <size>0x12a</size>
         <input_file_ref idref="fl-cc"/>
      </object_component>
      <object_component id="oc-169">
         <name>.debug_info</name>
         <load_address>0xacc9</load_address>
         <run_address>0xacc9</run_address>
         <size>0x13a</size>
         <input_file_ref idref="fl-cd"/>
      </object_component>
      <object_component id="oc-163">
         <name>.debug_info</name>
         <load_address>0xae03</load_address>
         <run_address>0xae03</run_address>
         <size>0x13a</size>
         <input_file_ref idref="fl-ce"/>
      </object_component>
      <object_component id="oc-196">
         <name>.debug_info</name>
         <load_address>0xaf3d</load_address>
         <run_address>0xaf3d</run_address>
         <size>0x12e</size>
         <input_file_ref idref="fl-cf"/>
      </object_component>
      <object_component id="oc-17b">
         <name>.debug_info</name>
         <load_address>0xb06b</load_address>
         <run_address>0xb06b</run_address>
         <size>0x13e</size>
         <input_file_ref idref="fl-d0"/>
      </object_component>
      <object_component id="oc-17f">
         <name>.debug_info</name>
         <load_address>0xb1a9</load_address>
         <run_address>0xb1a9</run_address>
         <size>0x12c</size>
         <input_file_ref idref="fl-d1"/>
      </object_component>
      <object_component id="oc-16e">
         <name>.debug_info</name>
         <load_address>0xb2d5</load_address>
         <run_address>0xb2d5</run_address>
         <size>0x12c</size>
         <input_file_ref idref="fl-d2"/>
      </object_component>
      <object_component id="oc-3f">
         <name>.debug_info</name>
         <load_address>0xb401</load_address>
         <run_address>0xb401</run_address>
         <size>0x119</size>
         <input_file_ref idref="fl-d3"/>
      </object_component>
      <object_component id="oc-97">
         <name>.debug_info</name>
         <load_address>0xb51a</load_address>
         <run_address>0xb51a</run_address>
         <size>0x147</size>
         <input_file_ref idref="fl-d4"/>
      </object_component>
      <object_component id="oc-312">
         <name>.debug_info</name>
         <load_address>0xb661</load_address>
         <run_address>0xb661</run_address>
         <size>0x134</size>
         <input_file_ref idref="fl-d5"/>
      </object_component>
      <object_component id="oc-95">
         <name>.debug_info</name>
         <load_address>0xb795</load_address>
         <run_address>0xb795</run_address>
         <size>0x2d4</size>
         <input_file_ref idref="fl-d6"/>
      </object_component>
      <object_component id="oc-52">
         <name>.debug_info</name>
         <load_address>0xba69</load_address>
         <run_address>0xba69</run_address>
         <size>0x1b5</size>
         <input_file_ref idref="fl-d6"/>
      </object_component>
      <object_component id="oc-90">
         <name>.debug_info</name>
         <load_address>0xbc1e</load_address>
         <run_address>0xbc1e</run_address>
         <size>0x46</size>
         <input_file_ref idref="fl-d6"/>
      </object_component>
      <object_component id="oc-49">
         <name>.debug_info</name>
         <load_address>0xbc64</load_address>
         <run_address>0xbc64</run_address>
         <size>0x2a8</size>
         <input_file_ref idref="fl-d7"/>
      </object_component>
      <object_component id="oc-1e">
         <name>.debug_info</name>
         <load_address>0xbf0c</load_address>
         <run_address>0xbf0c</run_address>
         <size>0x1ea</size>
         <input_file_ref idref="fl-d7"/>
      </object_component>
      <object_component id="oc-44">
         <name>.debug_info</name>
         <load_address>0xc0f6</load_address>
         <run_address>0xc0f6</run_address>
         <size>0x46</size>
         <input_file_ref idref="fl-d7"/>
      </object_component>
      <object_component id="oc-88">
         <name>.debug_info</name>
         <load_address>0xc13c</load_address>
         <run_address>0xc13c</run_address>
         <size>0x2c</size>
         <input_file_ref idref="fl-d7"/>
      </object_component>
      <object_component id="oc-86">
         <name>.debug_info</name>
         <load_address>0xc168</load_address>
         <run_address>0xc168</run_address>
         <size>0x29e</size>
         <input_file_ref idref="fl-d8"/>
      </object_component>
      <object_component id="oc-17">
         <name>.debug_info</name>
         <load_address>0xc406</load_address>
         <run_address>0xc406</run_address>
         <size>0x250</size>
         <input_file_ref idref="fl-d8"/>
      </object_component>
      <object_component id="oc-34">
         <name>.debug_info</name>
         <load_address>0xc656</load_address>
         <run_address>0xc656</run_address>
         <size>0x60</size>
         <input_file_ref idref="fl-d8"/>
      </object_component>
      <object_component id="oc-c7">
         <name>.debug_info</name>
         <load_address>0xc6b6</load_address>
         <run_address>0xc6b6</run_address>
         <size>0x46</size>
         <input_file_ref idref="fl-d8"/>
      </object_component>
      <object_component id="oc-81">
         <name>.debug_info</name>
         <load_address>0xc6fc</load_address>
         <run_address>0xc6fc</run_address>
         <size>0x39</size>
         <input_file_ref idref="fl-d8"/>
      </object_component>
      <object_component id="oc-1cc">
         <name>.debug_info</name>
         <load_address>0xc735</load_address>
         <run_address>0xc735</run_address>
         <size>0x3ad</size>
         <input_file_ref idref="fl-d9"/>
      </object_component>
      <object_component id="oc-1c6">
         <name>.debug_info</name>
         <load_address>0xcae2</load_address>
         <run_address>0xcae2</run_address>
         <size>0x190</size>
         <input_file_ref idref="fl-d9"/>
      </object_component>
      <object_component id="oc-f6">
         <name>.debug_info</name>
         <load_address>0xcc72</load_address>
         <run_address>0xcc72</run_address>
         <size>0x122</size>
         <input_file_ref idref="fl-d9"/>
      </object_component>
      <object_component id="oc-fc">
         <name>.debug_info</name>
         <load_address>0xcd94</load_address>
         <run_address>0xcd94</run_address>
         <size>0x184</size>
         <input_file_ref idref="fl-d9"/>
      </object_component>
      <object_component id="oc-25c">
         <name>.debug_info</name>
         <load_address>0xcf18</load_address>
         <run_address>0xcf18</run_address>
         <size>0x2c9</size>
         <input_file_ref idref="fl-da"/>
      </object_component>
      <object_component id="oc-1c9">
         <name>.debug_info</name>
         <load_address>0xd1e1</load_address>
         <run_address>0xd1e1</run_address>
         <size>0x11e</size>
         <input_file_ref idref="fl-da"/>
      </object_component>
      <object_component id="oc-255">
         <name>.debug_info</name>
         <load_address>0xd2ff</load_address>
         <run_address>0xd2ff</run_address>
         <size>0x12e</size>
         <input_file_ref idref="fl-da"/>
      </object_component>
      <object_component id="oc-395">
         <name>.debug_info</name>
         <load_address>0xd42d</load_address>
         <run_address>0xd42d</run_address>
         <size>0x29c</size>
         <input_file_ref idref="fl-db"/>
      </object_component>
      <object_component id="oc-319">
         <name>.debug_info</name>
         <load_address>0xd6c9</load_address>
         <run_address>0xd6c9</run_address>
         <size>0x1da</size>
         <input_file_ref idref="fl-db"/>
      </object_component>
      <object_component id="oc-310">
         <name>.debug_info</name>
         <load_address>0xd8a3</load_address>
         <run_address>0xd8a3</run_address>
         <size>0x2b9</size>
         <input_file_ref idref="fl-dc"/>
      </object_component>
      <object_component id="oc-298">
         <name>.debug_info</name>
         <load_address>0xdb5c</load_address>
         <run_address>0xdb5c</run_address>
         <size>0x17c</size>
         <input_file_ref idref="fl-dc"/>
      </object_component>
      <object_component id="oc-38b">
         <name>.debug_info</name>
         <load_address>0xdcd8</load_address>
         <run_address>0xdcd8</run_address>
         <size>0xf9</size>
         <input_file_ref idref="fl-dd"/>
      </object_component>
      <object_component id="oc-30d">
         <name>.debug_info</name>
         <load_address>0xddd1</load_address>
         <run_address>0xddd1</run_address>
         <size>0x105</size>
         <input_file_ref idref="fl-dd"/>
      </object_component>
      <object_component id="oc-2db">
         <name>.debug_info</name>
         <load_address>0xded6</load_address>
         <run_address>0xded6</run_address>
         <size>0x144</size>
         <input_file_ref idref="fl-de"/>
      </object_component>
      <object_component id="oc-236">
         <name>.debug_info</name>
         <load_address>0xe01a</load_address>
         <run_address>0xe01a</run_address>
         <size>0x102</size>
         <input_file_ref idref="fl-de"/>
      </object_component>
      <object_component id="oc-421">
         <name>.debug_info</name>
         <load_address>0xe11c</load_address>
         <run_address>0xe11c</run_address>
         <size>0x18f</size>
         <input_file_ref idref="fl-de"/>
      </object_component>
      <object_component id="oc-34c">
         <name>.debug_info</name>
         <load_address>0xe2ab</load_address>
         <run_address>0xe2ab</run_address>
         <size>0x2a7</size>
         <input_file_ref idref="fl-df"/>
      </object_component>
      <object_component id="oc-2bc">
         <name>.debug_info</name>
         <load_address>0xe552</load_address>
         <run_address>0xe552</run_address>
         <size>0x1b8</size>
         <input_file_ref idref="fl-df"/>
      </object_component>
      <object_component id="oc-3cc">
         <name>.debug_info</name>
         <load_address>0xe70a</load_address>
         <run_address>0xe70a</run_address>
         <size>0x2a5</size>
         <input_file_ref idref="fl-e0"/>
      </object_component>
      <object_component id="oc-375">
         <name>.debug_info</name>
         <load_address>0xe9af</load_address>
         <run_address>0xe9af</run_address>
         <size>0x25d</size>
         <input_file_ref idref="fl-e0"/>
      </object_component>
      <object_component id="oc-70">
         <name>.debug_info</name>
         <load_address>0xec0c</load_address>
         <run_address>0xec0c</run_address>
         <size>0x3b2</size>
         <input_file_ref idref="fl-e1"/>
      </object_component>
      <object_component id="oc-25">
         <name>.debug_info</name>
         <load_address>0xefbe</load_address>
         <run_address>0xefbe</run_address>
         <size>0x10c</size>
         <input_file_ref idref="fl-e1"/>
      </object_component>
      <object_component id="oc-27b">
         <name>.debug_info</name>
         <load_address>0xf0ca</load_address>
         <run_address>0xf0ca</run_address>
         <size>0x13f</size>
         <input_file_ref idref="fl-e1"/>
      </object_component>
      <object_component id="oc-1e5">
         <name>.debug_info</name>
         <load_address>0xf209</load_address>
         <run_address>0xf209</run_address>
         <size>0x168</size>
         <input_file_ref idref="fl-e1"/>
      </object_component>
      <object_component id="oc-1ec">
         <name>.debug_info</name>
         <load_address>0xf371</load_address>
         <run_address>0xf371</run_address>
         <size>0x18e</size>
         <input_file_ref idref="fl-e1"/>
      </object_component>
      <object_component id="oc-1f2">
         <name>.debug_info</name>
         <load_address>0xf4ff</load_address>
         <run_address>0xf4ff</run_address>
         <size>0x19f</size>
         <input_file_ref idref="fl-e1"/>
      </object_component>
      <object_component id="oc-13b">
         <name>.debug_info</name>
         <load_address>0xf69e</load_address>
         <run_address>0xf69e</run_address>
         <size>0x203</size>
         <input_file_ref idref="fl-e1"/>
      </object_component>
      <object_component id="oc-304">
         <name>.debug_info</name>
         <load_address>0xf8a1</load_address>
         <run_address>0xf8a1</run_address>
         <size>0x1db</size>
         <input_file_ref idref="fl-e1"/>
      </object_component>
      <object_component id="oc-135">
         <name>.debug_info</name>
         <load_address>0xfa7c</load_address>
         <run_address>0xfa7c</run_address>
         <size>0x1a5</size>
         <input_file_ref idref="fl-e1"/>
      </object_component>
      <object_component id="oc-274">
         <name>.debug_info</name>
         <load_address>0xfc21</load_address>
[...]
      <symbol id="sm-1ce">
         <name>oi_play_song</name>
         <value>0x96b</value>
         <object_component_ref idref="oc-d7"/>
      </symbol>
      <symbol id="sm-1cf">
         <name>oi_parsePacket</name>
         <value>0x32b</value>
         <object_component_ref idref="oc-d7"/>
      </symbol>
      <symbol id="sm-1d0">
         <name>oi_setLeds</name>
         <value>0x84b</value>
         <object_component_ref idref="oc-d7"/>
      </symbol>
      <symbol id="sm-1d1">
         <name>oi_init</name>
         <value>0x2b1</value>
         <object_component_ref idref="oc-d7"/>
      </symbol>
      <symbol id="sm-1d2">
         <name>oi_update</name>
         <value>0x2d9</value>
         <object_component_ref idref="oc-d7"/>
      </symbol>
      <symbol id="sm-1d3">
         <name>oi_uartInit</name>
         <value>0x98d</value>
         <object_component_ref idref="oc-d7"/>
      </symbol>
      <symbol id="sm-1ef">
         <name>ResetISR</name>
         <value>0x4029</value>
         <object_component_ref idref="oc-2a"/>
      </symbol>
      <symbol id="sm-1f0">
         <name>g_pfnVectors</name>
         <value>0x0</value>
         <object_component_ref idref="oc-12"/>
      </symbol>
      <symbol id="sm-22c">
         <name>isr_char_buffer</name>
         <value>0x20001030</value>
      </symbol>
      <symbol id="sm-22d">
         <name>cyBot_getByte</name>
         <value>0x2443</value>
         <object_component_ref idref="oc-dd"/>
      </symbol>
      <symbol id="sm-22e">
         <name>cyBot_sendByte</name>
         <value>0x2355</value>
         <object_component_ref idref="oc-dd"/>
      </symbol>
      <symbol id="sm-22f">
         <name>cyBot_uart_sendStr</name>
         <value>0x2361</value>
         <object_component_ref idref="oc-dd"/>
      </symbol>
      <symbol id="sm-230">
         <name>isr_counter</name>
         <value>0x2000128c</value>
         <object_component_ref idref="oc-18e"/>
      </symbol>
      <symbol id="sm-231">
         <name>cyBot_uart_sendBuffer</name>
         <value>0x237b</value>
         <object_component_ref idref="oc-dd"/>
      </symbol>
      <symbol id="sm-232">
         <name>cyBot_uart_flush</name>
         <value>0x2425</value>
         <object_component_ref idref="oc-dd"/>
      </symbol>
      <symbol id="sm-233">
         <name>cyBot_UART1_Handler</name>
         <value>0x245d</value>
         <object_component_ref idref="oc-dd"/>
      </symbol>
      <symbol id="sm-234">
         <name>cyBot_uart_init</name>
         <value>0x2393</value>
         <object_component_ref idref="oc-dd"/>
      </symbol>
      <symbol id="sm-260">
         <name>printf</name>
         <value>0x35d9</value>
         <object_component_ref idref="oc-1a3"/>
      </symbol>
      <symbol id="sm-3ca">
         <name>__TI_printfi</name>
         <value>0xe8d</value>
         <object_component_ref idref="oc-22f"/>
      </symbol>
      <symbol id="sm-3e0">
         <name>putc</name>
         <value>0x30c9</value>
         <object_component_ref idref="oc-2e4"/>
      </symbol>
      <symbol id="sm-3e1">
         <name>fputc</name>
         <value>0x30c9</value>
         <object_component_ref idref="oc-2e4"/>
      </symbol>
      <symbol id="sm-404">
         <name>fputs</name>
         <value>0x2849</value>
         <object_component_ref idref="oc-2dd"/>
      </symbol>
      <symbol id="sm-41c">
         <name>__TI_wrt_ok</name>
         <value>0x3709</value>
         <object_component_ref idref="oc-36c"/>
      </symbol>
      <symbol id="sm-438">
         <name>setvbuf</name>
         <value>0x2d4d</value>
         <object_component_ref idref="oc-3c3"/>
      </symbol>
      <symbol id="sm-44f">
         <name>__aeabi_dsub</name>
         <value>0x219d</value>
         <object_component_ref idref="oc-171"/>
      </symbol>
      <symbol id="sm-450">
         <name>__aeabi_dadd</name>
         <value>0x21a7</value>
         <object_component_ref idref="oc-171"/>
      </symbol>
      <symbol id="sm-472">
         <name>__aeabi_cdcmpeq</name>
         <value>0x3155</value>
         <object_component_ref idref="oc-19e"/>
      </symbol>
      <symbol id="sm-473">
         <name>__aeabi_cdcmple</name>
         <value>0x3155</value>
         <object_component_ref idref="oc-19e"/>
      </symbol>
      <symbol id="sm-474">
         <name>__aeabi_cdrcmple</name>
         <value>0x31db</value>
         <object_component_ref idref="oc-199"/>
      </symbol>
      <symbol id="sm-488">
         <name>__aeabi_ddiv</name>
         <value>0x25ed</value>
         <object_component_ref idref="oc-167"/>
      </symbol>
      <symbol id="sm-493">
         <name>__aeabi_dmul</name>
         <value>0x2b6d</value>
         <object_component_ref idref="oc-162"/>
      </symbol>
      <symbol id="sm-49d">
         <name>__aeabi_d2iz</name>
         <value>0x3ab5</value>
         <object_component_ref idref="oc-194"/>
      </symbol>
      <symbol id="sm-4a9">
         <name>__aeabi_d2f</name>
         <value>0x342f</value>
         <object_component_ref idref="oc-179"/>
      </symbol>
      <symbol id="sm-4b4">
         <name>__aeabi_f2d</name>
         <value>0x3cbd</value>
         <object_component_ref idref="oc-17e"/>
      </symbol>
      <symbol id="sm-4be">
         <name>__aeabi_i2d</name>
         <value>0x3e2d</value>
         <object_component_ref idref="oc-16c"/>
      </symbol>
      <symbol id="sm-4d9">
         <name>memcpy</name>
         <value>0x2f97</value>
         <object_component_ref idref="oc-3e"/>
      </symbol>
      <symbol id="sm-4da">
         <name>__aeabi_memcpy</name>
         <value>0x2f97</value>
         <object_component_ref idref="oc-3e"/>
      </symbol>
      <symbol id="sm-4db">
         <name>__aeabi_memcpy8</name>
         <value>0x2f97</value>
         <object_component_ref idref="oc-3e"/>
      </symbol>
      <symbol id="sm-4dc">
         <name>__aeabi_memcpy4</name>
         <value>0x2f97</value>
         <object_component_ref idref="oc-3e"/>
      </symbol>
      <symbol id="sm-4eb">
         <name>__aeabi_memset</name>
         <value>0x3263</value>
         <object_component_ref idref="oc-96"/>
      </symbol>
      <symbol id="sm-4ec">
         <name>memset</name>
         <value>0x3269</value>
         <object_component_ref idref="oc-96"/>
      </symbol>
      <symbol id="sm-4ed">
         <name>__aeabi_memset8</name>
         <value>0x3263</value>
         <object_component_ref idref="oc-96"/>
      </symbol>
      <symbol id="sm-4ee">
         <name>__aeabi_memset4</name>
         <value>0x3263</value>
         <object_component_ref idref="oc-96"/>
      </symbol>
      <symbol id="sm-4ef">
         <name>__aeabi_memclr8</name>
         <value>0x3261</value>
         <object_component_ref idref="oc-96"/>
      </symbol>
      <symbol id="sm-4f0">
         <name>__aeabi_memclr4</name>
         <value>0x3261</value>
         <object_component_ref idref="oc-96"/>
      </symbol>
      <symbol id="sm-4f1">
         <name>__aeabi_memclr</name>
         <value>0x3261</value>
         <object_component_ref idref="oc-96"/>
      </symbol>
      <symbol id="sm-4fe">
         <name>__aeabi_uldivmod</name>
         <value>0x3033</value>
         <object_component_ref idref="oc-311"/>
      </symbol>
      <symbol id="sm-510">
         <name>__TI_zero_init</name>
         <value>0x401d</value>
         <object_component_ref idref="oc-50"/>
      </symbol>
      <symbol id="sm-527">
         <name>__TI_decompress_none</name>
         <value>0x4003</value>
         <object_component_ref idref="oc-1b"/>
      </symbol>
      <symbol id="sm-54a">
         <name>__TI_decompress_lzss</name>
         <value>0x3571</value>
         <object_component_ref idref="oc-15"/>
      </symbol>
      <symbol id="sm-570">
         <name>C$$EXIT</name>
         <value>0x4051</value>
         <object_component_ref idref="oc-f4"/>
      </symbol>
      <symbol id="sm-571">
         <name>abort</name>
         <value>0x4051</value>
         <object_component_ref idref="oc-f4"/>
      </symbol>
      <symbol id="sm-572">
         <name>__TI_dtors_ptr</name>
         <value>0x20001274</value>
         <object_component_ref idref="oc-1c5"/>
      </symbol>
      <symbol id="sm-573">
         <name>__TI_cleanup_ptr</name>
         <value>0x20001270</value>
         <object_component_ref idref="oc-1c5"/>
      </symbol>
      <symbol id="sm-574">
         <name>__TI_enable_exit_profile_output</name>
         <value>0x20001278</value>
         <object_component_ref idref="oc-1c5"/>
      </symbol>
      <symbol id="sm-575">
         <name>exit</name>
         <value>0x3a6d</value>
         <object_component_ref idref="oc-fa"/>
      </symbol>
      <symbol id="sm-58a">
         <name>_nop</name>
         <value>0x18db</value>
         <object_component_ref idref="oc-254"/>
      </symbol>
      <symbol id="sm-58b">
         <name>_lock</name>
         <value>0x2000127c</value>
         <object_component_ref idref="oc-1c8"/>
      </symbol>
      <symbol id="sm-58c">
         <name>_unlock</name>
         <value>0x20001280</value>
         <object_component_ref idref="oc-1c8"/>
      </symbol>
      <symbol id="sm-59b">
         <name>__TI_ltoa</name>
         <value>0x392f</value>
         <object_component_ref idref="oc-317"/>
      </symbol>
      <symbol id="sm-5b1">
         <name>atoi</name>
         <value>0x3a21</value>
         <object_component_ref idref="oc-297"/>
      </symbol>
      <symbol id="sm-5bc">
         <name>_ctypes_</name>
         <value>0x4058</value>
         <object_component_ref idref="oc-30c"/>
      </symbol>
      <symbol id="sm-5d1">
         <name>__TI_tmpnams</name>
         <value>0x20000f90</value>
      </symbol>
      <symbol id="sm-5d2">
         <name>__aeabi_stdout</name>
         <value>0x20001268</value>
         <object_component_ref idref="oc-420"/>
      </symbol>
      <symbol id="sm-5d3">
         <name>__aeabi_stderr</name>
         <value>0x2000126c</value>
         <object_component_ref idref="oc-420"/>
      </symbol>
      <symbol id="sm-5d4">
         <name>__aeabi_stdin</name>
         <value>0x20001264</value>
         <object_component_ref idref="oc-420"/>
      </symbol>
      <symbol id="sm-5d5">
         <name>_ftable</name>
         <value>0x20001088</value>
         <object_component_ref idref="oc-235"/>
      </symbol>
      <symbol id="sm-5d6">
         <name>__TI_ft_end</name>
         <value>0x20001260</value>
         <object_component_ref idref="oc-420"/>
      </symbol>
      <symbol id="sm-5e6">
         <name>memccpy</name>
         <value>0x3f3d</value>
         <object_component_ref idref="oc-2bb"/>
      </symbol>
      <symbol id="sm-5f6">
         <name>memchr</name>
         <value>0x3f01</value>
         <object_component_ref idref="oc-372"/>
      </symbol>
      <symbol id="sm-68b">
         <name>_sys_memory</name>
         <value>0x20000a70</value>
         <object_component_ref idref="oc-24"/>
      </symbol>
      <symbol id="sm-68c">
         <name>free</name>
         <value>0x2c69</value>
         <object_component_ref idref="oc-13a"/>
      </symbol>
      <symbol id="sm-68d">
         <name>memalign</name>
         <value>0x2a6d</value>
         <object_component_ref idref="oc-273"/>
      </symbol>
      <symbol id="sm-68e">
         <name>calloc</name>
         <value>0x3c85</value>
         <object_component_ref idref="oc-134"/>
      </symbol>
      <symbol id="sm-68f">
         <name>malloc</name>
         <value>0x403d</value>
         <object_component_ref idref="oc-1e4"/>
      </symbol>
      <symbol id="sm-690">
         <name>aligned_alloc</name>
         <value>0x2a6d</value>
         <object_component_ref idref="oc-273"/>
      </symbol>
      <symbol id="sm-6a0">
         <name>strchr</name>
         <value>0x3fa3</value>
         <object_component_ref idref="oc-344"/>
      </symbol>
      <symbol id="sm-6af">
         <name>strcmp</name>
         <value>0x3f8b</value>
         <object_component_ref idref="oc-14d"/>
      </symbol>
      <symbol id="sm-6bd">
         <name>strcpy</name>
         <value>0x3fb9</value>
         <object_component_ref idref="oc-481"/>
      </symbol>
      <symbol id="sm-6cb">
         <name>strlen</name>
         <value>0x3fcd</value>
         <object_component_ref idref="oc-e3"/>
      </symbol>
      <symbol id="sm-6de">
         <name>__stack</name>
         <value>0x20000270</value>
         <object_component_ref idref="oc-27"/>
      </symbol>
      <symbol id="sm-6df">
         <name>_c_int00_noargs</name>
         <value>0x3dc9</value>
         <object_component_ref idref="oc-5c"/>
      </symbol>
      <symbol id="sm-6f9">
         <name>write</name>
         <value>0x3ed9</value>
         <object_component_ref idref="oc-37e"/>
      </symbol>
      <symbol id="sm-70a">
         <name>_stream</name>
         <value>0x200011f0</value>
         <object_component_ref idref="oc-3cf"/>
      </symbol>
      <symbol id="sm-70b">
         <name>_device</name>
         <value>0x20001178</value>
         <object_component_ref idref="oc-404"/>
      </symbol>
      <symbol id="sm-721">
         <name>__aeabi_errno_addr</name>
         <value>0x4035</value>
         <object_component_ref idref="oc-2c7"/>
      </symbol>
      <symbol id="sm-722">
         <name>errno</name>
         <value>0x20001294</value>
         <object_component_ref idref="oc-354"/>
      </symbol>
      <symbol id="sm-73b">
         <name>wcslen</name>
         <value>0x3fe1</value>
         <object_component_ref idref="oc-2c1"/>
      </symbol>
      <symbol id="sm-75b">
         <name>frexpl</name>
         <value>0x3641</value>
         <object_component_ref idref="oc-338"/>
      </symbol>
      <symbol id="sm-75c">
         <name>frexp</name>
         <value>0x3641</value>
         <object_component_ref idref="oc-338"/>
      </symbol>
      <symbol id="sm-779">
         <name>scalbn</name>
         <value>0x295d</value>
         <object_component_ref idref="oc-33e"/>
      </symbol>
      <symbol id="sm-77a">
         <name>scalbnl</name>
         <value>0x295d</value>
         <object_component_ref idref="oc-33e"/>
      </symbol>
      <symbol id="sm-77b">
         <name>ldexpl</name>
         <value>0x295d</value>
         <object_component_ref idref="oc-33e"/>
      </symbol>
      <symbol id="sm-77c">
         <name>ldexp</name>
         <value>0x295d</value>
         <object_component_ref idref="oc-33e"/>
      </symbol>
      <symbol id="sm-78c">
         <name>__TI_doflush</name>
         <value>0x39d5</value>
         <object_component_ref idref="oc-378"/>
      </symbol>
      <symbol id="sm-79c">
         <name>__TI_cleanup</name>
         <value>0x3d61</value>
         <object_component_ref idref="oc-3f1"/>
      </symbol>
      <symbol id="sm-7ae">
         <name>fseek</name>
         <value>0x36a5</value>
         <object_component_ref idref="oc-3bd"/>
      </symbol>
      <symbol id="sm-7b8">
         <name>__aeabi_idiv0</name>
         <value>0x2353</value>
         <object_component_ref idref="oc-38e"/>
      </symbol>
      <symbol id="sm-7b9">
         <name>__aeabi_ldiv0</name>
         <value>0x2353</value>
         <object_component_ref idref="oc-38e"/>
      </symbol>
      <symbol id="sm-7e1">
         <name>__TI_auto_init_nobinit_nopinit</name>
         <value>0x3b85</value>
         <object_component_ref idref="oc-100"/>
      </symbol>
      <symbol id="sm-7eb">
         <name>_system_pre_init</name>
         <value>0x404d</value>
         <object_component_ref idref="oc-9c"/>
      </symbol>
      <symbol id="sm-7fe">
         <name>HOSTclose</name>
         <value>0x3afd</value>
         <object_component_ref idref="oc-42c"/>
      </symbol>
      <symbol id="sm-80f">
         <name>HOSTlseek</name>
         <value>0x3509</value>
         <object_component_ref idref="oc-43e"/>
      </symbol>
      <symbol id="sm-821">
         <name>parmbuf</name>
         <value>0x2000107c</value>
      </symbol>
      <symbol id="sm-822">
         <name>HOSTopen</name>
         <value>0x376d</value>
         <object_component_ref idref="oc-426"/>
      </symbol>
      <symbol id="sm-833">
         <name>HOSTread</name>
         <value>0x3829</value>
         <object_component_ref idref="oc-432"/>
      </symbol>
      <symbol id="sm-844">
         <name>HOSTrename</name>
         <value>0x349d</value>
         <object_component_ref idref="oc-44a"/>
      </symbol>
      <symbol id="sm-855">
         <name>HOSTunlink</name>
         <value>0x3b41</value>
         <object_component_ref idref="oc-444"/>
      </symbol>
      <symbol id="sm-866">
         <name>HOSTwrite</name>
         <value>0x3881</value>
         <object_component_ref idref="oc-438"/>
      </symbol>
      <symbol id="sm-88a">
         <name>__TI_readmsg</name>
         <value>0x3d95</value>
         <object_component_ref idref="oc-46d"/>
      </symbol>
      <symbol id="sm-88b">
         <name>C$$IO$$</name>
         <value>0x3c7b</value>
         <object_component_ref idref="oc-467"/>
      </symbol>
      <symbol id="sm-88c">
         <name>__CIOBUF_</name>
         <value>0x20000e70</value>
         <object_component_ref idref="oc-495"/>
      </symbol>
      <symbol id="sm-88d">
         <name>__TI_writemsg</name>
         <value>0x3c4d</value>
         <object_component_ref idref="oc-467"/>
      </symbol>
      <symbol id="sm-89e">
         <name>lseek</name>
         <value>0x3eb1</value>
         <object_component_ref idref="oc-3e9"/>
      </symbol>
      <symbol id="sm-8a8">
         <name>copysign</name>
         <value>0x3f59</value>
         <object_component_ref idref="oc-3a1"/>
      </symbol>
      <symbol id="sm-8a9">
         <name>copysignl</name>
         <value>0x3f59</value>
         <object_component_ref idref="oc-3a1"/>
      </symbol>
      <symbol id="sm-8be">
         <name>__TI_closefile</name>
         <value>0x32dd</value>
         <object_component_ref idref="oc-41a"/>
      </symbol>
      <symbol id="sm-8e1">
         <name>finddevice</name>
         <value>0x3dfd</value>
         <object_component_ref idref="oc-4b3"/>
      </symbol>
      <symbol id="sm-8e2">
         <name>getdevice</name>
         <value>0x3bc9</value>
         <object_component_ref idref="oc-48b"/>
      </symbol>
      <symbol id="sm-8f2">
         <name>strncpy</name>
         <value>0x3cf5</value>
         <object_component_ref idref="oc-4ad"/>
      </symbol>
      <symbol id="sm-907">
         <name>close</name>
         <value>0x37cd</value>
         <object_component_ref idref="oc-456"/>
      </symbol>
      <symbol id="sm-917">
         <name>unlink</name>
         <value>0x3e5d</value>
         <object_component_ref idref="oc-45c"/>
      </symbol>
      <symbol id="sm-946">
         <name>IntRegister</name>
         <value>0x3d2d</value>
         <object_component_ref idref="oc-153"/>
      </symbol>
      <symbol id="sm-947">
         <name>g_pfnRAMVectors</name>
         <value>0x20000000</value>
         <object_component_ref idref="oc-1ff"/>
      </symbol>
      <symbol id="sm-948">
         <name>IntMasterEnable</name>
         <value>0x3ff3</value>
         <object_component_ref idref="oc-159"/>
      </symbol>
      <symbol id="sm-952">
         <name>CPUcpsie</name>
         <value>0x4011</value>
         <object_component_ref idref="oc-209"/>
      </symbol>
      <symbol id="sm-953">
         <name>__TI_static_base__</name>
         <value>0x0</value>
      </symbol>
      <symbol id="sm-956">
         <name>__mpu_init</name>
         <value>0x0</value>
      </symbol>
      <symbol id="sm-957">
         <name>_system_post_cinit</name>
         <value>0x0</value>
      </symbol>
      <symbol id="sm-958">
         <name>remove</name>
         <value>0x3e5d</value>
      </symbol>
   </symbol_table>
   <title>Link successful</title>
</link_info>
