<?xml version="1.0" encoding="ISO-8859-1" ?>
<link_info>
   <banner>TI ARM Linker PC v20.2.7.LTS</banner>
   <copyright>Copyright (c) 1996-2018 Texas Instruments Incorporated</copyright>
   <link_time>0x66f45c03</link_time>
   <link_errors>0x0</link_errors>
   <output_file>lab3.out</output_file>
   <entry_point>
      <name>_c_int00_noargs</name>
      <address>0x59b5</address>
   </entry_point>
   <input_file_list>
      <input_file id="fl-2">
         <path>.\</path>
         <kind>object</kind>
         <file>Timer.obj</file>
         <name>Timer.obj</name>
      </input_file>
      <input_file id="fl-3">
         <path>.\</path>
         <kind>object</kind>
         <file>lcd.obj</file>
         <name>lcd.obj</name>
      </input_file>
      <input_file id="fl-4">
         <path>.\</path>
         <kind>object</kind>
         <file>main.obj</file>
         <name>main.obj</name>
      </input_file>
      <input_file id="fl-5">
         <path>.\</path>
         <kind>object</kind>
         <file>open_interface.obj</file>
         <name>open_interface.obj</name>
      </input_file>
      <input_file id="fl-6">
         <path>.\</path>
         <kind>object</kind>
         <file>tm4c123gh6pm_startup_ccs.obj</file>
         <name>tm4c123gh6pm_startup_ccs.obj</name>
      </input_file>
      <input_file id="fl-d">
         <kind>object</kind>
         <file>&lt;internal&gt;</file>
         <name>&lt;internal&gt;</name>
      </input_file>
      <input_file id="fl-e">
         <path>..\</path>
         <kind>archive</kind>
         <file>libcybotScan.lib</file>
         <name>cyBot_Scan.obj</name>
      </input_file>
      <input_file id="fl-f">
         <path>..\</path>
         <kind>archive</kind>
         <file>libcybotScan.lib</file>
         <name>ir.obj</name>
      </input_file>
      <input_file id="fl-10">
         <path>..\</path>
         <kind>archive</kind>
         <file>libcybotScan.lib</file>
         <name>ping.obj</name>
      </input_file>
      <input_file id="fl-11">
         <path>..\</path>
         <kind>archive</kind>
         <file>libcybotScan.lib</file>
         <name>servo.obj</name>
      </input_file>
      <input_file id="fl-12">
         <path>..\</path>
         <kind>archive</kind>
         <file>libcybotUART.lib</file>
         <name>uart.obj</name>
      </input_file>
      <input_file id="fl-c8">
         <path>C:\ti\ccs1271\ccs\tools\compiler\ti-cgt-arm_20.2.7.LTS\lib\</path>
         <kind>archive</kind>
         <file>rtsv7M4_T_le_v4SPD16_eabi.lib</file>
         <name>s_sin.c.obj</name>
      </input_file>
      <input_file id="fl-c9">
         <path>C:\ti\ccs1271\ccs\tools\compiler\ti-cgt-arm_20.2.7.LTS\lib\</path>
         <kind>archive</kind>
         <file>rtsv7M4_T_le_v4SPD16_eabi.lib</file>
         <name>printf.c.obj</name>
      </input_file>
      <input_file id="fl-ca">
         <path>C:\ti\ccs1271\ccs\tools\compiler\ti-cgt-arm_20.2.7.LTS\lib\</path>
         <kind>archive</kind>
         <file>rtsv7M4_T_le_v4SPD16_eabi.lib</file>
         <name>_printfi.c.obj</name>
      </input_file>
      <input_file id="fl-cb">
         <path>C:\ti\ccs1271\ccs\tools\compiler\ti-cgt-arm_20.2.7.LTS\lib\</path>
         <kind>archive</kind>
         <file>rtsv7M4_T_le_v4SPD16_eabi.lib</file>
         <name>sprintf.c.obj</name>
      </input_file>
      <input_file id="fl-cc">
         <path>C:\ti\ccs1271\ccs\tools\compiler\ti-cgt-arm_20.2.7.LTS\lib\</path>
         <kind>archive</kind>
         <file>rtsv7M4_T_le_v4SPD16_eabi.lib</file>
         <name>vsnprintf.c.obj</name>
      </input_file>
      <input_file id="fl-cd">
         <path>C:\ti\ccs1271\ccs\tools\compiler\ti-cgt-arm_20.2.7.LTS\lib\</path>
         <kind>archive</kind>
         <file>rtsv7M4_T_le_v4SPD16_eabi.lib</file>
         <name>fputc.c.obj</name>
      </input_file>
      <input_file id="fl-ce">
         <path>C:\ti\ccs1271\ccs\tools\compiler\ti-cgt-arm_20.2.7.LTS\lib\</path>
         <kind>archive</kind>
         <file>rtsv7M4_T_le_v4SPD16_eabi.lib</file>
         <name>fputs.c.obj</name>
      </input_file>
      <input_file id="fl-cf">
         <path>C:\ti\ccs1271\ccs\tools\compiler\ti-cgt-arm_20.2.7.LTS\lib\</path>
         <kind>archive</kind>
         <file>rtsv7M4_T_le_v4SPD16_eabi.lib</file>
         <name>_io_perm.c.obj</name>
      </input_file>
      <input_file id="fl-d0">
         <path>C:\ti\ccs1271\ccs\tools\compiler\ti-cgt-arm_20.2.7.LTS\lib\</path>
         <kind>archive</kind>
         <file>rtsv7M4_T_le_v4SPD16_eabi.lib</file>
         <name>setvbuf.c.obj</name>
      </input_file>
      <input_file id="fl-d1">
         <path>C:\ti\ccs1271\ccs\tools\compiler\ti-cgt-arm_20.2.7.LTS\lib\</path>
         <kind>archive</kind>
         <file>rtsv7M4_T_le_v4SPD16_eabi.lib</file>
         <name>fd_add_t2.asm.obj</name>
      </input_file>
      <input_file id="fl-d2">
         <path>C:\ti\ccs1271\ccs\tools\compiler\ti-cgt-arm_20.2.7.LTS\lib\</path>
         <kind>archive</kind>
         <file>rtsv7M4_T_le_v4SPD16_eabi.lib</file>
         <name>fd_cmp_t2.asm.obj</name>
      </input_file>
      <input_file id="fl-d3">
         <path>C:\ti\ccs1271\ccs\tools\compiler\ti-cgt-arm_20.2.7.LTS\lib\</path>
         <kind>archive</kind>
         <file>rtsv7M4_T_le_v4SPD16_eabi.lib</file>
         <name>fd_div_t2.asm.obj</name>
      </input_file>
      <input_file id="fl-d4">
         <path>C:\ti\ccs1271\ccs\tools\compiler\ti-cgt-arm_20.2.7.LTS\lib\</path>
         <kind>archive</kind>
         <file>rtsv7M4_T_le_v4SPD16_eabi.lib</file>
         <name>fd_mul_t2.asm.obj</name>
      </input_file>
      <input_file id="fl-d5">
         <path>C:\ti\ccs1271\ccs\tools\compiler\ti-cgt-arm_20.2.7.LTS\lib\</path>
         <kind>archive</kind>
         <file>rtsv7M4_T_le_v4SPD16_eabi.lib</file>
         <name>fd_toi_t2.asm.obj</name>
      </input_file>
      <input_file id="fl-d6">
         <path>C:\ti\ccs1271\ccs\tools\compiler\ti-cgt-arm_20.2.7.LTS\lib\</path>
         <kind>archive</kind>
         <file>rtsv7M4_T_le_v4SPD16_eabi.lib</file>
         <name>fd_tos_t2.asm.obj</name>
      </input_file>
      <input_file id="fl-d7">
         <path>C:\ti\ccs1271\ccs\tools\compiler\ti-cgt-arm_20.2.7.LTS\lib\</path>
         <kind>archive</kind>
         <file>rtsv7M4_T_le_v4SPD16_eabi.lib</file>
         <name>fs_tod_t2.asm.obj</name>
      </input_file>
      <input_file id="fl-d8">
         <path>C:\ti\ccs1271\ccs\tools\compiler\ti-cgt-arm_20.2.7.LTS\lib\</path>
         <kind>archive</kind>
         <file>rtsv7M4_T_le_v4SPD16_eabi.lib</file>
         <name>i_tofd_t2.asm.obj</name>
      </input_file>
      <input_file id="fl-d9">
         <path>C:\ti\ccs1271\ccs\tools\compiler\ti-cgt-arm_20.2.7.LTS\lib\</path>
         <kind>archive</kind>
         <file>rtsv7M4_T_le_v4SPD16_eabi.lib</file>
         <name>memcpy_t2.asm.obj</name>
      </input_file>
      <input_file id="fl-da">
         <path>C:\ti\ccs1271\ccs\tools\compiler\ti-cgt-arm_20.2.7.LTS\lib\</path>
         <kind>archive</kind>
         <file>rtsv7M4_T_le_v4SPD16_eabi.lib</file>
         <name>u_tofd_t2.asm.obj</name>
      </input_file>
      <input_file id="fl-db">
         <path>C:\ti\ccs1271\ccs\tools\compiler\ti-cgt-arm_20.2.7.LTS\lib\</path>
         <kind>archive</kind>
         <file>rtsv7M4_T_le_v4SPD16_eabi.lib</file>
         <name>memset_t2.asm.obj</name>
      </input_file>
      <input_file id="fl-dc">
         <path>C:\ti\ccs1271\ccs\tools\compiler\ti-cgt-arm_20.2.7.LTS\lib\</path>
         <kind>archive</kind>
         <file>rtsv7M4_T_le_v4SPD16_eabi.lib</file>
         <name>ull_div_t2.asm.obj</name>
      </input_file>
      <input_file id="fl-dd">
         <path>C:\ti\ccs1271\ccs\tools\compiler\ti-cgt-arm_20.2.7.LTS\lib\</path>
         <kind>archive</kind>
         <file>rtsv7M4_T_le_v4SPD16_eabi.lib</file>
         <name>copy_zero_init.c.obj</name>
      </input_file>
      <input_file id="fl-de">
         <path>C:\ti\ccs1271\ccs\tools\compiler\ti-cgt-arm_20.2.7.LTS\lib\</path>
         <kind>archive</kind>
         <file>rtsv7M4_T_le_v4SPD16_eabi.lib</file>
         <name>copy_decompress_none.c.obj</name>
      </input_file>
      <input_file id="fl-df">
         <path>C:\ti\ccs1271\ccs\tools\compiler\ti-cgt-arm_20.2.7.LTS\lib\</path>
         <kind>archive</kind>
         <file>rtsv7M4_T_le_v4SPD16_eabi.lib</file>
         <name>copy_decompress_lzss.c.obj</name>
      </input_file>
      <input_file id="fl-e0">
         <path>C:\ti\ccs1271\ccs\tools\compiler\ti-cgt-arm_20.2.7.LTS\lib\</path>
         <kind>archive</kind>
         <file>rtsv7M4_T_le_v4SPD16_eabi.lib</file>
         <name>exit.c.obj</name>
      </input_file>
      <input_file id="fl-e1">
         <path>C:\ti\ccs1271\ccs\tools\compiler\ti-cgt-arm_20.2.7.LTS\lib\</path>
         <kind>archive</kind>
         <file>rtsv7M4_T_le_v4SPD16_eabi.lib</file>
         <name>_lock.c.obj</name>
      </input_file>
      <input_file id="fl-e2">
         <path>C:\ti\ccs1271\ccs\tools\compiler\ti-cgt-arm_20.2.7.LTS\lib\</path>
         <kind>archive</kind>
         <file>rtsv7M4_T_le_v4SPD16_eabi.lib</file>
         <name>_ltoa.c.obj</name>
      </input_file>
      <input_file id="fl-e3">
         <path>C:\ti\ccs1271\ccs\tools\compiler\ti-cgt-arm_20.2.7.LTS\lib\</path>
         <kind>archive</kind>
         <file>rtsv7M4_T_le_v4SPD16_eabi.lib</file>
         <name>atoi.c.obj</name>
      </input_file>
      <input_file id="fl-e4">
         <path>C:\ti\ccs1271\ccs\tools\compiler\ti-cgt-arm_20.2.7.LTS\lib\</path>
         <kind>archive</kind>
         <file>rtsv7M4_T_le_v4SPD16_eabi.lib</file>
         <name>ctype.c.obj</name>
      </input_file>
      <input_file id="fl-e5">
         <path>C:\ti\ccs1271\ccs\tools\compiler\ti-cgt-arm_20.2.7.LTS\lib\</path>
         <kind>archive</kind>
         <file>rtsv7M4_T_le_v4SPD16_eabi.lib</file>
         <name>defs.c.obj</name>
      </input_file>
      <input_file id="fl-e6">
         <path>C:\ti\ccs1271\ccs\tools\compiler\ti-cgt-arm_20.2.7.LTS\lib\</path>
         <kind>archive</kind>
         <file>rtsv7M4_T_le_v4SPD16_eabi.lib</file>
         <name>memccpy.c.obj</name>
      </input_file>
      <input_file id="fl-e7">
         <path>C:\ti\ccs1271\ccs\tools\compiler\ti-cgt-arm_20.2.7.LTS\lib\</path>
         <kind>archive</kind>
         <file>rtsv7M4_T_le_v4SPD16_eabi.lib</file>
         <name>memchr.c.obj</name>
      </input_file>
      <input_file id="fl-e8">
         <path>C:\ti\ccs1271\ccs\tools\compiler\ti-cgt-arm_20.2.7.LTS\lib\</path>
         <kind>archive</kind>
         <file>rtsv7M4_T_le_v4SPD16_eabi.lib</file>
         <name>memory.c.obj</name>
      </input_file>
      <input_file id="fl-e9">
         <path>C:\ti\ccs1271\ccs\tools\compiler\ti-cgt-arm_20.2.7.LTS\lib\</path>
         <kind>archive</kind>
         <file>rtsv7M4_T_le_v4SPD16_eabi.lib</file>
         <name>strchr.c.obj</name>
      </input_file>
      <input_file id="fl-ea">
         <path>C:\ti\ccs1271\ccs\tools\compiler\ti-cgt-arm_20.2.7.LTS\lib\</path>
         <kind>archive</kind>
         <file>rtsv7M4_T_le_v4SPD16_eabi.lib</file>
         <name>strcmp.c.obj</name>
      </input_file>
      <input_file id="fl-eb">
         <path>C:\ti\ccs1271\ccs\tools\compiler\ti-cgt-arm_20.2.7.LTS\lib\</path>
         <kind>archive</kind>
         <file>rtsv7M4_T_le_v4SPD16_eabi.lib</file>
         <name>strcpy.c.obj</name>
      </input_file>
      <input_file id="fl-ec">
         <path>C:\ti\ccs1271\ccs\tools\compiler\ti-cgt-arm_20.2.7.LTS\lib\</path>
         <kind>archive</kind>
         <file>rtsv7M4_T_le_v4SPD16_eabi.lib</file>
         <name>strlen.c.obj</name>
      </input_file>
      <input_file id="fl-ed">
         <path>C:\ti\ccs1271\ccs\tools\compiler\ti-cgt-arm_20.2.7.LTS\lib\</path>
         <kind>archive</kind>
         <file>rtsv7M4_T_le_v4SPD16_eabi.lib</file>
         <name>k_rem_pio2.c.obj</name>
      </input_file>
      <input_file id="fl-ee">
         <path>C:\ti\ccs1271\ccs\tools\compiler\ti-cgt-arm_20.2.7.LTS\lib\</path>
         <kind>archive</kind>
         <file>rtsv7M4_T_le_v4SPD16_eabi.lib</file>
         <name>boot_cortex_m.c.obj</name>
      </input_file>
      <input_file id="fl-ef">
         <path>C:\ti\ccs1271\ccs\tools\compiler\ti-cgt-arm_20.2.7.LTS\lib\</path>
         <kind>archive</kind>
         <file>rtsv7M4_T_le_v4SPD16_eabi.lib</file>
         <name>write.c.obj</name>
      </input_file>
      <input_file id="fl-f0">
         <path>C:\ti\ccs1271\ccs\tools\compiler\ti-cgt-arm_20.2.7.LTS\lib\</path>
         <kind>archive</kind>
         <file>rtsv7M4_T_le_v4SPD16_eabi.lib</file>
         <name>host_device.c.obj</name>
      </input_file>
      <input_file id="fl-f1">
         <path>C:\ti\ccs1271\ccs\tools\compiler\ti-cgt-arm_20.2.7.LTS\lib\</path>
         <kind>archive</kind>
         <file>rtsv7M4_T_le_v4SPD16_eabi.lib</file>
         <name>errno.c.obj</name>
      </input_file>
      <input_file id="fl-f2">
         <path>C:\ti\ccs1271\ccs\tools\compiler\ti-cgt-arm_20.2.7.LTS\lib\</path>
         <kind>archive</kind>
         <file>rtsv7M4_T_le_v4SPD16_eabi.lib</file>
         <name>wcslen.c.obj</name>
      </input_file>
      <input_file id="fl-f3">
         <path>C:\ti\ccs1271\ccs\tools\compiler\ti-cgt-arm_20.2.7.LTS\lib\</path>
         <kind>archive</kind>
         <file>rtsv7M4_T_le_v4SPD16_eabi.lib</file>
         <name>k_cos.c.obj</name>
      </input_file>
      <input_file id="fl-f4">
         <path>C:\ti\ccs1271\ccs\tools\compiler\ti-cgt-arm_20.2.7.LTS\lib\</path>
         <kind>archive</kind>
         <file>rtsv7M4_T_le_v4SPD16_eabi.lib</file>
         <name>k_sin.c.obj</name>
      </input_file>
      <input_file id="fl-f5">
         <path>C:\ti\ccs1271\ccs\tools\compiler\ti-cgt-arm_20.2.7.LTS\lib\</path>
         <kind>archive</kind>
         <file>rtsv7M4_T_le_v4SPD16_eabi.lib</file>
         <name>s_floor.c.obj</name>
      </input_file>
      <input_file id="fl-f6">
         <path>C:\ti\ccs1271\ccs\tools\compiler\ti-cgt-arm_20.2.7.LTS\lib\</path>
         <kind>archive</kind>
         <file>rtsv7M4_T_le_v4SPD16_eabi.lib</file>
         <name>s_frexp.c.obj</name>
      </input_file>
      <input_file id="fl-f7">
         <path>C:\ti\ccs1271\ccs\tools\compiler\ti-cgt-arm_20.2.7.LTS\lib\</path>
         <kind>archive</kind>
         <file>rtsv7M4_T_le_v4SPD16_eabi.lib</file>
         <name>s_scalbn.c.obj</name>
      </input_file>
      <input_file id="fl-f8">
         <path>C:\ti\ccs1271\ccs\tools\compiler\ti-cgt-arm_20.2.7.LTS\lib\</path>
         <kind>archive</kind>
         <file>rtsv7M4_T_le_v4SPD16_eabi.lib</file>
         <name>fflush.c.obj</name>
      </input_file>
      <input_file id="fl-f9">
         <path>C:\ti\ccs1271\ccs\tools\compiler\ti-cgt-arm_20.2.7.LTS\lib\</path>
         <kind>archive</kind>
         <file>rtsv7M4_T_le_v4SPD16_eabi.lib</file>
         <name>fopen.c.obj</name>
      </input_file>
      <input_file id="fl-fa">
         <path>C:\ti\ccs1271\ccs\tools\compiler\ti-cgt-arm_20.2.7.LTS\lib\</path>
         <kind>archive</kind>
         <file>rtsv7M4_T_le_v4SPD16_eabi.lib</file>
         <name>fseek.c.obj</name>
      </input_file>
      <input_file id="fl-fb">
         <path>C:\ti\ccs1271\ccs\tools\compiler\ti-cgt-arm_20.2.7.LTS\lib\</path>
         <kind>archive</kind>
         <file>rtsv7M4_T_le_v4SPD16_eabi.lib</file>
         <name>div0.asm.obj</name>
      </input_file>
      <input_file id="fl-fc">
         <path>C:\ti\ccs1271\ccs\tools\compiler\ti-cgt-arm_20.2.7.LTS\lib\</path>
         <kind>archive</kind>
         <file>rtsv7M4_T_le_v4SPD16_eabi.lib</file>
         <name>autoinit.c.obj</name>
      </input_file>
      <input_file id="fl-fd">
         <path>C:\ti\ccs1271\ccs\tools\compiler\ti-cgt-arm_20.2.7.LTS\lib\</path>
         <kind>archive</kind>
         <file>rtsv7M4_T_le_v4SPD16_eabi.lib</file>
         <name>pre_init.c.obj</name>
      </input_file>
      <input_file id="fl-fe">
         <path>C:\ti\ccs1271\ccs\tools\compiler\ti-cgt-arm_20.2.7.LTS\lib\</path>
         <kind>archive</kind>
         <file>rtsv7M4_T_le_v4SPD16_eabi.lib</file>
         <name>cpy_tbl.c.obj</name>
      </input_file>
      <input_file id="fl-ff">
         <path>C:\ti\ccs1271\ccs\tools\compiler\ti-cgt-arm_20.2.7.LTS\lib\</path>
         <kind>archive</kind>
         <file>rtsv7M4_T_le_v4SPD16_eabi.lib</file>
         <name>args_main.c.obj</name>
      </input_file>
      <input_file id="fl-100">
         <path>C:\ti\ccs1271\ccs\tools\compiler\ti-cgt-arm_20.2.7.LTS\lib\</path>
         <kind>archive</kind>
         <file>rtsv7M4_T_le_v4SPD16_eabi.lib</file>
         <name>hostclose.c.obj</name>
      </input_file>
      <input_file id="fl-101">
         <path>C:\ti\ccs1271\ccs\tools\compiler\ti-cgt-arm_20.2.7.LTS\lib\</path>
         <kind>archive</kind>
         <file>rtsv7M4_T_le_v4SPD16_eabi.lib</file>
         <name>hostlseek.c.obj</name>
      </input_file>
      <input_file id="fl-102">
         <path>C:\ti\ccs1271\ccs\tools\compiler\ti-cgt-arm_20.2.7.LTS\lib\</path>
         <kind>archive</kind>
         <file>rtsv7M4_T_le_v4SPD16_eabi.lib</file>
         <name>hostopen.c.obj</name>
      </input_file>
      <input_file id="fl-103">
         <path>C:\ti\ccs1271\ccs\tools\compiler\ti-cgt-arm_20.2.7.LTS\lib\</path>
         <kind>archive</kind>
         <file>rtsv7M4_T_le_v4SPD16_eabi.lib</file>
         <name>hostread.c.obj</name>
      </input_file>
      <input_file id="fl-104">
         <path>C:\ti\ccs1271\ccs\tools\compiler\ti-cgt-arm_20.2.7.LTS\lib\</path>
         <kind>archive</kind>
         <file>rtsv7M4_T_le_v4SPD16_eabi.lib</file>
         <name>hostrename.c.obj</name>
      </input_file>
      <input_file id="fl-105">
         <path>C:\ti\ccs1271\ccs\tools\compiler\ti-cgt-arm_20.2.7.LTS\lib\</path>
         <kind>archive</kind>
         <file>rtsv7M4_T_le_v4SPD16_eabi.lib</file>
         <name>hostunlink.c.obj</name>
      </input_file>
      <input_file id="fl-106">
         <path>C:\ti\ccs1271\ccs\tools\compiler\ti-cgt-arm_20.2.7.LTS\lib\</path>
         <kind>archive</kind>
         <file>rtsv7M4_T_le_v4SPD16_eabi.lib</file>
         <name>hostwrite.c.obj</name>
      </input_file>
      <input_file id="fl-107">
         <path>C:\ti\ccs1271\ccs\tools\compiler\ti-cgt-arm_20.2.7.LTS\lib\</path>
         <kind>archive</kind>
         <file>rtsv7M4_T_le_v4SPD16_eabi.lib</file>
         <name>trgmsg.c.obj</name>
      </input_file>
      <input_file id="fl-108">
         <path>C:\ti\ccs1271\ccs\tools\compiler\ti-cgt-arm_20.2.7.LTS\lib\</path>
         <kind>archive</kind>
         <file>rtsv7M4_T_le_v4SPD16_eabi.lib</file>
         <name>open.c.obj</name>
      </input_file>
      <input_file id="fl-109">
         <path>C:\ti\ccs1271\ccs\tools\compiler\ti-cgt-arm_20.2.7.LTS\lib\</path>
         <kind>archive</kind>
         <file>rtsv7M4_T_le_v4SPD16_eabi.lib</file>
         <name>lseek.c.obj</name>
      </input_file>
      <input_file id="fl-10a">
         <path>C:\ti\ccs1271\ccs\tools\compiler\ti-cgt-arm_20.2.7.LTS\lib\</path>
         <kind>archive</kind>
         <file>rtsv7M4_T_le_v4SPD16_eabi.lib</file>
         <name>s_copysign.c.obj</name>
      </input_file>
      <input_file id="fl-10b">
         <path>C:\ti\ccs1271\ccs\tools\compiler\ti-cgt-arm_20.2.7.LTS\lib\</path>
         <kind>archive</kind>
         <file>rtsv7M4_T_le_v4SPD16_eabi.lib</file>
         <name>fclose.c.obj</name>
      </input_file>
      <input_file id="fl-10c">
         <path>C:\ti\ccs1271\ccs\tools\compiler\ti-cgt-arm_20.2.7.LTS\lib\</path>
         <kind>archive</kind>
         <file>rtsv7M4_T_le_v4SPD16_eabi.lib</file>
         <name>getdevice.c.obj</name>
      </input_file>
      <input_file id="fl-10d">
         <path>C:\ti\ccs1271\ccs\tools\compiler\ti-cgt-arm_20.2.7.LTS\lib\</path>
         <kind>archive</kind>
         <file>rtsv7M4_T_le_v4SPD16_eabi.lib</file>
         <name>strncpy.c.obj</name>
      </input_file>
      <input_file id="fl-10e">
         <path>C:\ti\ccs1271\ccs\tools\compiler\ti-cgt-arm_20.2.7.LTS\lib\</path>
         <kind>archive</kind>
         <file>rtsv7M4_T_le_v4SPD16_eabi.lib</file>
         <name>remove.c.obj</name>
      </input_file>
      <input_file id="fl-10f">
         <path>C:\ti\ccs1271\ccs\tools\compiler\ti-cgt-arm_20.2.7.LTS\lib\</path>
         <kind>archive</kind>
         <file>rtsv7M4_T_le_v4SPD16_eabi.lib</file>
         <name>close.c.obj</name>
      </input_file>
      <input_file id="fl-110">
         <path>C:\ti\ccs1271\ccs\tools\compiler\ti-cgt-arm_20.2.7.LTS\lib\</path>
         <kind>archive</kind>
         <file>rtsv7M4_T_le_v4SPD16_eabi.lib</file>
         <name>unlink.c.obj</name>
      </input_file>
      <input_file id="fl-111">
         <path>C:\ti\TivaWare_C_Series-2.2.0.295\driverlib\ccs\Debug\</path>
         <kind>archive</kind>
         <file>driverlib.lib</file>
         <name>interrupt.obj</name>
      </input_file>
      <input_file id="fl-112">
         <path>C:\ti\TivaWare_C_Series-2.2.0.295\driverlib\ccs\Debug\</path>
         <kind>archive</kind>
         <file>driverlib.lib</file>
         <name>cpu.obj</name>
      </input_file>
   </input_file_list>
   <object_component_list>
      <object_component id="oc-12">
         <name>.intvecs</name>
         <load_address>0x0</load_address>
         <run_address>0x0</run_address>
         <size>0x26c</size>
         <input_file_ref idref="fl-6"/>
      </object_component>
      <object_component id="oc-d7">
         <name>.text</name>
         <load_address>0x26c</load_address>
         <run_address>0x26c</run_address>
         <size>0xc20</size>
         <input_file_ref idref="fl-5"/>
      </object_component>
      <object_component id="oc-206">
         <name>.text:__TI_printfi</name>
         <load_address>0xe8c</load_address>
         <run_address>0xe8c</run_address>
         <size>0xa4e</size>
         <input_file_ref idref="fl-ca"/>
      </object_component>
      <object_component id="oc-355">
         <name>.text:_nop</name>
         <load_address>0x18da</load_address>
         <run_address>0x18da</run_address>
         <size>0x2</size>
         <input_file_ref idref="fl-e1"/>
      </object_component>
      <object_component id="oc-226">
         <name>.text:__kernel_rem_pio2</name>
         <load_address>0x18dc</load_address>
         <run_address>0x18dc</run_address>
         <size>0x738</size>
         <input_file_ref idref="fl-ed"/>
      </object_component>
      <object_component id="oc-129">
         <name>.text:sin</name>
         <load_address>0x2014</load_address>
         <run_address>0x2014</run_address>
         <size>0x5e0</size>
         <input_file_ref idref="fl-c8"/>
      </object_component>
      <object_component id="oc-a2">
         <name>.text</name>
         <load_address>0x25f4</load_address>
         <run_address>0x25f4</run_address>
         <size>0x388</size>
         <input_file_ref idref="fl-4"/>
      </object_component>
      <object_component id="oc-e9">
         <name>.text</name>
         <load_address>0x297c</load_address>
         <run_address>0x297c</run_address>
         <size>0x328</size>
         <input_file_ref idref="fl-3"/>
      </object_component>
      <object_component id="oc-309">
         <name>.text:_pconv_a</name>
         <load_address>0x2ca4</load_address>
         <run_address>0x2ca4</run_address>
         <size>0x270</size>
         <input_file_ref idref="fl-ca"/>
      </object_component>
      <object_component id="oc-ef">
         <name>.text</name>
         <load_address>0x2f14</load_address>
         <run_address>0x2f14</run_address>
         <size>0x260</size>
         <input_file_ref idref="fl-e"/>
      </object_component>
      <object_component id="oc-e3">
         <name>.text</name>
         <load_address>0x3174</load_address>
         <run_address>0x3174</run_address>
         <size>0x248</size>
         <input_file_ref idref="fl-2"/>
      </object_component>
      <object_component id="oc-1ed">
         <name>.text</name>
         <load_address>0x33bc</load_address>
         <run_address>0x33bc</run_address>
         <size>0x1ec</size>
         <input_file_ref idref="fl-10"/>
      </object_component>
      <object_component id="oc-2f7">
         <name>.text:_pconv_g</name>
         <load_address>0x35a8</load_address>
         <run_address>0x35a8</run_address>
         <size>0x1d0</size>
         <input_file_ref idref="fl-ca"/>
      </object_component>
      <object_component id="oc-ff">
         <name>.text</name>
         <load_address>0x3778</load_address>
         <run_address>0x3778</run_address>
         <size>0x1b6</size>
         <input_file_ref idref="fl-d1"/>
      </object_component>
      <object_component id="oc-460">
         <name>.text</name>
         <load_address>0x392e</load_address>
         <run_address>0x392e</run_address>
         <size>0x2</size>
         <input_file_ref idref="fl-fb"/>
      </object_component>
      <object_component id="oc-220">
         <name>.text:__kernel_sin</name>
         <load_address>0x3930</load_address>
         <run_address>0x3930</run_address>
         <size>0x174</size>
         <input_file_ref idref="fl-f4"/>
      </object_component>
      <object_component id="oc-22c">
         <name>.text:__kernel_cos</name>
         <load_address>0x3aa4</load_address>
         <run_address>0x3aa4</run_address>
         <size>0x170</size>
         <input_file_ref idref="fl-f3"/>
      </object_component>
      <object_component id="oc-dd">
         <name>.text</name>
         <load_address>0x3c14</load_address>
         <run_address>0x3c14</run_address>
         <size>0x15c</size>
         <input_file_ref idref="fl-12"/>
      </object_component>
      <object_component id="oc-1e7">
         <name>.text</name>
         <load_address>0x3d70</load_address>
         <run_address>0x3d70</run_address>
         <size>0x158</size>
         <input_file_ref idref="fl-11"/>
      </object_component>
      <object_component id="oc-303">
         <name>.text:_pconv_e</name>
         <load_address>0x3ec8</load_address>
         <run_address>0x3ec8</run_address>
         <size>0x13c</size>
         <input_file_ref idref="fl-ca"/>
      </object_component>
      <object_component id="oc-fa">
         <name>.text</name>
         <load_address>0x4004</load_address>
         <run_address>0x4004</run_address>
         <size>0x136</size>
         <input_file_ref idref="fl-d3"/>
      </object_component>
      <object_component id="oc-3d9">
         <name>.text:fcvt</name>
         <load_address>0x413c</load_address>
         <run_address>0x413c</run_address>
         <size>0x124</size>
         <input_file_ref idref="fl-ca"/>
      </object_component>
      <object_component id="oc-1f3">
         <name>.text</name>
         <load_address>0x4260</load_address>
         <run_address>0x4260</run_address>
         <size>0x118</size>
         <input_file_ref idref="fl-f"/>
      </object_component>
      <object_component id="oc-363">
         <name>.text:fputs</name>
         <load_address>0x4378</load_address>
         <run_address>0x4378</run_address>
         <size>0x114</size>
         <input_file_ref idref="fl-ce"/>
      </object_component>
      <object_component id="oc-335">
         <name>.text:scalbn</name>
         <load_address>0x448c</load_address>
         <run_address>0x448c</run_address>
         <size>0x110</size>
         <input_file_ref idref="fl-f7"/>
      </object_component>
      <object_component id="oc-38f">
         <name>.text:aligned_alloc</name>
         <load_address>0x459c</load_address>
         <run_address>0x459c</run_address>
         <size>0x100</size>
         <input_file_ref idref="fl-e8"/>
      </object_component>
      <object_component id="oc-12f">
         <name>.text</name>
         <load_address>0x469c</load_address>
         <run_address>0x469c</run_address>
         <size>0xfc</size>
         <input_file_ref idref="fl-d4"/>
      </object_component>
      <object_component id="oc-33b">
         <name>.text:floor</name>
         <load_address>0x4798</load_address>
         <run_address>0x4798</run_address>
         <size>0xf8</size>
         <input_file_ref idref="fl-f5"/>
      </object_component>
      <object_component id="oc-196">
         <name>.text:free</name>
         <load_address>0x4890</load_address>
         <run_address>0x4890</run_address>
         <size>0xe4</size>
         <input_file_ref idref="fl-e8"/>
      </object_component>
      <object_component id="oc-48d">
         <name>.text:setvbuf</name>
         <load_address>0x4974</load_address>
         <run_address>0x4974</run_address>
         <size>0xdc</size>
         <input_file_ref idref="fl-d0"/>
      </object_component>
      <object_component id="oc-2f1">
         <name>.text:_ltostr</name>
         <load_address>0x4a50</load_address>
         <run_address>0x4a50</run_address>
         <size>0xb1</size>
         <input_file_ref idref="fl-ca"/>
      </object_component>
      <object_component id="oc-3e">
         <name>.text</name>
         <load_address>0x4b02</load_address>
         <run_address>0x4b02</run_address>
         <size>0x9c</size>
         <input_file_ref idref="fl-d9"/>
      </object_component>
      <object_component id="oc-3c0">
         <name>.text</name>
         <load_address>0x4b9e</load_address>
         <run_address>0x4b9e</run_address>
         <size>0x96</size>
         <input_file_ref idref="fl-dc"/>
      </object_component>
      <object_component id="oc-36a">
         <name>.text:fputc</name>
         <load_address>0x4c34</load_address>
         <run_address>0x4c34</run_address>
         <size>0x8c</size>
         <input_file_ref idref="fl-cd"/>
      </object_component>
      <object_component id="oc-115">
         <name>.text:__aeabi_cdcmple</name>
         <load_address>0x4cc0</load_address>
         <run_address>0x4cc0</run_address>
         <size>0x86</size>
         <input_file_ref idref="fl-d2"/>
      </object_component>
      <object_component id="oc-11a">
         <name>.text:__aeabi_cdrcmple</name>
         <load_address>0x4d46</load_address>
         <run_address>0x4d46</run_address>
         <size>0x86</size>
         <input_file_ref idref="fl-d2"/>
      </object_component>
      <object_component id="oc-96">
         <name>.text</name>
         <load_address>0x4dcc</load_address>
         <run_address>0x4dcc</run_address>
         <size>0x7a</size>
         <input_file_ref idref="fl-db"/>
      </object_component>
      <object_component id="oc-4dd">
         <name>.text:__TI_closefile</name>
         <load_address>0x4e48</load_address>
         <run_address>0x4e48</run_address>
         <size>0x74</size>
         <input_file_ref idref="fl-10b"/>
      </object_component>
      <object_component id="oc-452">
         <name>.text:split</name>
         <load_address>0x4ebc</load_address>
         <run_address>0x4ebc</run_address>
         <size>0x70</size>
         <input_file_ref idref="fl-e8"/>
      </object_component>
      <object_component id="oc-3d2">
         <name>.text:_mcpy</name>
         <load_address>0x4f2c</load_address>
         <run_address>0x4f2c</run_address>
         <size>0x6e</size>
         <input_file_ref idref="fl-ca"/>
      </object_component>
      <object_component id="oc-104">
         <name>.text</name>
         <load_address>0x4f9a</load_address>
         <run_address>0x4f9a</run_address>
         <size>0x6e</size>
         <input_file_ref idref="fl-d6"/>
      </object_component>
      <object_component id="oc-50d">
         <name>.text:HOSTrename</name>
         <load_address>0x5008</load_address>
         <run_address>0x5008</run_address>
         <size>0x6c</size>
         <input_file_ref idref="fl-104"/>
      </object_component>
      <object_component id="oc-501">
         <name>.text:HOSTlseek</name>
         <load_address>0x5074</load_address>
         <run_address>0x5074</run_address>
         <size>0x68</size>
         <input_file_ref idref="fl-101"/>
      </object_component>
      <object_component id="oc-15">
         <name>.text:decompress:lzss:__TI_decompress_lzss</name>
         <load_address>0x50dc</load_address>
         <run_address>0x50dc</run_address>
         <size>0x68</size>
         <input_file_ref idref="fl-df"/>
      </object_component>
      <object_component id="oc-139">
         <name>.text:printf</name>
         <load_address>0x5144</load_address>
         <run_address>0x5144</run_address>
         <size>0x68</size>
         <input_file_ref idref="fl-c9"/>
      </object_component>
      <object_component id="oc-3e7">
         <name>.text:frexp</name>
         <load_address>0x51ac</load_address>
         <run_address>0x51ac</run_address>
         <size>0x64</size>
         <input_file_ref idref="fl-f6"/>
      </object_component>
      <object_component id="oc-487">
         <name>.text:fseek</name>
         <load_address>0x5210</load_address>
         <run_address>0x5210</run_address>
         <size>0x64</size>
         <input_file_ref idref="fl-fa"/>
      </object_component>
      <object_component id="oc-42a">
         <name>.text:__TI_wrt_ok</name>
         <load_address>0x5274</load_address>
         <run_address>0x5274</run_address>
         <size>0x62</size>
         <input_file_ref idref="fl-cf"/>
      </object_component>
      <object_component id="oc-4e9">
         <name>.text:HOSTopen</name>
         <load_address>0x52d8</load_address>
         <run_address>0x52d8</run_address>
         <size>0x60</size>
         <input_file_ref idref="fl-102"/>
      </object_component>
      <object_component id="oc-519">
         <name>.text:close</name>
         <load_address>0x5338</load_address>
         <run_address>0x5338</run_address>
         <size>0x5c</size>
         <input_file_ref idref="fl-10f"/>
      </object_component>
      <object_component id="oc-4f5">
         <name>.text:HOSTread</name>
         <load_address>0x5394</load_address>
         <run_address>0x5394</run_address>
         <size>0x58</size>
         <input_file_ref idref="fl-103"/>
      </object_component>
      <object_component id="oc-4fb">
         <name>.text:HOSTwrite</name>
         <load_address>0x53ec</load_address>
         <run_address>0x53ec</run_address>
         <size>0x58</size>
         <input_file_ref idref="fl-106"/>
      </object_component>
      <object_component id="oc-2fd">
         <name>.text:_pconv_f</name>
         <load_address>0x5444</load_address>
         <run_address>0x5444</run_address>
         <size>0x56</size>
         <input_file_ref idref="fl-ca"/>
      </object_component>
      <object_component id="oc-3c6">
         <name>.text:__TI_ltoa</name>
         <load_address>0x549a</load_address>
         <run_address>0x549a</run_address>
         <size>0x54</size>
         <input_file_ref idref="fl-e2"/>
      </object_component>
      <object_component id="oc-3cc">
         <name>.text:_ecpy</name>
         <load_address>0x54ee</load_address>
         <run_address>0x54ee</run_address>
         <size>0x52</size>
         <input_file_ref idref="fl-ca"/>
      </object_component>
      <object_component id="oc-436">
         <name>.text:__TI_doflush</name>
         <load_address>0x5540</load_address>
         <run_address>0x5540</run_address>
         <size>0x4c</size>
         <input_file_ref idref="fl-f8"/>
      </object_component>
      <object_component id="oc-2eb">
         <name>.text:atoi</name>
         <load_address>0x558c</load_address>
         <run_address>0x558c</run_address>
         <size>0x4c</size>
         <input_file_ref idref="fl-e3"/>
      </object_component>
      <object_component id="oc-156">
         <name>.text:exit</name>
         <load_address>0x55d8</load_address>
         <run_address>0x55d8</run_address>
         <size>0x48</size>
         <input_file_ref idref="fl-e0"/>
      </object_component>
      <object_component id="oc-134">
         <name>.text</name>
         <load_address>0x5620</load_address>
         <run_address>0x5620</run_address>
         <size>0x48</size>
         <input_file_ref idref="fl-d5"/>
      </object_component>
      <object_component id="oc-4ef">
         <name>.text:HOSTclose</name>
         <load_address>0x5668</load_address>
         <run_address>0x5668</run_address>
         <size>0x44</size>
         <input_file_ref idref="fl-100"/>
      </object_component>
      <object_component id="oc-507">
         <name>.text:HOSTunlink</name>
         <load_address>0x56ac</load_address>
         <run_address>0x56ac</run_address>
         <size>0x44</size>
         <input_file_ref idref="fl-105"/>
      </object_component>
      <object_component id="oc-15c">
         <name>.text:__TI_auto_init_nobinit_nopinit:__TI_auto_init_nobinit_nopinit</name>
         <load_address>0x56f0</load_address>
         <run_address>0x56f0</run_address>
         <size>0x44</size>
         <input_file_ref idref="fl-fc"/>
      </object_component>
      <object_component id="oc-548">
         <name>.text:getdevice</name>
         <load_address>0x5734</load_address>
         <run_address>0x5734</run_address>
         <size>0x44</size>
         <input_file_ref idref="fl-10c"/>
      </object_component>
      <object_component id="oc-109">
         <name>.text:sprintf</name>
         <load_address>0x5778</load_address>
         <run_address>0x5778</run_address>
         <size>0x40</size>
         <input_file_ref idref="fl-cb"/>
      </object_component>
      <object_component id="oc-1d1">
         <name>.text:vsnprintf</name>
         <load_address>0x57b8</load_address>
         <run_address>0x57b8</run_address>
         <size>0x40</size>
         <input_file_ref idref="fl-cc"/>
      </object_component>
      <object_component id="oc-3df">
         <name>.text:_fcpy</name>
         <load_address>0x57f8</load_address>
         <run_address>0x57f8</run_address>
         <size>0x3e</size>
         <input_file_ref idref="fl-ca"/>
      </object_component>
      <object_component id="oc-52a">
         <name>.text:__TI_writemsg</name>
         <load_address>0x5838</load_address>
         <run_address>0x5838</run_address>
         <size>0x38</size>
         <input_file_ref idref="fl-107"/>
      </object_component>
      <object_component id="oc-190">
         <name>.text:calloc</name>
         <load_address>0x5870</load_address>
         <run_address>0x5870</run_address>
         <size>0x38</size>
         <input_file_ref idref="fl-e8"/>
      </object_component>
      <object_component id="oc-f5">
         <name>.text</name>
         <load_address>0x58a8</load_address>
         <run_address>0x58a8</run_address>
         <size>0x38</size>
         <input_file_ref idref="fl-d7"/>
      </object_component>
      <object_component id="oc-568">
         <name>.text:strncpy</name>
         <load_address>0x58e0</load_address>
         <run_address>0x58e0</run_address>
         <size>0x36</size>
         <input_file_ref idref="fl-10d"/>
      </object_component>
      <object_component id="oc-1a9">
         <name>.text:IntRegister</name>
         <load_address>0x5918</load_address>
         <run_address>0x5918</run_address>
         <size>0x34</size>
         <input_file_ref idref="fl-111"/>
      </object_component>
      <object_component id="oc-4b4">
         <name>.text:__TI_cleanup</name>
         <load_address>0x594c</load_address>
         <run_address>0x594c</run_address>
         <size>0x34</size>
         <input_file_ref idref="fl-f9"/>
      </object_component>
      <object_component id="oc-530">
         <name>.text:__TI_readmsg</name>
         <load_address>0x5980</load_address>
         <run_address>0x5980</run_address>
         <size>0x34</size>
         <input_file_ref idref="fl-107"/>
      </object_component>
      <object_component id="oc-5c">
         <name>.text:_c_int00_noargs:_c_int00_noargs</name>
         <load_address>0x59b4</load_address>
         <run_address>0x59b4</run_address>
         <size>0x34</size>
         <input_file_ref idref="fl-ee"/>
      </object_component>
      <object_component id="oc-2c1">
         <name>.text:_outs</name>
         <load_address>0x59e8</load_address>
         <run_address>0x59e8</run_address>
         <size>0x30</size>
         <input_file_ref idref="fl-cc"/>
      </object_component>
      <object_component id="oc-56e">
         <name>.text:finddevice</name>
         <load_address>0x5a18</load_address>
         <run_address>0x5a18</run_address>
         <size>0x30</size>
         <input_file_ref idref="fl-10c"/>
      </object_component>
      <object_component id="oc-124">
         <name>.text</name>
         <load_address>0x5a48</load_address>
         <run_address>0x5a48</run_address>
         <size>0x2e</size>
         <input_file_ref idref="fl-d8"/>
      </object_component>
      <object_component id="oc-51f">
         <name>.text:unlink</name>
         <load_address>0x5a78</load_address>
         <run_address>0x5a78</run_address>
         <size>0x2c</size>
         <input_file_ref idref="fl-110"/>
      </object_component>
      <object_component id="oc-291">
         <name>.text:free_list_insert</name>
         <load_address>0x5aa4</load_address>
         <run_address>0x5aa4</run_address>
         <size>0x28</size>
         <input_file_ref idref="fl-e8"/>
      </object_component>
      <object_component id="oc-4ac">
         <name>.text:lseek</name>
         <load_address>0x5acc</load_address>
         <run_address>0x5acc</run_address>
         <size>0x28</size>
         <input_file_ref idref="fl-109"/>
      </object_component>
      <object_component id="oc-43c">
         <name>.text:write</name>
         <load_address>0x5af4</load_address>
         <run_address>0x5af4</run_address>
         <size>0x28</size>
         <input_file_ref idref="fl-ef"/>
      </object_component>
      <object_component id="oc-430">
         <name>.text:memchr</name>
         <load_address>0x5b1c</load_address>
         <run_address>0x5b1c</run_address>
         <size>0x20</size>
         <input_file_ref idref="fl-e7"/>
      </object_component>
      <object_component id="oc-11f">
         <name>.text</name>
         <load_address>0x5b3c</load_address>
         <run_address>0x5b3c</run_address>
         <size>0x20</size>
         <input_file_ref idref="fl-da"/>
      </object_component>
      <object_component id="oc-28b">
         <name>.text:free_list_remove</name>
         <load_address>0x5b5c</load_address>
         <run_address>0x5b5c</run_address>
         <size>0x1c</size>
         <input_file_ref idref="fl-e8"/>
      </object_component>
      <object_component id="oc-30f">
         <name>.text:memccpy</name>
         <load_address>0x5b78</load_address>
         <run_address>0x5b78</run_address>
         <size>0x1c</size>
         <input_file_ref idref="fl-e6"/>
      </object_component>
      <object_component id="oc-410">
         <name>.text:copysign</name>
         <load_address>0x5b94</load_address>
         <run_address>0x5b94</run_address>
         <size>0x1a</size>
         <input_file_ref idref="fl-10a"/>
      </object_component>
      <object_component id="oc-2c7">
         <name>.text:_outc</name>
         <load_address>0x5bae</load_address>
         <run_address>0x5bae</run_address>
         <size>0x18</size>
         <input_file_ref idref="fl-cc"/>
      </object_component>
      <object_component id="oc-20c">
         <name>.text:_outs</name>
         <load_address>0x5bc6</load_address>
         <run_address>0x5bc6</run_address>
         <size>0x18</size>
         <input_file_ref idref="fl-cb"/>
      </object_component>
      <object_component id="oc-19c">
         <name>.text:oi_parseInt</name>
         <load_address>0x5bde</load_address>
         <run_address>0x5bde</run_address>
         <size>0x18</size>
         <input_file_ref idref="fl-5"/>
      </object_component>
      <object_component id="oc-1a3">
         <name>.text:strcmp</name>
         <load_address>0x5bf6</load_address>
         <run_address>0x5bf6</run_address>
         <size>0x18</size>
         <input_file_ref idref="fl-ea"/>
      </object_component>
      <object_component id="oc-3ed">
         <name>.text:strchr</name>
         <load_address>0x5c0e</load_address>
         <run_address>0x5c0e</run_address>
         <size>0x16</size>
         <input_file_ref idref="fl-e9"/>
      </object_component>
      <object_component id="oc-1d7">
         <name>.text:strcpy</name>
         <load_address>0x5c24</load_address>
         <run_address>0x5c24</run_address>
         <size>0x14</size>
         <input_file_ref idref="fl-eb"/>
      </object_component>
      <object_component id="oc-10f">
         <name>.text:strlen</name>
         <load_address>0x5c38</load_address>
         <run_address>0x5c38</run_address>
         <size>0x14</size>
         <input_file_ref idref="fl-ec"/>
      </object_component>
      <object_component id="oc-315">
         <name>.text:wcslen</name>
         <load_address>0x5c4c</load_address>
         <run_address>0x5c4c</run_address>
         <size>0x12</size>
         <input_file_ref idref="fl-f2"/>
      </object_component>
      <object_component id="oc-1af">
         <name>.text:IntMasterEnable</name>
         <load_address>0x5c5e</load_address>
         <run_address>0x5c5e</run_address>
         <size>0x10</size>
         <input_file_ref idref="fl-111"/>
      </object_component>
      <object_component id="oc-1ca">
         <name>.text:lcd_clear</name>
         <load_address>0x5c6e</load_address>
         <run_address>0x5c6e</run_address>
         <size>0x10</size>
         <input_file_ref idref="fl-3"/>
      </object_component>
      <object_component id="oc-1b">
         <name>.text:decompress:none:__TI_decompress_none</name>
         <load_address>0x5c7e</load_address>
         <run_address>0x5c7e</run_address>
         <size>0xe</size>
         <input_file_ref idref="fl-de"/>
      </object_component>
      <object_component id="oc-2a4">
         <name>.text:CPUcpsie</name>
         <load_address>0x5c8c</load_address>
         <run_address>0x5c8c</run_address>
         <size>0xc</size>
         <input_file_ref idref="fl-112"/>
      </object_component>
      <object_component id="oc-50">
         <name>.text:decompress:ZI:__TI_zero_init</name>
         <load_address>0x5c98</load_address>
         <run_address>0x5c98</run_address>
         <size>0xc</size>
         <input_file_ref idref="fl-dd"/>
      </object_component>
      <object_component id="oc-2a">
         <name>.text</name>
         <load_address>0x5ca4</load_address>
         <run_address>0x5ca4</run_address>
         <size>0xc</size>
         <input_file_ref idref="fl-6"/>
      </object_component>
      <object_component id="oc-212">
         <name>.text:_outc</name>
         <load_address>0x5cb0</load_address>
         <run_address>0x5cb0</run_address>
         <size>0xa</size>
         <input_file_ref idref="fl-cb"/>
      </object_component>
      <object_component id="oc-31b">
         <name>.text:__aeabi_errno_addr</name>
         <load_address>0x5cbc</load_address>
         <run_address>0x5cbc</run_address>
         <size>0x8</size>
         <input_file_ref idref="fl-f1"/>
      </object_component>
      <object_component id="oc-284">
         <name>.text:malloc</name>
         <load_address>0x5cc4</load_address>
         <run_address>0x5cc4</run_address>
         <size>0x8</size>
         <input_file_ref idref="fl-e8"/>
      </object_component>
      <object_component id="oc-247">
         <name>.text:_outc</name>
         <load_address>0x5ccc</load_address>
         <run_address>0x5ccc</run_address>
         <size>0x4</size>
         <input_file_ref idref="fl-c9"/>
      </object_component>
      <object_component id="oc-241">
         <name>.text:_outs</name>
         <load_address>0x5cd0</load_address>
         <run_address>0x5cd0</run_address>
         <size>0x4</size>
         <input_file_ref idref="fl-c9"/>
      </object_component>
      <object_component id="oc-9c">
         <name>.text:_system_pre_init</name>
         <load_address>0x5cd4</load_address>
         <run_address>0x5cd4</run_address>
         <size>0x4</size>
         <input_file_ref idref="fl-fd"/>
      </object_component>
      <object_component id="oc-150">
         <name>.text:abort:abort</name>
         <load_address>0x5cd8</load_address>
         <run_address>0x5cd8</run_address>
         <size>0x4</size>
         <input_file_ref idref="fl-e0"/>
      </object_component>
      <object_component id="oc-341">
         <name>.const:$O1$$</name>
         <load_address>0x5ce0</load_address>
         <run_address>0x5ce0</run_address>
         <size>0x158</size>
         <input_file_ref idref="fl-ed"/>
      </object_component>
      <object_component id="oc-3bb">
         <name>.const:.string:_ctypes_</name>
         <load_address>0x5e38</load_address>
         <run_address>0x5e38</run_address>
         <size>0x101</size>
         <input_file_ref idref="fl-e4"/>
      </object_component>
      <object_component id="oc-1b8">
         <name>.const:.string:$P$T0$3</name>
         <load_address>0x5f39</load_address>
         <run_address>0x5f39</run_address>
         <size>0xf</size>
         <input_file_ref idref="fl-5"/>
      </object_component>
      <object_component id="oc-1dd">
         <name>.const:.string:lineAddress$1</name>
         <load_address>0x5f48</load_address>
         <run_address>0x5f48</run_address>
         <size>0x4</size>
         <input_file_ref idref="fl-3"/>
      </object_component>
      <object_component id="oc-1de">
         <name>.const:.string:lineAddresses$2</name>
         <load_address>0x5f4c</load_address>
         <run_address>0x5f4c</run_address>
         <size>0x4</size>
         <input_file_ref idref="fl-3"/>
      </object_component>
      <object_component id="oc-5b4">
         <name>.cinit..data.load</name>
         <load_address>0x5f50</load_address>
         <run_address>0x5f50</run_address>
         <size>0x71</size>
      </object_component>
      <object_component id="oc-5b1">
         <name>__TI_handler_table</name>
         <load_address>0x5fc4</load_address>
         <run_address>0x5fc4</run_address>
         <size>0xc</size>
      </object_component>
      <object_component id="oc-5b5">
         <name>.cinit..bss.load</name>
         <load_address>0x5fd0</load_address>
         <run_address>0x5fd0</run_address>
         <size>0x8</size>
      </object_component>
      <object_component id="oc-5b3">
         <name>.cinit..vtable.load</name>
         <load_address>0x5fd8</load_address>
         <run_address>0x5fd8</run_address>
         <size>0x8</size>
      </object_component>
      <object_component id="oc-5b2">
         <name>__TI_cinit_table</name>
         <load_address>0x5fe0</load_address>
         <run_address>0x5fe0</run_address>
         <size>0x18</size>
      </object_component>
      <object_component id="oc-29a">
         <name>.vtable</name>
         <uninitialized>true</uninitialized>
         <run_address>0x20000000</run_address>
         <size>0x26c</size>
         <input_file_ref idref="fl-111"/>
      </object_component>
      <object_component id="oc-1c5">
         <name>.data</name>
         <load_address>0x20001308</load_address>
         <run_address>0x20001308</run_address>
         <size>0x1</size>
         <input_file_ref idref="fl-2"/>
      </object_component>
      <object_component id="oc-1b5">
         <name>.data</name>
         <load_address>0x200012b0</load_address>
         <run_address>0x200012b0</run_address>
         <size>0x20</size>
         <input_file_ref idref="fl-5"/>
      </object_component>
      <object_component id="oc-1f9">
         <name>.data</name>
         <load_address>0x200012fc</load_address>
         <run_address>0x200012fc</run_address>
         <size>0x4</size>
         <input_file_ref idref="fl-e"/>
      </object_component>
      <object_component id="oc-1c1">
         <name>.data</name>
         <load_address>0x20001300</load_address>
         <run_address>0x20001300</run_address>
         <size>0x4</size>
         <input_file_ref idref="fl-12"/>
      </object_component>
      <object_component id="oc-268">
         <name>.data:$O1$$</name>
         <load_address>0x200012e0</load_address>
         <run_address>0x200012e0</run_address>
         <size>0xc</size>
         <input_file_ref idref="fl-e0"/>
      </object_component>
      <object_component id="oc-23b">
         <name>.data:$O1$$</name>
         <load_address>0x200012ec</load_address>
         <run_address>0x200012ec</run_address>
         <size>0x8</size>
         <input_file_ref idref="fl-e1"/>
      </object_component>
      <object_component id="oc-23e">
         <name>.data:_ftable</name>
         <load_address>0x200010f8</load_address>
         <run_address>0x200010f8</run_address>
         <size>0xf0</size>
         <input_file_ref idref="fl-e5"/>
      </object_component>
      <object_component id="oc-4e3">
         <name>.data</name>
         <load_address>0x200012d0</load_address>
         <run_address>0x200012d0</run_address>
         <size>0x10</size>
         <input_file_ref idref="fl-e5"/>
      </object_component>
      <object_component id="oc-396">
         <name>.data:$O1$$</name>
         <load_address>0x200012f4</load_address>
         <run_address>0x200012f4</run_address>
         <size>0x8</size>
         <input_file_ref idref="fl-e8"/>
      </object_component>
      <object_component id="oc-4c7">
         <name>.data:_device</name>
         <load_address>0x200011e8</load_address>
         <run_address>0x200011e8</run_address>
         <size>0x78</size>
         <input_file_ref idref="fl-f0"/>
      </object_component>
      <object_component id="oc-499">
         <name>.data:_stream</name>
         <load_address>0x20001260</load_address>
         <run_address>0x20001260</run_address>
         <size>0x50</size>
         <input_file_ref idref="fl-f0"/>
      </object_component>
      <object_component id="oc-3fd">
         <name>.data</name>
         <load_address>0x20001304</load_address>
         <run_address>0x20001304</run_address>
         <size>0x4</size>
         <input_file_ref idref="fl-f1"/>
      </object_component>
      <object_component id="oc-1df">
         <name>.bss:lastbuffer$3</name>
         <uninitialized>true</uninitialized>
         <run_address>0x20001030</run_address>
         <size>0x54</size>
         <input_file_ref idref="fl-3"/>
      </object_component>
      <object_component id="oc-1bb">
         <name>.bss:firmware$2</name>
         <uninitialized>true</uninitialized>
         <run_address>0x200010b8</run_address>
         <size>0x18</size>
         <input_file_ref idref="fl-5"/>
      </object_component>
      <object_component id="oc-552">
         <name>.bss:_CIOBUF_</name>
         <uninitialized>true</uninitialized>
         <run_address>0x20000e70</run_address>
         <size>0x120</size>
         <input_file_ref idref="fl-107"/>
      </object_component>
      <object_component id="oc-1c8">
         <name>.common:_timeout_ticks</name>
         <uninitialized>true</uninitialized>
         <run_address>0x200010d8</run_address>
         <size>0x4</size>
      </object_component>
      <object_component id="oc-13f">
         <name>.common:right_calibration_value</name>
         <uninitialized>true</uninitialized>
         <run_address>0x200010ec</run_address>
         <size>0x4</size>
      </object_component>
      <object_component id="oc-144">
         <name>.common:left_calibration_value</name>
         <uninitialized>true</uninitialized>
         <run_address>0x200010e4</run_address>
         <size>0x4</size>
      </object_component>
      <object_component id="oc-2e5">
         <name>.common:isr_int_value</name>
         <uninitialized>true</uninitialized>
         <run_address>0x200010e0</run_address>
         <size>0x4</size>
      </object_component>
      <object_component id="oc-2e1">
         <name>.common:risingEdge</name>
         <uninitialized>true</uninitialized>
         <run_address>0x200010f0</run_address>
         <size>0x4</size>
      </object_component>
      <object_component id="oc-2e2">
         <name>.common:fallingEdge</name>
         <uninitialized>true</uninitialized>
         <run_address>0x200010dc</run_address>
         <size>0x4</size>
      </object_component>
      <object_component id="oc-2e3">
         <name>.common:pulseLength</name>
         <uninitialized>true</uninitialized>
         <run_address>0x200010e8</run_address>
         <size>0x4</size>
      </object_component>
      <object_component id="oc-2de">
         <name>.common:isRisingEdge</name>
         <uninitialized>true</uninitialized>
         <run_address>0x200010f4</run_address>
         <size>0x1</size>
      </object_component>
      <object_component id="oc-1be">
         <name>.common:isr_char_buffer</name>
         <uninitialized>true</uninitialized>
         <run_address>0x20001084</run_address>
         <size>0x34</size>
      </object_component>
      <object_component id="oc-525">
         <name>.common:__TI_tmpnams</name>
         <uninitialized>true</uninitialized>
         <run_address>0x20000f90</run_address>
         <size>0xa0</size>
      </object_component>
      <object_component id="oc-536">
         <name>.common:parmbuf</name>
         <uninitialized>true</uninitialized>
         <run_address>0x200010d0</run_address>
         <size>0x8</size>
      </object_component>
      <object_component id="oc-24">
         <name>.sysmem</name>
         <uninitialized>true</uninitialized>
         <run_address>0x20000a70</run_address>
         <size>0x10</size>
         <input_file_ref idref="fl-e8"/>
      </object_component>
      <object_component id="oc-5b8">
         <name>.sysmem</name>
         <uninitialized>true</uninitialized>
         <run_address>0x20000a70</run_address>
         <size>0x0</size>
      </object_component>
      <object_component id="oc-27">
         <name>.stack</name>
         <uninitialized>true</uninitialized>
         <run_address>0x20000270</run_address>
         <size>0x4</size>
         <input_file_ref idref="fl-ee"/>
      </object_component>
      <object_component id="oc-5b7">
         <name>.stack</name>
         <uninitialized>true</uninitialized>
         <run_address>0x20000270</run_address>
         <size>0x0</size>
      </object_component>
      <object_component id="oc-c5">
         <name>.debug_info</name>
         <load_address>0x0</load_address>
         <run_address>0x0</run_address>
         <size>0x2ad</size>
         <input_file_ref idref="fl-2"/>
      </object_component>
      <object_component id="oc-1c6">
         <name>.debug_info</name>
         <load_address>0x2ad</load_address>
         <run_address>0x2ad</run_address>
         <size>0xbb</size>
         <input_file_ref idref="fl-2"/>
      </object_component>
      <object_component id="oc-e7">
         <name>.debug_info</name>
         <load_address>0x368</load_address>
         <run_address>0x368</run_address>
         <size>0x503</size>
         <input_file_ref idref="fl-2"/>
      </object_component>
      <object_component id="oc-77">
         <name>.debug_info</name>
         <load_address>0x86b</load_address>
         <run_address>0x86b</run_address>
         <size>0x26b</size>
         <input_file_ref idref="fl-2"/>
      </object_component>
      <object_component id="oc-39">
         <name>.debug_info</name>
         <load_address>0xad6</load_address>
         <run_address>0xad6</run_address>
         <size>0x84</size>
         <input_file_ref idref="fl-2"/>
      </object_component>
      <object_component id="oc-c0">
         <name>.debug_info</name>
         <load_address>0xb5a</load_address>
         <run_address>0xb5a</run_address>
         <size>0x2a4</size>
         <input_file_ref idref="fl-2"/>
      </object_component>
      <object_component id="oc-7c">
         <name>.debug_info</name>
         <load_address>0xdfe</load_address>
         <run_address>0xdfe</run_address>
         <size>0xbb</size>
         <input_file_ref idref="fl-2"/>
      </object_component>
      <object_component id="oc-1e1">
         <name>.debug_info</name>
         <load_address>0xeb9</load_address>
         <run_address>0xeb9</run_address>
         <size>0x37b</size>
         <input_file_ref idref="fl-3"/>
      </object_component>
      <object_component id="oc-1cc">
         <name>.debug_info</name>
         <load_address>0x1234</load_address>
         <run_address>0x1234</run_address>
         <size>0x110</size>
         <input_file_ref idref="fl-3"/>
      </object_component>
      <object_component id="oc-ea">
         <name>.debug_info</name>
         <load_address>0x1344</load_address>
         <run_address>0x1344</run_address>
         <size>0x89c</size>
         <input_file_ref idref="fl-3"/>
      </object_component>
      <object_component id="oc-260">
         <name>.debug_info</name>
         <load_address>0x1be0</load_address>
         <run_address>0x1be0</run_address>
         <size>0xcc</size>
         <input_file_ref idref="fl-3"/>
      </object_component>
      <object_component id="oc-1e2">
         <name>.debug_info</name>
         <load_address>0x1cac</load_address>
         <run_address>0x1cac</run_address>
         <size>0x2c</size>
         <input_file_ref idref="fl-3"/>
      </object_component>
      <object_component id="oc-256">
         <name>.debug_info</name>
         <load_address>0x1cd8</load_address>
         <run_address>0x1cd8</run_address>
         <size>0x35</size>
         <input_file_ref idref="fl-3"/>
      </object_component>
      <object_component id="oc-140">
         <name>.debug_info</name>
         <load_address>0x1d0d</load_address>
         <run_address>0x1d0d</run_address>
         <size>0x51e</size>
         <input_file_ref idref="fl-4"/>
      </object_component>
      <object_component id="oc-a3">
         <name>.debug_info</name>
         <load_address>0x222b</load_address>
         <run_address>0x222b</run_address>
         <size>0x500</size>
         <input_file_ref idref="fl-4"/>
      </object_component>
      <object_component id="oc-251">
         <name>.debug_info</name>
         <load_address>0x272b</load_address>
         <run_address>0x272b</run_address>
         <size>0x5aa</size>
         <input_file_ref idref="fl-4"/>
      </object_component>
      <object_component id="oc-146">
         <name>.debug_info</name>
         <load_address>0x2cd5</load_address>
         <run_address>0x2cd5</run_address>
         <size>0x9d</size>
         <input_file_ref idref="fl-4"/>
      </object_component>
      <object_component id="oc-14b">
         <name>.debug_info</name>
         <load_address>0x2d72</load_address>
         <run_address>0x2d72</run_address>
         <size>0x8b</size>
         <input_file_ref idref="fl-4"/>
      </object_component>
      <object_component id="oc-25b">
         <name>.debug_info</name>
         <load_address>0x2dfd</load_address>
         <run_address>0x2dfd</run_address>
         <size>0x7d</size>
         <input_file_ref idref="fl-4"/>
      </object_component>
      <object_component id="oc-1bd">
         <name>.debug_info</name>
         <load_address>0x2e7a</load_address>
         <run_address>0x2e7a</run_address>
         <size>0x3f8</size>
         <input_file_ref idref="fl-5"/>
      </object_component>
      <object_component id="oc-1b6">
         <name>.debug_info</name>
         <load_address>0x3272</load_address>
         <run_address>0x3272</run_address>
         <size>0x10d</size>
         <input_file_ref idref="fl-5"/>
      </object_component>
      <object_component id="oc-1b9">
         <name>.debug_info</name>
         <load_address>0x337f</load_address>
         <run_address>0x337f</run_address>
         <size>0xc2</size>
         <input_file_ref idref="fl-5"/>
      </object_component>
      <object_component id="oc-19e">
         <name>.debug_info</name>
         <load_address>0x3441</load_address>
         <run_address>0x3441</run_address>
         <size>0x13a</size>
         <input_file_ref idref="fl-5"/>
      </object_component>
      <object_component id="oc-d9">
         <name>.debug_info</name>
         <load_address>0x357b</load_address>
         <run_address>0x357b</run_address>
         <size>0x1984</size>
         <input_file_ref idref="fl-5"/>
      </object_component>
      <object_component id="oc-32">
         <name>.debug_info</name>
         <load_address>0x4eff</load_address>
         <run_address>0x4eff</run_address>
         <size>0x297</size>
         <input_file_ref idref="fl-6"/>
      </object_component>
      <object_component id="oc-13">
         <name>.debug_info</name>
         <load_address>0x5196</load_address>
         <run_address>0x5196</run_address>
         <size>0xd6</size>
         <input_file_ref idref="fl-6"/>
      </object_component>
      <object_component id="oc-2d">
         <name>.debug_info</name>
         <load_address>0x526c</load_address>
         <run_address>0x526c</run_address>
         <size>0x252</size>
         <input_file_ref idref="fl-6"/>
      </object_component>
      <object_component id="oc-142">
         <name>.debug_info</name>
         <load_address>0x54be</load_address>
         <run_address>0x54be</run_address>
         <size>0x485</size>
         <input_file_ref idref="fl-e"/>
      </object_component>
      <object_component id="oc-1fa">
         <name>.debug_info</name>
         <load_address>0x5943</load_address>
         <run_address>0x5943</run_address>
         <size>0x114</size>
         <input_file_ref idref="fl-e"/>
      </object_component>
      <object_component id="oc-f1">
         <name>.debug_info</name>
         <load_address>0x5a57</load_address>
         <run_address>0x5a57</run_address>
         <size>0x4ce</size>
         <input_file_ref idref="fl-e"/>
      </object_component>
      <object_component id="oc-1fd">
         <name>.debug_info</name>
         <load_address>0x5f25</load_address>
         <run_address>0x5f25</run_address>
         <size>0x9d</size>
         <input_file_ref idref="fl-e"/>
      </object_component>
      <object_component id="oc-2e6">
         <name>.debug_info</name>
         <load_address>0x5fc2</load_address>
         <run_address>0x5fc2</run_address>
         <size>0x2b7</size>
         <input_file_ref idref="fl-f"/>
      </object_component>
      <object_component id="oc-1f7">
         <name>.debug_info</name>
         <load_address>0x6279</load_address>
         <run_address>0x6279</run_address>
         <size>0x266</size>
         <input_file_ref idref="fl-f"/>
      </object_component>
      <object_component id="oc-2df">
         <name>.debug_info</name>
         <load_address>0x64df</load_address>
         <run_address>0x64df</run_address>
         <size>0x3ba</size>
         <input_file_ref idref="fl-10"/>
      </object_component>
      <object_component id="oc-1ef">
         <name>.debug_info</name>
         <load_address>0x6899</load_address>
         <run_address>0x6899</run_address>
         <size>0x270</size>
         <input_file_ref idref="fl-10"/>
      </object_component>
      <object_component id="oc-1ea">
         <name>.debug_info</name>
         <load_address>0x6b09</load_address>
         <run_address>0x6b09</run_address>
         <size>0x296</size>
         <input_file_ref idref="fl-11"/>
      </object_component>
      <object_component id="oc-1bf">
         <name>.debug_info</name>
         <load_address>0x6d9f</load_address>
         <run_address>0x6d9f</run_address>
         <size>0x326</size>
         <input_file_ref idref="fl-12"/>
      </object_component>
      <object_component id="oc-1c2">
         <name>.debug_info</name>
         <load_address>0x70c5</load_address>
         <run_address>0x70c5</run_address>
         <size>0xee</size>
         <input_file_ref idref="fl-12"/>
      </object_component>
      <object_component id="oc-e1">
         <name>.debug_info</name>
         <load_address>0x71b3</load_address>
         <run_address>0x71b3</run_address>
         <size>0x43b</size>
         <input_file_ref idref="fl-12"/>
      </object_component>
      <object_component id="oc-2b8">
         <name>.debug_info</name>
         <load_address>0x75ee</load_address>
         <run_address>0x75ee</run_address>
         <size>0x26b</size>
         <input_file_ref idref="fl-12"/>
      </object_component>
      <object_component id="oc-3ac">
         <name>.debug_info</name>
         <load_address>0x7859</load_address>
         <run_address>0x7859</run_address>
         <size>0x297</size>
         <input_file_ref idref="fl-12"/>
      </object_component>
      <object_component id="oc-2b3">
         <name>.debug_info</name>
         <load_address>0x7af0</load_address>
         <run_address>0x7af0</run_address>
         <size>0xbb</size>
         <input_file_ref idref="fl-12"/>
      </object_component>
      <object_component id="oc-233">
         <name>.debug_info</name>
         <load_address>0x7bab</load_address>
         <run_address>0x7bab</run_address>
         <size>0x361</size>
         <input_file_ref idref="fl-c8"/>
      </object_component>
      <object_component id="oc-12b">
         <name>.debug_info</name>
         <load_address>0x7f0c</load_address>
         <run_address>0x7f0c</run_address>
         <size>0x7ae</size>
         <input_file_ref idref="fl-c8"/>
      </object_component>
      <object_component id="oc-350">
         <name>.debug_info</name>
         <load_address>0x86ba</load_address>
         <run_address>0x86ba</run_address>
         <size>0x46</size>
         <input_file_ref idref="fl-c8"/>
      </object_component>
      <object_component id="oc-234">
         <name>.debug_info</name>
         <load_address>0x8700</load_address>
         <run_address>0x8700</run_address>
         <size>0x39</size>
         <input_file_ref idref="fl-c8"/>
      </object_component>
      <object_component id="oc-24e">
         <name>.debug_info</name>
         <load_address>0x8739</load_address>
         <run_address>0x8739</run_address>
         <size>0x3e5</size>
         <input_file_ref idref="fl-c9"/>
      </object_component>
      <object_component id="oc-248">
         <name>.debug_info</name>
         <load_address>0x8b1e</load_address>
         <run_address>0x8b1e</run_address>
         <size>0x157</size>
         <input_file_ref idref="fl-c9"/>
      </object_component>
      <object_component id="oc-244">
         <name>.debug_info</name>
         <load_address>0x8c75</load_address>
         <run_address>0x8c75</run_address>
         <size>0x166</size>
         <input_file_ref idref="fl-c9"/>
      </object_component>
      <object_component id="oc-13d">
         <name>.debug_info</name>
         <load_address>0x8ddb</load_address>
         <run_address>0x8ddb</run_address>
         <size>0x1ac</size>
         <input_file_ref idref="fl-c9"/>
      </object_component>
      <object_component id="oc-373">
         <name>.debug_info</name>
         <load_address>0x8f87</load_address>
         <run_address>0x8f87</run_address>
         <size>0xb2</size>
         <input_file_ref idref="fl-c9"/>
      </object_component>
      <object_component id="oc-322">
         <name>.debug_info</name>
         <load_address>0x9039</load_address>
         <run_address>0x9039</run_address>
         <size>0x590</size>
         <input_file_ref idref="fl-ca"/>
      </object_component>
      <object_component id="oc-2f3">
         <name>.debug_info</name>
         <load_address>0x95c9</load_address>
         <run_address>0x95c9</run_address>
         <size>0x21e</size>
         <input_file_ref idref="fl-ca"/>
      </object_component>
      <object_component id="oc-3ce">
         <name>.debug_info</name>
         <load_address>0x97e7</load_address>
         <run_address>0x97e7</run_address>
         <size>0x1b3</size>
         <input_file_ref idref="fl-ca"/>
      </object_component>
      <object_component id="oc-3d5">
         <name>.debug_info</name>
         <load_address>0x999a</load_address>
         <run_address>0x999a</run_address>
         <size>0x21b</size>
         <input_file_ref idref="fl-ca"/>
      </object_component>
      <object_component id="oc-2fa">
         <name>.debug_info</name>
         <load_address>0x9bb5</load_address>
         <run_address>0x9bb5</run_address>
         <size>0x3c0</size>
         <input_file_ref idref="fl-ca"/>
      </object_component>
      <object_component id="oc-3dc">
         <name>.debug_info</name>
         <load_address>0x9f75</load_address>
         <run_address>0x9f75</run_address>
         <size>0x30a</size>
         <input_file_ref idref="fl-ca"/>
      </object_component>
      <object_component id="oc-3e2">
         <name>.debug_info</name>
         <load_address>0xa27f</load_address>
         <run_address>0xa27f</run_address>
         <size>0x215</size>
         <input_file_ref idref="fl-ca"/>
      </object_component>
      <object_component id="oc-300">
         <name>.debug_info</name>
         <load_address>0xa494</load_address>
         <run_address>0xa494</run_address>
         <size>0x215</size>
         <input_file_ref idref="fl-ca"/>
      </object_component>
      <object_component id="oc-305">
         <name>.debug_info</name>
         <load_address>0xa6a9</load_address>
         <run_address>0xa6a9</run_address>
         <size>0x304</size>
         <input_file_ref idref="fl-ca"/>
      </object_component>
      <object_component id="oc-30b">
         <name>.debug_info</name>
         <load_address>0xa9ad</load_address>
         <run_address>0xa9ad</run_address>
         <size>0x4b5</size>
         <input_file_ref idref="fl-ca"/>
      </object_component>
      <object_component id="oc-208">
         <name>.debug_info</name>
         <load_address>0xae62</load_address>
         <run_address>0xae62</run_address>
         <size>0x5f4</size>
         <input_file_ref idref="fl-ca"/>
      </object_component>
      <object_component id="oc-323">
         <name>.debug_info</name>
         <load_address>0xb456</load_address>
         <run_address>0xb456</run_address>
         <size>0x86</size>
         <input_file_ref idref="fl-ca"/>
      </object_component>
      <object_component id="oc-404">
         <name>.debug_info</name>
         <load_address>0xb4dc</load_address>
         <run_address>0xb4dc</run_address>
         <size>0x39</size>
         <input_file_ref idref="fl-ca"/>
      </object_component>
      <object_component id="oc-47d">
         <name>.debug_info</name>
         <load_address>0xb515</load_address>
         <run_address>0xb515</run_address>
         <size>0xb6</size>
         <input_file_ref idref="fl-ca"/>
      </object_component>
      <object_component id="oc-409">
         <name>.debug_info</name>
         <load_address>0xb5cb</load_address>
         <run_address>0xb5cb</run_address>
         <size>0x46</size>
         <input_file_ref idref="fl-ca"/>
      </object_component>
      <object_component id="oc-328">
         <name>.debug_info</name>
         <load_address>0xb611</load_address>
         <run_address>0xb611</run_address>
         <size>0x46</size>
         <input_file_ref idref="fl-ca"/>
      </object_component>
      <object_component id="oc-2cf">
         <name>.debug_info</name>
         <load_address>0xb657</load_address>
         <run_address>0xb657</run_address>
         <size>0x2c</size>
         <input_file_ref idref="fl-ca"/>
      </object_component>
      <object_component id="oc-219">
         <name>.debug_info</name>
         <load_address>0xb683</load_address>
         <run_address>0xb683</run_address>
         <size>0x333</size>
         <input_file_ref idref="fl-cb"/>
      </object_component>
      <object_component id="oc-10a">
         <name>.debug_info</name>
         <load_address>0xb9b6</load_address>
         <run_address>0xb9b6</run_address>
         <size>0x1d1</size>
         <input_file_ref idref="fl-cb"/>
      </object_component>
      <object_component id="oc-20d">
         <name>.debug_info</name>
         <load_address>0xbb87</load_address>
         <run_address>0xbb87</run_address>
         <size>0x18d</size>
         <input_file_ref idref="fl-cb"/>
      </object_component>
      <object_component id="oc-213">
         <name>.debug_info</name>
         <load_address>0xbd14</load_address>
         <run_address>0xbd14</run_address>
         <size>0x16d</size>
         <input_file_ref idref="fl-cb"/>
      </object_component>
      <object_component id="oc-2ce">
         <name>.debug_info</name>
         <load_address>0xbe81</load_address>
         <run_address>0xbe81</run_address>
         <size>0x340</size>
         <input_file_ref idref="fl-cc"/>
      </object_component>
      <object_component id="oc-1d3">
         <name>.debug_info</name>
         <load_address>0xc1c1</load_address>
         <run_address>0xc1c1</run_address>
         <size>0x208</size>
         <input_file_ref idref="fl-cc"/>
      </object_component>
      <object_component id="oc-2c4">
         <name>.debug_info</name>
         <load_address>0xc3c9</load_address>
         <run_address>0xc3c9</run_address>
         <size>0x1c6</size>
         <input_file_ref idref="fl-cc"/>
      </object_component>
      <object_component id="oc-2c9">
         <name>.debug_info</name>
         <load_address>0xc58f</load_address>
         <run_address>0xc58f</run_address>
         <size>0x179</size>
         <input_file_ref idref="fl-cc"/>
      </object_component>
      <object_component id="oc-2d4">
         <name>.debug_info</name>
         <load_address>0xc708</load_address>
         <run_address>0xc708</run_address>
         <size>0x69</size>
         <input_file_ref idref="fl-cc"/>
      </object_component>
      <object_component id="oc-445">
         <name>.debug_info</name>
         <load_address>0xc771</load_address>
         <run_address>0xc771</run_address>
         <size>0x383</size>
         <input_file_ref idref="fl-cd"/>
      </object_component>
      <object_component id="oc-36b">
         <name>.debug_info</name>
         <load_address>0xcaf4</load_address>
         <run_address>0xcaf4</run_address>
         <size>0x1ea</size>
         <input_file_ref idref="fl-cd"/>
      </object_component>
      <object_component id="oc-443">
         <name>.debug_info</name>
         <load_address>0xccde</load_address>
         <run_address>0xccde</run_address>
         <size>0x3fc</size>
         <input_file_ref idref="fl-ce"/>
      </object_component>
      <object_component id="oc-365">
         <name>.debug_info</name>
         <load_address>0xd0da</load_address>
         <run_address>0xd0da</run_address>
         <size>0x2e2</size>
         <input_file_ref idref="fl-ce"/>
      </object_component>
      <object_component id="oc-ce">
         <name>.debug_info</name>
         <load_address>0xd3bc</load_address>
         <run_address>0xd3bc</run_address>
         <size>0x2c</size>
         <input_file_ref idref="fl-ce"/>
      </object_component>
      <object_component id="oc-494">
         <name>.debug_info</name>
         <load_address>0xd3e8</load_address>
         <run_address>0xd3e8</run_address>
         <size>0x300</size>
         <input_file_ref idref="fl-cf"/>
      </object_component>
      <object_component id="oc-42b">
         <name>.debug_info</name>
         <load_address>0xd6e8</load_address>
         <run_address>0xd6e8</run_address>
         <size>0x19c</size>
         <input_file_ref idref="fl-cf"/>
      </object_component>
      <object_component id="oc-4bc">
         <name>.debug_info</name>
         <load_address>0xd884</load_address>
         <run_address>0xd884</run_address>
         <size>0xbf</size>
         <input_file_ref idref="fl-cf"/>
      </object_component>
[...]
         <value>0x3c15</value>
         <object_component_ref idref="oc-dd"/>
      </symbol>
      <symbol id="sm-31f">
         <name>cyBot_uart_sendStr</name>
         <value>0x3c21</value>
         <object_component_ref idref="oc-dd"/>
      </symbol>
      <symbol id="sm-320">
         <name>isr_counter</name>
         <value>0x20001300</value>
         <object_component_ref idref="oc-1c1"/>
      </symbol>
      <symbol id="sm-321">
         <name>cyBot_uart_sendBuffer</name>
         <value>0x3c3b</value>
         <object_component_ref idref="oc-dd"/>
      </symbol>
      <symbol id="sm-322">
         <name>cyBot_uart_flush</name>
         <value>0x3ce5</value>
         <object_component_ref idref="oc-dd"/>
      </symbol>
      <symbol id="sm-323">
         <name>cyBot_UART1_Handler</name>
         <value>0x3d1d</value>
         <object_component_ref idref="oc-dd"/>
      </symbol>
      <symbol id="sm-324">
         <name>cyBot_uart_init</name>
         <value>0x3c53</value>
         <object_component_ref idref="oc-dd"/>
      </symbol>
      <symbol id="sm-37e">
         <name>sin</name>
         <value>0x2015</value>
         <object_component_ref idref="oc-129"/>
      </symbol>
      <symbol id="sm-37f">
         <name>sinl</name>
         <value>0x2015</value>
         <object_component_ref idref="oc-129"/>
      </symbol>
      <symbol id="sm-3ab">
         <name>printf</name>
         <value>0x5145</value>
         <object_component_ref idref="oc-139"/>
      </symbol>
      <symbol id="sm-515">
         <name>__TI_printfi</name>
         <value>0xe8d</value>
         <object_component_ref idref="oc-206"/>
      </symbol>
      <symbol id="sm-537">
         <name>sprintf</name>
         <value>0x5779</value>
         <object_component_ref idref="oc-109"/>
      </symbol>
      <symbol id="sm-561">
         <name>vsnprintf</name>
         <value>0x57b9</value>
         <object_component_ref idref="oc-1d1"/>
      </symbol>
      <symbol id="sm-576">
         <name>putc</name>
         <value>0x4c35</value>
         <object_component_ref idref="oc-36a"/>
      </symbol>
      <symbol id="sm-577">
         <name>fputc</name>
         <value>0x4c35</value>
         <object_component_ref idref="oc-36a"/>
      </symbol>
      <symbol id="sm-59a">
         <name>fputs</name>
         <value>0x4379</value>
         <object_component_ref idref="oc-363"/>
      </symbol>
      <symbol id="sm-5b2">
         <name>__TI_wrt_ok</name>
         <value>0x5275</value>
         <object_component_ref idref="oc-42a"/>
      </symbol>
      <symbol id="sm-5ce">
         <name>setvbuf</name>
         <value>0x4975</value>
         <object_component_ref idref="oc-48d"/>
      </symbol>
      <symbol id="sm-5e5">
         <name>__aeabi_dsub</name>
         <value>0x3779</value>
         <object_component_ref idref="oc-ff"/>
      </symbol>
      <symbol id="sm-5e6">
         <name>__aeabi_dadd</name>
         <value>0x3783</value>
         <object_component_ref idref="oc-ff"/>
      </symbol>
      <symbol id="sm-608">
         <name>__aeabi_cdcmpeq</name>
         <value>0x4cc1</value>
         <object_component_ref idref="oc-115"/>
      </symbol>
      <symbol id="sm-609">
         <name>__aeabi_cdcmple</name>
         <value>0x4cc1</value>
         <object_component_ref idref="oc-115"/>
      </symbol>
      <symbol id="sm-60a">
         <name>__aeabi_cdrcmple</name>
         <value>0x4d47</value>
         <object_component_ref idref="oc-11a"/>
      </symbol>
      <symbol id="sm-61e">
         <name>__aeabi_ddiv</name>
         <value>0x4005</value>
         <object_component_ref idref="oc-fa"/>
      </symbol>
      <symbol id="sm-629">
         <name>__aeabi_dmul</name>
         <value>0x469d</value>
         <object_component_ref idref="oc-12f"/>
      </symbol>
      <symbol id="sm-633">
         <name>__aeabi_d2iz</name>
         <value>0x5621</value>
         <object_component_ref idref="oc-134"/>
      </symbol>
      <symbol id="sm-63f">
         <name>__aeabi_d2f</name>
         <value>0x4f9b</value>
         <object_component_ref idref="oc-104"/>
      </symbol>
      <symbol id="sm-64a">
         <name>__aeabi_f2d</name>
         <value>0x58a9</value>
         <object_component_ref idref="oc-f5"/>
      </symbol>
      <symbol id="sm-654">
         <name>__aeabi_i2d</name>
         <value>0x5a49</value>
         <object_component_ref idref="oc-124"/>
      </symbol>
      <symbol id="sm-66f">
         <name>memcpy</name>
         <value>0x4b03</value>
         <object_component_ref idref="oc-3e"/>
      </symbol>
      <symbol id="sm-670">
         <name>__aeabi_memcpy</name>
         <value>0x4b03</value>
         <object_component_ref idref="oc-3e"/>
      </symbol>
      <symbol id="sm-671">
         <name>__aeabi_memcpy8</name>
         <value>0x4b03</value>
         <object_component_ref idref="oc-3e"/>
      </symbol>
      <symbol id="sm-672">
         <name>__aeabi_memcpy4</name>
         <value>0x4b03</value>
         <object_component_ref idref="oc-3e"/>
      </symbol>
      <symbol id="sm-67c">
         <name>__aeabi_ui2d</name>
         <value>0x5b3d</value>
         <object_component_ref idref="oc-11f"/>
      </symbol>
      <symbol id="sm-68b">
         <name>__aeabi_memset</name>
         <value>0x4dcf</value>
         <object_component_ref idref="oc-96"/>
      </symbol>
      <symbol id="sm-68c">
         <name>memset</name>
         <value>0x4dd5</value>
         <object_component_ref idref="oc-96"/>
      </symbol>
      <symbol id="sm-68d">
         <name>__aeabi_memset8</name>
         <value>0x4dcf</value>
         <object_component_ref idref="oc-96"/>
      </symbol>
      <symbol id="sm-68e">
         <name>__aeabi_memset4</name>
         <value>0x4dcf</value>
         <object_component_ref idref="oc-96"/>
      </symbol>
      <symbol id="sm-68f">
         <name>__aeabi_memclr8</name>
         <value>0x4dcd</value>
         <object_component_ref idref="oc-96"/>
      </symbol>
      <symbol id="sm-690">
         <name>__aeabi_memclr4</name>
         <value>0x4dcd</value>
         <object_component_ref idref="oc-96"/>
      </symbol>
      <symbol id="sm-691">
         <name>__aeabi_memclr</name>
         <value>0x4dcd</value>
         <object_component_ref idref="oc-96"/>
      </symbol>
      <symbol id="sm-69e">
         <name>__aeabi_uldivmod</name>
         <value>0x4b9f</value>
         <object_component_ref idref="oc-3c0"/>
      </symbol>
      <symbol id="sm-6b0">
         <name>__TI_zero_init</name>
         <value>0x5c99</value>
         <object_component_ref idref="oc-50"/>
      </symbol>
      <symbol id="sm-6c7">
         <name>__TI_decompress_none</name>
         <value>0x5c7f</value>
         <object_component_ref idref="oc-1b"/>
      </symbol>
      <symbol id="sm-6ea">
         <name>__TI_decompress_lzss</name>
         <value>0x50dd</value>
         <object_component_ref idref="oc-15"/>
      </symbol>
      <symbol id="sm-710">
         <name>C$$EXIT</name>
         <value>0x5cd9</value>
         <object_component_ref idref="oc-150"/>
      </symbol>
      <symbol id="sm-711">
         <name>abort</name>
         <value>0x5cd9</value>
         <object_component_ref idref="oc-150"/>
      </symbol>
      <symbol id="sm-712">
         <name>__TI_dtors_ptr</name>
         <value>0x200012e4</value>
         <object_component_ref idref="oc-268"/>
      </symbol>
      <symbol id="sm-713">
         <name>__TI_cleanup_ptr</name>
         <value>0x200012e0</value>
         <object_component_ref idref="oc-268"/>
      </symbol>
      <symbol id="sm-714">
         <name>__TI_enable_exit_profile_output</name>
         <value>0x200012e8</value>
         <object_component_ref idref="oc-268"/>
      </symbol>
      <symbol id="sm-715">
         <name>exit</name>
         <value>0x55d9</value>
         <object_component_ref idref="oc-156"/>
      </symbol>
      <symbol id="sm-72a">
         <name>_nop</name>
         <value>0x18db</value>
         <object_component_ref idref="oc-355"/>
      </symbol>
      <symbol id="sm-72b">
         <name>_lock</name>
         <value>0x200012ec</value>
         <object_component_ref idref="oc-23b"/>
      </symbol>
      <symbol id="sm-72c">
         <name>_unlock</name>
         <value>0x200012f0</value>
         <object_component_ref idref="oc-23b"/>
      </symbol>
      <symbol id="sm-73b">
         <name>__TI_ltoa</name>
         <value>0x549b</value>
         <object_component_ref idref="oc-3c6"/>
      </symbol>
      <symbol id="sm-751">
         <name>atoi</name>
         <value>0x558d</value>
         <object_component_ref idref="oc-2eb"/>
      </symbol>
      <symbol id="sm-75c">
         <name>_ctypes_</name>
         <value>0x5e38</value>
         <object_component_ref idref="oc-3bb"/>
      </symbol>
      <symbol id="sm-771">
         <name>__TI_tmpnams</name>
         <value>0x20000f90</value>
      </symbol>
      <symbol id="sm-772">
         <name>__aeabi_stdout</name>
         <value>0x200012d8</value>
         <object_component_ref idref="oc-4e3"/>
      </symbol>
      <symbol id="sm-773">
         <name>__aeabi_stderr</name>
         <value>0x200012dc</value>
         <object_component_ref idref="oc-4e3"/>
      </symbol>
      <symbol id="sm-774">
         <name>__aeabi_stdin</name>
         <value>0x200012d4</value>
         <object_component_ref idref="oc-4e3"/>
      </symbol>
      <symbol id="sm-775">
         <name>_ftable</name>
         <value>0x200010f8</value>
         <object_component_ref idref="oc-23e"/>
      </symbol>
      <symbol id="sm-776">
         <name>__TI_ft_end</name>
         <value>0x200012d0</value>
         <object_component_ref idref="oc-4e3"/>
      </symbol>
      <symbol id="sm-786">
         <name>memccpy</name>
         <value>0x5b79</value>
         <object_component_ref idref="oc-30f"/>
      </symbol>
      <symbol id="sm-796">
         <name>memchr</name>
         <value>0x5b1d</value>
         <object_component_ref idref="oc-430"/>
      </symbol>
      <symbol id="sm-82b">
         <name>_sys_memory</name>
         <value>0x20000a70</value>
         <object_component_ref idref="oc-24"/>
      </symbol>
      <symbol id="sm-82c">
         <name>free</name>
         <value>0x4891</value>
         <object_component_ref idref="oc-196"/>
      </symbol>
      <symbol id="sm-82d">
         <name>memalign</name>
         <value>0x459d</value>
         <object_component_ref idref="oc-38f"/>
      </symbol>
      <symbol id="sm-82e">
         <name>calloc</name>
         <value>0x5871</value>
         <object_component_ref idref="oc-190"/>
      </symbol>
      <symbol id="sm-82f">
         <name>malloc</name>
         <value>0x5cc5</value>
         <object_component_ref idref="oc-284"/>
      </symbol>
      <symbol id="sm-830">
         <name>aligned_alloc</name>
         <value>0x459d</value>
         <object_component_ref idref="oc-38f"/>
      </symbol>
      <symbol id="sm-840">
         <name>strchr</name>
         <value>0x5c0f</value>
         <object_component_ref idref="oc-3ed"/>
      </symbol>
      <symbol id="sm-84f">
         <name>strcmp</name>
         <value>0x5bf7</value>
         <object_component_ref idref="oc-1a3"/>
      </symbol>
      <symbol id="sm-85d">
         <name>strcpy</name>
         <value>0x5c25</value>
         <object_component_ref idref="oc-1d7"/>
      </symbol>
      <symbol id="sm-86b">
         <name>strlen</name>
         <value>0x5c39</value>
         <object_component_ref idref="oc-10f"/>
      </symbol>
      <symbol id="sm-8db">
         <name>__kernel_rem_pio2</name>
         <value>0x18dd</value>
         <object_component_ref idref="oc-226"/>
      </symbol>
      <symbol id="sm-8ee">
         <name>__stack</name>
         <value>0x20000270</value>
         <object_component_ref idref="oc-27"/>
      </symbol>
      <symbol id="sm-8ef">
         <name>_c_int00_noargs</name>
         <value>0x59b5</value>
         <object_component_ref idref="oc-5c"/>
      </symbol>
      <symbol id="sm-909">
         <name>write</name>
         <value>0x5af5</value>
         <object_component_ref idref="oc-43c"/>
      </symbol>
      <symbol id="sm-91a">
         <name>_stream</name>
         <value>0x20001260</value>
         <object_component_ref idref="oc-499"/>
      </symbol>
      <symbol id="sm-91b">
         <name>_device</name>
         <value>0x200011e8</value>
         <object_component_ref idref="oc-4c7"/>
      </symbol>
      <symbol id="sm-931">
         <name>__aeabi_errno_addr</name>
         <value>0x5cbd</value>
         <object_component_ref idref="oc-31b"/>
      </symbol>
      <symbol id="sm-932">
         <name>errno</name>
         <value>0x20001304</value>
         <object_component_ref idref="oc-3fd"/>
      </symbol>
      <symbol id="sm-94b">
         <name>wcslen</name>
         <value>0x5c4d</value>
         <object_component_ref idref="oc-315"/>
      </symbol>
      <symbol id="sm-961">
         <name>__kernel_cos</name>
         <value>0x3aa5</value>
         <object_component_ref idref="oc-22c"/>
      </symbol>
      <symbol id="sm-978">
         <name>__kernel_sin</name>
         <value>0x3931</value>
         <object_component_ref idref="oc-220"/>
      </symbol>
      <symbol id="sm-995">
         <name>floorl</name>
         <value>0x4799</value>
         <object_component_ref idref="oc-33b"/>
      </symbol>
      <symbol id="sm-996">
         <name>floor</name>
         <value>0x4799</value>
         <object_component_ref idref="oc-33b"/>
      </symbol>
      <symbol id="sm-9ac">
         <name>frexpl</name>
         <value>0x51ad</value>
         <object_component_ref idref="oc-3e7"/>
      </symbol>
      <symbol id="sm-9ad">
         <name>frexp</name>
         <value>0x51ad</value>
         <object_component_ref idref="oc-3e7"/>
      </symbol>
      <symbol id="sm-9ca">
         <name>scalbn</name>
         <value>0x448d</value>
         <object_component_ref idref="oc-335"/>
      </symbol>
      <symbol id="sm-9cb">
         <name>scalbnl</name>
         <value>0x448d</value>
         <object_component_ref idref="oc-335"/>
      </symbol>
      <symbol id="sm-9cc">
         <name>ldexpl</name>
         <value>0x448d</value>
         <object_component_ref idref="oc-335"/>
      </symbol>
      <symbol id="sm-9cd">
         <name>ldexp</name>
         <value>0x448d</value>
         <object_component_ref idref="oc-335"/>
      </symbol>
      <symbol id="sm-9dd">
         <name>__TI_doflush</name>
         <value>0x5541</value>
         <object_component_ref idref="oc-436"/>
      </symbol>
      <symbol id="sm-9ed">
         <name>__TI_cleanup</name>
         <value>0x594d</value>
         <object_component_ref idref="oc-4b4"/>
      </symbol>
      <symbol id="sm-9ff">
         <name>fseek</name>
         <value>0x5211</value>
         <object_component_ref idref="oc-487"/>
      </symbol>
      <symbol id="sm-a09">
         <name>__aeabi_idiv0</name>
         <value>0x392f</value>
         <object_component_ref idref="oc-460"/>
      </symbol>
      <symbol id="sm-a0a">
         <name>__aeabi_ldiv0</name>
         <value>0x392f</value>
         <object_component_ref idref="oc-460"/>
      </symbol>
      <symbol id="sm-a32">
         <name>__TI_auto_init_nobinit_nopinit</name>
         <value>0x56f1</value>
         <object_component_ref idref="oc-15c"/>
      </symbol>
      <symbol id="sm-a3c">
         <name>_system_pre_init</name>
         <value>0x5cd5</value>
         <object_component_ref idref="oc-9c"/>
      </symbol>
      <symbol id="sm-a4f">
         <name>HOSTclose</name>
         <value>0x5669</value>
         <object_component_ref idref="oc-4ef"/>
      </symbol>
      <symbol id="sm-a60">
         <name>HOSTlseek</name>
         <value>0x5075</value>
         <object_component_ref idref="oc-501"/>
      </symbol>
      <symbol id="sm-a72">
         <name>parmbuf</name>
         <value>0x200010d0</value>
      </symbol>
      <symbol id="sm-a73">
         <name>HOSTopen</name>
         <value>0x52d9</value>
         <object_component_ref idref="oc-4e9"/>
      </symbol>
      <symbol id="sm-a84">
         <name>HOSTread</name>
         <value>0x5395</value>
         <object_component_ref idref="oc-4f5"/>
      </symbol>
      <symbol id="sm-a95">
         <name>HOSTrename</name>
         <value>0x5009</value>
         <object_component_ref idref="oc-50d"/>
      </symbol>
      <symbol id="sm-aa6">
         <name>HOSTunlink</name>
         <value>0x56ad</value>
         <object_component_ref idref="oc-507"/>
      </symbol>
      <symbol id="sm-ab7">
         <name>HOSTwrite</name>
         <value>0x53ed</value>
         <object_component_ref idref="oc-4fb"/>
      </symbol>
      <symbol id="sm-adb">
         <name>__TI_readmsg</name>
         <value>0x5981</value>
         <object_component_ref idref="oc-530"/>
      </symbol>
      <symbol id="sm-adc">
         <name>C$$IO$$</name>
         <value>0x5867</value>
         <object_component_ref idref="oc-52a"/>
      </symbol>
      <symbol id="sm-add">
         <name>__CIOBUF_</name>
         <value>0x20000e70</value>
         <object_component_ref idref="oc-552"/>
      </symbol>
      <symbol id="sm-ade">
         <name>__TI_writemsg</name>
         <value>0x5839</value>
         <object_component_ref idref="oc-52a"/>
      </symbol>
      <symbol id="sm-aef">
         <name>lseek</name>
         <value>0x5acd</value>
         <object_component_ref idref="oc-4ac"/>
      </symbol>
      <symbol id="sm-af9">
         <name>copysign</name>
         <value>0x5b95</value>
         <object_component_ref idref="oc-410"/>
      </symbol>
      <symbol id="sm-afa">
         <name>copysignl</name>
         <value>0x5b95</value>
         <object_component_ref idref="oc-410"/>
      </symbol>
      <symbol id="sm-b0f">
         <name>__TI_closefile</name>
         <value>0x4e49</value>
         <object_component_ref idref="oc-4dd"/>
      </symbol>
      <symbol id="sm-b32">
         <name>finddevice</name>
         <value>0x5a19</value>
         <object_component_ref idref="oc-56e"/>
      </symbol>
      <symbol id="sm-b33">
         <name>getdevice</name>
         <value>0x5735</value>
         <object_component_ref idref="oc-548"/>
      </symbol>
      <symbol id="sm-b43">
         <name>strncpy</name>
         <value>0x58e1</value>
         <object_component_ref idref="oc-568"/>
      </symbol>
      <symbol id="sm-b58">
         <name>close</name>
         <value>0x5339</value>
         <object_component_ref idref="oc-519"/>
      </symbol>
      <symbol id="sm-b68">
         <name>unlink</name>
         <value>0x5a79</value>
         <object_component_ref idref="oc-51f"/>
      </symbol>
      <symbol id="sm-b97">
         <name>IntRegister</name>
         <value>0x5919</value>
         <object_component_ref idref="oc-1a9"/>
      </symbol>
      <symbol id="sm-b98">
         <name>g_pfnRAMVectors</name>
         <value>0x20000000</value>
         <object_component_ref idref="oc-29a"/>
      </symbol>
      <symbol id="sm-b99">
         <name>IntMasterEnable</name>
         <value>0x5c5f</value>
         <object_component_ref idref="oc-1af"/>
      </symbol>
      <symbol id="sm-ba3">
         <name>CPUcpsie</name>
         <value>0x5c8d</value>
         <object_component_ref idref="oc-2a4"/>
      </symbol>
      <symbol id="sm-ba4">
         <name>__TI_static_base__</name>
         <value>0x0</value>
      </symbol>
      <symbol id="sm-ba7">
         <name>__mpu_init</name>
         <value>0x0</value>
      </symbol>
      <symbol id="sm-ba8">
         <name>_system_post_cinit</name>
         <value>0x0</value>
      </symbol>
      <symbol id="sm-ba9">
         <name>remove</name>
         <value>0x5a79</value>
      </symbol>
   </symbol_table>
   <title>Link successful</title>
</link_info>
